Component: ARM Compiler 5.06 update 1 (build 61) Tool: armlink [4d35a8]

==============================================================================

Section Cross References

    main.o(.text) refers to memseta.o(.text) for __aeabi_memclr4
    main.o(.text) refers to misc.o(.text) for NVIC_PriorityGroupConfig
    main.o(.text) refers to delay.o(.text) for delay_init
    main.o(.text) refers to led.o(.text) for LED_Init
    main.o(.text) refers to usart.o(.text) for USART3_Init
    main.o(.text) refers to esp8266.o(.text) for ESP8266_Init
    main.o(.text) refers to printfa.o(i.__0printf) for __2printf
    system_stm32f10x.o(.text) refers to system_stm32f10x.o(.data) for SystemCoreClock
    led.o(.text) refers to stm32f10x_rcc.o(.text) for RCC_APB2PeriphClockCmd
    led.o(.text) refers to stm32f10x_gpio.o(.text) for GPIO_Init
    timer.o(.text) refers to stm32f10x_rcc.o(.text) for RCC_APB1PeriphClockCmd
    timer.o(.text) refers to stm32f10x_tim.o(.text) for TIM_TimeBaseInit
    timer.o(.text) refers to misc.o(.text) for NVIC_Init
    timer.o(.text) refers to dma.o(.text) for MYDMA_Enable
    timer.o(.text) refers to esp8266.o(.data) for SendCursor
    timer.o(.text) refers to esp8266.o(.bss) for SendBuf
    dma.o(.text) refers to stm32f10x_rcc.o(.text) for RCC_AHBPeriphClockCmd
    dma.o(.text) refers to stm32f10x_dma.o(.text) for DMA_DeInit
    dma.o(.text) refers to dma.o(.bss) for DMA_InitStructure
    delay.o(.text) refers to misc.o(.text) for SysTick_CLKSourceConfig
    delay.o(.text) refers to system_stm32f10x.o(.data) for SystemCoreClock
    delay.o(.text) refers to delay.o(.data) for fac_us
    usart.o(.text) refers to stm32f10x_rcc.o(.text) for RCC_APB2PeriphClockCmd
    usart.o(.text) refers to stm32f10x_gpio.o(.text) for GPIO_Init
    usart.o(.text) refers to misc.o(.text) for NVIC_Init
    usart.o(.text) refers to stm32f10x_usart.o(.text) for USART_Init
    usart.o(.text) refers to usart.o(.data) for m_state
    usart.o(.text) refers to usart.o(.bss) for rdQueue
    startup_stm32f10x_hd.o(RESET) refers to startup_stm32f10x_hd.o(STACK) for __initial_sp
    startup_stm32f10x_hd.o(RESET) refers to startup_stm32f10x_hd.o(.text) for Reset_Handler
    startup_stm32f10x_hd.o(RESET) refers to stm32f10x_it.o(.text) for NMI_Handler
    startup_stm32f10x_hd.o(RESET) refers to timer.o(.text) for TIM3_IRQHandler
    startup_stm32f10x_hd.o(RESET) refers to usart.o(.text) for USART1_IRQHandler
    startup_stm32f10x_hd.o(.text) refers to system_stm32f10x.o(.text) for SystemInit
    startup_stm32f10x_hd.o(.text) refers to entry.o(.ARM.Collect$$$$00000000) for __main
    stm32f10x_gpio.o(.text) refers to stm32f10x_rcc.o(.text) for RCC_APB2PeriphResetCmd
    stm32f10x_rcc.o(.text) refers to stm32f10x_rcc.o(.data) for APBAHBPrescTable
    stm32f10x_usart.o(.text) refers to stm32f10x_rcc.o(.text) for RCC_APB2PeriphResetCmd
    stm32f10x_tim.o(.text) refers to stm32f10x_rcc.o(.text) for RCC_APB2PeriphResetCmd
    esp8266.o(.text) refers to cjson.o(.text) for cJSON_CreateObject
    esp8266.o(.text) refers to door_fortest.o(.text) for to_json
    esp8266.o(.text) refers to memseta.o(.text) for __aeabi_memclr
    esp8266.o(.text) refers to printfa.o(i.__0sprintf) for __2sprintf
    esp8266.o(.text) refers to printfa.o(i.__0printf) for __2printf
    esp8266.o(.text) refers to strlen.o(.text) for strlen
    esp8266.o(.text) refers to strcmp.o(.text) for strcmp
    esp8266.o(.text) refers to esp8266.o(.bss) for token
    esp8266.o(.text) refers to esp8266.o(.data) for SendCursor
    esp8266.o(.text) refers to usart.o(.bss) for rdQueue
    esp8266.o(.text) refers to dfltui.o(.text) for __aeabi_ui2d
    esp8266.o(.text) refers to mallocr.o(i.__free$realloc) for free
    esp8266.o(.text) refers to usart.o(.text) for USART1_Init
    esp8266.o(.text) refers to dma.o(.text) for MYDMA_Config
    esp8266.o(.text) refers to stm32f10x_usart.o(.text) for USART_DMACmd
    esp8266.o(.text) refers to timer.o(.text) for TIM3_Int_Init
    esp8266.o(.text) refers to strcat.o(.text) for strcat
    esp8266.o(.data) refers to esp8266.o(.conststring) for .conststring
    esp8266.o(.data) refers to esp8266.o(.text) for door_config_get
    cjson.o(.text) refers to scanf_fp.o(.text) for _scanf_real
    cjson.o(.text) refers to printfa.o(i.__0sprintf) for __2sprintf
    cjson.o(.text) refers to tolower.o(.text) for tolower
    cjson.o(.text) refers to strlen.o(.text) for strlen
    cjson.o(.text) refers to memcpya.o(.text) for __aeabi_memcpy
    cjson.o(.text) refers to memseta.o(.text) for __aeabi_memclr4
    cjson.o(.text) refers to strtod.o(i.strtod) for strtod
    cjson.o(.text) refers to cdrcmple.o(.text) for __aeabi_cdrcmple
    cjson.o(.text) refers to cdcmple.o(.text) for __aeabi_cdcmple
    cjson.o(.text) refers to dfixi.o(.text) for __aeabi_d2iz
    cjson.o(.text) refers to cjson.o(.data) for global_error
    cjson.o(.text) refers to cjson.o(.bss) for version
    cjson.o(.text) refers to mallocr.o(i.__malloc$realloc) for malloc
[...]
    _scanf.o(.text) refers (Weak) to scanf_fp.o(.text) for _scanf_real
    ctype_c.o(.text) refers to ctype_c.o(.constdata) for .constdata
    scanf_fp.o(i._is_digit) refers (Special) to iusefp.o(.text) for __I$use$fp


==============================================================================

Removing Unused input sections from the image.

    Removing core_cm3.o(.emb_text), (32 bytes).
    Removing cjson_utils.o(.text), (4086 bytes).
    Removing cjson_utils.o(.constdata), (40 bytes).
    Removing jansson_config.o(.text), (6 bytes).

4 unused section(s) (total 4164 bytes) removed from the image.

==============================================================================

Image Symbol Table

    Local Symbols

    Symbol Name                              Value     Ov Type        Size  Object(Section)

    ../clib/microlib/ctype/ctype.c           0x00000000   Number         0  isspace_c.o ABSOLUTE
    ../clib/microlib/ctype/ctype.c           0x00000000   Number         0  ctype_c.o ABSOLUTE
    ../clib/microlib/ctype/tolower.c         0x00000000   Number         0  tolower.o ABSOLUTE
    ../clib/microlib/division.c              0x00000000   Number         0  uidiv.o ABSOLUTE
    ../clib/microlib/division.c              0x00000000   Number         0  uldiv.o ABSOLUTE
    ../clib/microlib/init/entry.s            0x00000000   Number         0  entry11b.o ABSOLUTE
    ../clib/microlib/init/entry.s            0x00000000   Number         0  entry.o ABSOLUTE
    ../clib/microlib/init/entry.s            0x00000000   Number         0  entry2.o ABSOLUTE
    ../clib/microlib/init/entry.s            0x00000000   Number         0  entry5.o ABSOLUTE
    ../clib/microlib/init/entry.s            0x00000000   Number         0  entry7a.o ABSOLUTE
    ../clib/microlib/init/entry.s            0x00000000   Number         0  entry7b.o ABSOLUTE
    ../clib/microlib/init/entry.s            0x00000000   Number         0  entry8a.o ABSOLUTE
    ../clib/microlib/init/entry.s            0x00000000   Number         0  entry8b.o ABSOLUTE
    ../clib/microlib/init/entry.s            0x00000000   Number         0  entry9a.o ABSOLUTE
    ../clib/microlib/init/entry.s            0x00000000   Number         0  entry9b.o ABSOLUTE
    ../clib/microlib/init/entry.s            0x00000000   Number         0  entry10a.o ABSOLUTE
    ../clib/microlib/init/entry.s            0x00000000   Number         0  entry10b.o ABSOLUTE
    ../clib/microlib/init/entry.s            0x00000000   Number         0  entry11a.o ABSOLUTE
    ../clib/microlib/longlong.c              0x00000000   Number         0  llsshr.o ABSOLUTE
    ../clib/microlib/longlong.c              0x00000000   Number         0  llushr.o ABSOLUTE
    ../clib/microlib/longlong.c              0x00000000   Number         0  llshl.o ABSOLUTE
    ../clib/microlib/malloc/malloc.c         0x00000000   Number         0  malloca.o ABSOLUTE
    ../clib/microlib/malloc/malloc.c         0x00000000   Number         0  mallocr.o ABSOLUTE
    ../clib/microlib/malloc/malloc.c         0x00000000   Number         0  malloc.o ABSOLUTE
    ../clib/microlib/malloc/malloc.c         0x00000000   Number         0  mallocra.o ABSOLUTE
    ../clib/microlib/malloc/mvars.c          0x00000000   Number         0  mvars.o ABSOLUTE
    ../clib/microlib/printf/printf.c         0x00000000   Number         0  printf6.o ABSOLUTE
    ../clib/microlib/printf/printf.c         0x00000000   Number         0  printf1.o ABSOLUTE
    ../clib/microlib/printf/printf.c         0x00000000   Number         0  printf2.o ABSOLUTE
    ../clib/microlib/printf/printf.c         0x00000000   Number         0  printfb.o ABSOLUTE
    ../clib/microlib/printf/printf.c         0x00000000   Number         0  printf8.o ABSOLUTE
    ../clib/microlib/printf/printf.c         0x00000000   Number         0  printf0.o ABSOLUTE
    ../clib/microlib/printf/printf.c         0x00000000   Number         0  printfa.o ABSOLUTE
    ../clib/microlib/printf/printf.c         0x00000000   Number         0  printf7.o ABSOLUTE
    ../clib/microlib/printf/printf.c         0x00000000   Number         0  printf5.o ABSOLUTE
    ../clib/microlib/printf/printf.c         0x00000000   Number         0  printf4.o ABSOLUTE
    ../clib/microlib/printf/printf.c         0x00000000   Number         0  printf3.o ABSOLUTE
    ../clib/microlib/printf/stubs.s          0x00000000   Number         0  stubs.o ABSOLUTE
    ../clib/microlib/stdio/streams.c         0x00000000   Number         0  stdout.o ABSOLUTE
    ../clib/microlib/string/memcpy.c         0x00000000   Number         0  memcpya.o ABSOLUTE
    ../clib/microlib/string/memcpy.c         0x00000000   Number         0  memcpyb.o ABSOLUTE
    ../clib/microlib/string/memset.c         0x00000000   Number         0  memseta.o ABSOLUTE
    ../clib/microlib/string/strcat.c         0x00000000   Number         0  strcat.o ABSOLUTE
    ../clib/microlib/string/strcmp.c         0x00000000   Number         0  strcmp.o ABSOLUTE
    ../clib/microlib/string/strcpy.c         0x00000000   Number         0  strcpy.o ABSOLUTE
    ../clib/microlib/string/strlen.c         0x00000000   Number         0  strlen.o ABSOLUTE
    ../clib/microlib/string/strncmp.c        0x00000000   Number         0  strncmp.o ABSOLUTE
    ../clib/microlib/string/strrchr.c        0x00000000   Number         0  strrchr.o ABSOLUTE
    ../clib/microlib/stubs.s                 0x00000000   Number         0  iusefp.o ABSOLUTE
    ../clib/scanf.c                          0x00000000   Number         0  _sgetc.o ABSOLUTE
    ../clib/scanf.c                          0x00000000   Number         0  scanf_char.o ABSOLUTE
    ../clib/scanf.c                          0x00000000   Number         0  strtod.o ABSOLUTE
    ../clib/scanf.c                          0x00000000   Number         0  _scanf.o ABSOLUTE
    ../clib/scanf.c                          0x00000000   Number         0  scanf_fp.o ABSOLUTE
    ../clib/scanf.c                          0x00000000   Number         0  __0sscanf.o ABSOLUTE
    ../fplib/microlib/d2f.c                  0x00000000   Number         0  d2f.o ABSOLUTE
    ../fplib/microlib/f2d.c                  0x00000000   Number         0  f2d.o ABSOLUTE
    ../fplib/microlib/fpadd.c                0x00000000   Number         0  dadd.o ABSOLUTE
    ../fplib/microlib/fpdiv.c                0x00000000   Number         0  ddiv.o ABSOLUTE
    ../fplib/microlib/fpepilogue.c           0x00000000   Number         0  fepilogue.o ABSOLUTE
    ../fplib/microlib/fpepilogue.c           0x00000000   Number         0  depilogue.o ABSOLUTE
    ../fplib/microlib/fpfix.c                0x00000000   Number         0  dfixul.o ABSOLUTE
    ../fplib/microlib/fpfix.c                0x00000000   Number         0  dfixui.o ABSOLUTE
    ../fplib/microlib/fpfix.c                0x00000000   Number         0  dfixi.o ABSOLUTE
    ../fplib/microlib/fpflt.c                0x00000000   Number         0  dfltul.o ABSOLUTE
    ../fplib/microlib/fpflt.c                0x00000000   Number         0  dfltui.o ABSOLUTE
    ../fplib/microlib/fpflt.c                0x00000000   Number         0  dflti.o ABSOLUTE
    ../fplib/microlib/fpmul.c                0x00000000   Number         0  dmul.o ABSOLUTE
    ../mathlib/strtod.c                      0x00000000   Number         0  strtod.o ABSOLUTE
    ..\CORE\core_cm3.c                       0x00000000   Number         0  core_cm3.o ABSOLUTE
    ..\CORE\startup_stm32f10x_hd.s           0x00000000   Number         0  startup_stm32f10x_hd.o ABSOLUTE
    ..\HARDWARE\DMA\dma.c                    0x00000000   Number         0  dma.o ABSOLUTE
    ..\HARDWARE\LED\led.c                    0x00000000   Number         0  led.o ABSOLUTE
    ..\HARDWARE\TIMER\timer.c                0x00000000   Number         0  timer.o ABSOLUTE
    ..\PUBLIC\ESP8266\door_fortest.c         0x00000000   Number         0  door_fortest.o ABSOLUTE
    ..\PUBLIC\ESP8266\esp8266.c              0x00000000   Number         0  esp8266.o ABSOLUTE
    ..\PUBLIC\cjson\cJSON.c                  0x00000000   Number         0  cjson.o ABSOLUTE
    ..\PUBLIC\cjson\cJSON_Utils.c            0x00000000   Number         0  cjson_utils.o ABSOLUTE
    ..\STM32F10x_FWLib\src\misc.c            0x00000000   Number         0  misc.o ABSOLUTE
    ..\STM32F10x_FWLib\src\stm32f10x_dma.c   0x00000000   Number         0  stm32f10x_dma.o ABSOLUTE
    ..\STM32F10x_FWLib\src\stm32f10x_gpio.c  0x00000000   Number         0  stm32f10x_gpio.o ABSOLUTE
    ..\STM32F10x_FWLib\src\stm32f10x_rcc.c   0x00000000   Number         0  stm32f10x_rcc.o ABSOLUTE
    ..\STM32F10x_FWLib\src\stm32f10x_tim.c   0x00000000   Number         0  stm32f10x_tim.o ABSOLUTE
    ..\STM32F10x_FWLib\src\stm32f10x_usart.c 0x00000000   Number         0  stm32f10x_usart.o ABSOLUTE
    ..\SYSTEM\delay\delay.c                  0x00000000   Number         0  delay.o ABSOLUTE
    ..\SYSTEM\sys\sys.c                      0x00000000   Number         0  sys.o ABSOLUTE
    ..\SYSTEM\usart\usart.c                  0x00000000   Number         0  usart.o ABSOLUTE
    ..\\CORE\\core_cm3.c                     0x00000000   Number         0  core_cm3.o ABSOLUTE
    RTE\Data_Exchange\jansson_config.c       0x00000000   Number         0  jansson_config.o ABSOLUTE
    cdcmple.s                                0x00000000   Number         0  cdcmple.o ABSOLUTE
    cdrcmple.s                               0x00000000   Number         0  cdrcmple.o ABSOLUTE
    dc.s                                     0x00000000   Number         0  dc.o ABSOLUTE
    handlers.s                               0x00000000   Number         0  handlers.o ABSOLUTE
    init.s                                   0x00000000   Number         0  init.o ABSOLUTE
    main.c                                   0x00000000   Number         0  main.o ABSOLUTE
    stm32f10x_it.c                           0x00000000   Number         0  stm32f10x_it.o ABSOLUTE
    system_stm32f10x.c                       0x00000000   Number         0  system_stm32f10x.o ABSOLUTE
    RESET                                    0x08000000   Section      304  startup_stm32f10x_hd.o(RESET)
    .ARM.Collect$$$$00000000                 0x08000130   Section        0  entry.o(.ARM.Collect$$$$00000000)
    .ARM.Collect$$$$00000001                 0x08000130   Section        4  entry2.o(.ARM.Collect$$$$00000001)
    .ARM.Collect$$$$00000004                 0x08000134   Section        4  entry5.o(.ARM.Collect$$$$00000004)
    .ARM.Collect$$$$00000008                 0x08000138   Section        0  entry7b.o(.ARM.Collect$$$$00000008)
    .ARM.Collect$$$$0000000A                 0x08000138   Section        0  entry8b.o(.ARM.Collect$$$$0000000A)
    .ARM.Collect$$$$0000000B                 0x08000138   Section        8  entry9a.o(.ARM.Collect$$$$0000000B)
    .ARM.Collect$$$$0000000D                 0x08000140   Section        0  entry10a.o(.ARM.Collect$$$$0000000D)
    .ARM.Collect$$$$0000000F                 0x08000140   Section        0  entry11a.o(.ARM.Collect$$$$0000000F)
    .ARM.Collect$$$$00002712                 0x08000140   Section        4  entry2.o(.ARM.Collect$$$$00002712)
    __lit__00000000                          0x08000140   Data           4  entry2.o(.ARM.Collect$$$$00002712)
    .text                                    0x08000144   Section        0  main.o(.text)
    .text                                    0x08000194   Section        0  stm32f10x_it.o(.text)
    .text                                    0x080001b0   Section        0  system_stm32f10x.o(.text)
    SetSysClockTo72                          0x080001b1   Thumb Code   214  system_stm32f10x.o(.text)
    SetSysClock                              0x08000287   Thumb Code     8  system_stm32f10x.o(.text)
    .text                                    0x08000390   Section        0  led.o(.text)
    .text                                    0x080003e0   Section        0  timer.o(.text)
    .text                                    0x080004d8   Section        0  dma.o(.text)
    .text                                    0x08000550   Section        0  delay.o(.text)
    .text                                    0x08000624   Section        0  usart.o(.text)
    .text                                    0x080009cc   Section       36  startup_stm32f10x_hd.o(.text)
    .text                                    0x080009f0   Section        0  stm32f10x_gpio.o(.text)
    .text                                    0x08000d4c   Section        0  stm32f10x_rcc.o(.text)
    .text                                    0x080010f0   Section        0  stm32f10x_usart.o(.text)
    .text                                    0x080014f8   Section        0  misc.o(.text)
    .text                                    0x080015d4   Section        0  stm32f10x_tim.o(.text)
    TI4_Config                               0x08001a7b   Thumb Code   130  stm32f10x_tim.o(.text)
    TI3_Config                               0x08001b0f   Thumb Code   122  stm32f10x_tim.o(.text)
    TI2_Config                               0x08001ba3   Thumb Code   130  stm32f10x_tim.o(.text)
    TI1_Config                               0x08001c37   Thumb Code   108  stm32f10x_tim.o(.text)
    .text                                    0x080023f0   Section        0  stm32f10x_dma.o(.text)
    .text                                    0x08002644   Section        0  esp8266.o(.text)
    .text                                    0x08002dcc   Section        0  cjson.o(.text)
    case_insensitive_strcmp                  0x08002e19   Thumb Code    72  cjson.o(.text)
    cJSON_strdup                             0x08002e61   Thumb Code    56  cjson.o(.text)
    cJSON_New_Item                           0x08002eeb   Thumb Code    26  cjson.o(.text)
    get_decimal_point                        0x08002f59   Thumb Code     4  cjson.o(.text)
    parse_number                             0x08002f5d   Thumb Code   298  cjson.o(.text)
    ensure                                   0x080030cf   Thumb Code   186  cjson.o(.text)
    update_offset                            0x08003189   Thumb Code    84  cjson.o(.text)
    print_number                             0x080031dd   Thumb Code   216  cjson.o(.text)
    parse_hex4                               0x080032b5   Thumb Code    90  cjson.o(.text)
    utf16_literal_to_utf8                    0x0800330f   Thumb Code   300  cjson.o(.text)
    parse_string                             0x0800343b   Thumb Code   396  cjson.o(.text)
    print_string_ptr                         0x080035c7   Thumb Code   394  cjson.o(.text)
    print_string                             0x08003751   Thumb Code    16  cjson.o(.text)
    buffer_skip_whitespace                   0x08003761   Thumb Code    58  cjson.o(.text)
    skip_utf8_bom                            0x0800379b   Thumb Code    56  cjson.o(.text)
    parse_object                             0x080037d3   Thumb Code   314  cjson.o(.text)
    parse_array                              0x0800390d   Thumb Code   244  cjson.o(.text)
    parse_value                              0x08003a01   Thumb Code   322  cjson.o(.text)
    print_object                             0x08003c1f   Thumb Code   372  cjson.o(.text)
    print_array                              0x08003d93   Thumb Code   178  cjson.o(.text)
    print_value                              0x08003e45   Thumb Code   252  cjson.o(.text)
    print                                    0x08003f41   Thumb Code   178  cjson.o(.text)
    get_array_item                           0x080040c9   Thumb Code    30  cjson.o(.text)
    get_object_item                          0x080040ff   Thumb Code    82  cjson.o(.text)
    suffix_object                            0x0800418d   Thumb Code     6  cjson.o(.text)
    create_reference                         0x08004193   Thumb Code    60  cjson.o(.text)
    add_item_to_array                        0x080041cf   Thumb Code    46  cjson.o(.text)
    cast_away_const                          0x0800420d   Thumb Code     2  cjson.o(.text)
    add_item_to_object                       0x0800420f   Thumb Code   118  cjson.o(.text)
    replace_item_in_object                   0x0800476b   Thumb Code    84  cjson.o(.text)
    .text                                    0x08004dbc   Section        0  door_fortest.o(.text)
    .text                                    0x08005654   Section        0  tolower.o(.text)
    .text                                    0x08005660   Section        0  memcpya.o(.text)
    .text                                    0x08005684   Section        0  memseta.o(.text)
    .text                                    0x080056a8   Section        0  strcat.o(.text)
    .text                                    0x080056c0   Section        0  strlen.o(.text)
    .text                                    0x080056ce   Section        0  strcmp.o(.text)
    .text                                    0x080056ea   Section        0  strcpy.o(.text)
    .text                                    0x080056fc   Section        0  strncmp.o(.text)
    .text                                    0x0800571c   Section        0  __0sscanf.o(.text)
    .text                                    0x08005754   Section        0  scanf_fp.o(.text)
    _fp_value                                0x08005755   Thumb Code   256  scanf_fp.o(.text)
    .text                                    0x08005a8c   Section        0  dmul.o(.text)
    .text                                    0x08005b70   Section        0  dflti.o(.text)
    .text                                    0x08005b92   Section        0  dfltui.o(.text)
    .text                                    0x08005bac   Section        0  dfixi.o(.text)
    .text                                    0x08005bea   Section        0  dfixui.o(.text)
    .text                                    0x08005c1c   Section        0  f2d.o(.text)
    .text                                    0x08005c44   Section       48  cdcmple.o(.text)
    .text                                    0x08005c74   Section       48  cdrcmple.o(.text)
    .text                                    0x08005ca4   Section        0  d2f.o(.text)
    .text                                    0x08005cdc   Section        0  uidiv.o(.text)
    .text                                    0x08005d08   Section        0  uldiv.o(.text)
    .text                                    0x08005d6a   Section        0  llushr.o(.text)
    .text                                    0x08005d8c   Section        0  scanf_char.o(.text)
    _scanf_char_input                        0x08005d8d   Thumb Code    12  scanf_char.o(.text)
    .text                                    0x08005db4   Section        0  _sgetc.o(.text)
    .text                                    0x08005df4   Section        0  strtod.o(.text)
    _local_sscanf                            0x08005df5   Thumb Code    54  strtod.o(.text)
    .text                                    0x08005e90   Section        0  iusefp.o(.text)
    .text                                    0x08005e90   Section        0  fepilogue.o(.text)
    .text                                    0x08005efe   Section        0  depilogue.o(.text)
    .text                                    0x08005fb8   Section        0  dadd.o(.text)
    .text                                    0x08006106   Section        0  ddiv.o(.text)
    .text                                    0x080061e4   Section        0  dfltul.o(.text)
    .text                                    0x080061fc   Section        0  dfixul.o(.text)
    .text                                    0x0800622c   Section       36  init.o(.text)
    .text                                    0x08006250   Section        0  llshl.o(.text)
    .text                                    0x0800626e   Section        0  llsshr.o(.text)
    .text                                    0x08006292   Section        0  isspace_c.o(.text)
    .text                                    0x0800629c   Section        0  _scanf.o(.text)
    .text                                    0x080065c8   Section        0  ctype_c.o(.text)
    i.__0printf                              0x080065f0   Section        0  printfa.o(i.__0printf)
    i.__0sprintf                             0x08006610   Section        0  printfa.o(i.__0sprintf)
    i.__free$realloc                         0x08006638   Section        0  mallocr.o(i.__free$realloc)
    i.__malloc$realloc                       0x08006694   Section        0  mallocr.o(i.__malloc$realloc)
    i.__scatterload_copy                     0x080066e4   Section       14  handlers.o(i.__scatterload_copy)
    i.__scatterload_null                     0x080066f2   Section        2  handlers.o(i.__scatterload_null)
    i.__scatterload_zeroinit                 0x080066f4   Section       14  handlers.o(i.__scatterload_zeroinit)
    i._fp_digits                             0x08006704   Section        0  printfa.o(i._fp_digits)
    _fp_digits                               0x08006705   Thumb Code   334  printfa.o(i._fp_digits)
    i._is_digit                              0x08006868   Section        0  scanf_fp.o(i._is_digit)
    i._printf_core                           0x08006878   Section        0  printfa.o(i._printf_core)
    _printf_core                             0x08006879   Thumb Code  1744  printfa.o(i._printf_core)
    i._printf_post_padding                   0x08006f54   Section        0  printfa.o(i._printf_post_padding)
    _printf_post_padding                     0x08006f55   Thumb Code    36  printfa.o(i._printf_post_padding)
    i._printf_pre_padding                    0x08006f78   Section        0  printfa.o(i._printf_pre_padding)
    _printf_pre_padding                      0x08006f79   Thumb Code    46  printfa.o(i._printf_pre_padding)
    i._sputc                                 0x08006fa6   Section        0  printfa.o(i._sputc)
    _sputc                                   0x08006fa7   Thumb Code    10  printfa.o(i._sputc)
    i.internal_alloc                         0x08006fb0   Section        0  mallocr.o(i.internal_alloc)
    internal_alloc                           0x08006fb1   Thumb Code    76  mallocr.o(i.internal_alloc)
    i.realloc                                0x08007000   Section        0  mallocr.o(i.realloc)
    i.strtod                                 0x0800706c   Section        0  strtod.o(i.strtod)
    .constdata                               0x08007088   Section       64  ctype_c.o(.constdata)
    .conststring                             0x080070c8   Section      178  esp8266.o(.conststring)
    .data                                    0x20000000   Section       20  system_stm32f10x.o(.data)
    .data                                    0x20000014   Section        4  delay.o(.data)
    fac_us                                   0x20000014   Data           1  delay.o(.data)
    fac_ms                                   0x20000016   Data           2  delay.o(.data)
    .data                                    0x20000018   Section       10  usart.o(.data)
    .data                                    0x20000022   Section       20  stm32f10x_rcc.o(.data)
    APBAHBPrescTable                         0x20000022   Data          16  stm32f10x_rcc.o(.data)
    ADCPrescTable                            0x20000032   Data           4  stm32f10x_rcc.o(.data)
    .data                                    0x20000038   Section       78  esp8266.o(.data)
    door_net_operator                        0x20000038   Data          72  esp8266.o(.data)
    .data                                    0x20000088   Section       20  cjson.o(.data)
    global_error                             0x20000088   Data           8  cjson.o(.data)
    global_hooks                             0x20000090   Data          12  cjson.o(.data)
    .data                                    0x2000009c   Section        4  stdout.o(.data)
    .data                                    0x200000a0   Section        4  mvars.o(.data)
    .data                                    0x200000a4   Section        4  mvars.o(.data)
    .bss                                     0x200000a8   Section       44  dma.o(.bss)
    .bss                                     0x200000d4   Section     2056  usart.o(.bss)
    .bss                                     0x200008dc   Section     1248  esp8266.o(.bss)
    .bss                                     0x20000dbc   Section       15  cjson.o(.bss)
    version                                  0x20000dbc   Data          15  cjson.o(.bss)
    .bss                                     0x20000dcc   Section      124  door_fortest.o(.bss)
    HEAP                                     0x20000e48   Section    20480  startup_stm32f10x_hd.o(HEAP)
    STACK                                    0x20005e48   Section     1024  startup_stm32f10x_hd.o(STACK)

    Global Symbols

    Symbol Name                              Value     Ov Type        Size  Object(Section)

    BuildAttributes$$THM_ISAv4$P$D$K$B$S$PE$A:L22UL41UL21$X:L11$S22US41US21$IEEE1$IW$USESV6$~STKCKD$USESV7$~SHL$OTIME$ROPI$IEEEJ$EBA8$MICROLIB$REQ8$PRES8$EABIv2 0x00000000   Number         0  anon$$obj.o ABSOLUTE
    __ARM_use_no_argv                        0x00000000   Number         0  main.o ABSOLUTE
    _printf_a                                0x00000000   Number         0  stubs.o ABSOLUTE
    _printf_c                                0x00000000   Number         0  stubs.o ABSOLUTE
    _printf_charcount                        0x00000000   Number         0  stubs.o ABSOLUTE
    _printf_d                                0x00000000   Number         0  stubs.o ABSOLUTE
    _printf_e                                0x00000000   Number         0  stubs.o ABSOLUTE
    _printf_f                                0x00000000   Number         0  stubs.o ABSOLUTE
    _printf_flags                            0x00000000   Number         0  stubs.o ABSOLUTE
    _printf_fp_dec                           0x00000000   Number         0  stubs.o ABSOLUTE
    _printf_fp_hex                           0x00000000   Number         0  stubs.o ABSOLUTE
    _printf_g                                0x00000000   Number         0  stubs.o ABSOLUTE
    _printf_i                                0x00000000   Number         0  stubs.o ABSOLUTE
    _printf_int_dec                          0x00000000   Number         0  stubs.o ABSOLUTE
    _printf_l                                0x00000000   Number         0  stubs.o ABSOLUTE
    _printf_lc                               0x00000000   Number         0  stubs.o ABSOLUTE
    _printf_ll                               0x00000000   Number         0  stubs.o ABSOLUTE
    _printf_lld                              0x00000000   Number         0  stubs.o ABSOLUTE
    _printf_lli                              0x00000000   Number         0  stubs.o ABSOLUTE
    _printf_llo                              0x00000000   Number         0  stubs.o ABSOLUTE
    _printf_llu                              0x00000000   Number         0  stubs.o ABSOLUTE
    _printf_llx                              0x00000000   Number         0  stubs.o ABSOLUTE
    _printf_longlong_dec                     0x00000000   Number         0  stubs.o ABSOLUTE
    _printf_longlong_hex                     0x00000000   Number         0  stubs.o ABSOLUTE
    _printf_longlong_oct                     0x00000000   Number         0  stubs.o ABSOLUTE
    _printf_ls                               0x00000000   Number         0  stubs.o ABSOLUTE
    _printf_mbtowc                           0x00000000   Number         0  stubs.o ABSOLUTE
    _printf_n                                0x00000000   Number         0  stubs.o ABSOLUTE
    _printf_o                                0x00000000   Number         0  stubs.o ABSOLUTE
    _printf_p                                0x00000000   Number         0  stubs.o ABSOLUTE
    _printf_percent                          0x00000000   Number         0  stubs.o ABSOLUTE
    _printf_pre_padding                      0x00000000   Number         0  stubs.o ABSOLUTE
    _printf_return_value                     0x00000000   Number         0  stubs.o ABSOLUTE
    _printf_s                                0x00000000   Number         0  stubs.o ABSOLUTE
    _printf_sizespec                         0x00000000   Number         0  stubs.o ABSOLUTE
    _printf_str                              0x00000000   Number         0  stubs.o ABSOLUTE
    _printf_truncate_signed                  0x00000000   Number         0  stubs.o ABSOLUTE
    _printf_truncate_unsigned                0x00000000   Number         0  stubs.o ABSOLUTE
    _printf_u                                0x00000000   Number         0  stubs.o ABSOLUTE
    _printf_wc                               0x00000000   Number         0  stubs.o ABSOLUTE
    _printf_wctomb                           0x00000000   Number         0  stubs.o ABSOLUTE
    _printf_widthprec                        0x00000000   Number         0  stubs.o ABSOLUTE
    _printf_x                                0x00000000   Number         0  stubs.o ABSOLUTE
    __cpp_initialize__aeabi_                  - Undefined Weak Reference
    __cxa_finalize                            - Undefined Weak Reference
    __decompress                              - Undefined Weak Reference
    _clock_init                               - Undefined Weak Reference
    _microlib_exit                            - Undefined Weak Reference
    _scanf_int                                - Undefined Weak Reference
    _scanf_longlong                           - Undefined Weak Reference
    _scanf_string                             - Undefined Weak Reference
    __Vectors_Size                           0x00000130   Number         0  startup_stm32f10x_hd.o ABSOLUTE
    __Vectors                                0x08000000   Data           4  startup_stm32f10x_hd.o(RESET)
    __Vectors_End                            0x08000130   Data           0  startup_stm32f10x_hd.o(RESET)
    __main                                   0x08000131   Thumb Code     0  entry.o(.ARM.Collect$$$$00000000)
    _main_stk                                0x08000131   Thumb Code     0  entry2.o(.ARM.Collect$$$$00000001)
    _main_scatterload                        0x08000135   Thumb Code     0  entry5.o(.ARM.Collect$$$$00000004)
    __main_after_scatterload                 0x08000139   Thumb Code     0  entry5.o(.ARM.Collect$$$$00000004)
    _main_clock                              0x08000139   Thumb Code     0  entry7b.o(.ARM.Collect$$$$00000008)
    _main_cpp_init                           0x08000139   Thumb Code     0  entry8b.o(.ARM.Collect$$$$0000000A)
    _main_init                               0x08000139   Thumb Code     0  entry9a.o(.ARM.Collect$$$$0000000B)
    __rt_final_cpp                           0x08000141   Thumb Code     0  entry10a.o(.ARM.Collect$$$$0000000D)
    __rt_final_exit                          0x08000141   Thumb Code     0  entry11a.o(.ARM.Collect$$$$0000000F)
    main                                     0x08000145   Thumb Code    68  main.o(.text)
    NMI_Handler                              0x08000195   Thumb Code     2  stm32f10x_it.o(.text)
    HardFault_Handler                        0x08000197   Thumb Code     4  stm32f10x_it.o(.text)
    MemManage_Handler                        0x0800019b   Thumb Code     4  stm32f10x_it.o(.text)
    BusFault_Handler                         0x0800019f   Thumb Code     4  stm32f10x_it.o(.text)
    UsageFault_Handler                       0x080001a3   Thumb Code     4  stm32f10x_it.o(.text)
    SVC_Handler                              0x080001a7   Thumb Code     2  stm32f10x_it.o(.text)
    DebugMon_Handler                         0x080001a9   Thumb Code     2  stm32f10x_it.o(.text)
    PendSV_Handler                           0x080001ab   Thumb Code     2  stm32f10x_it.o(.text)
    SysTick_Handler                          0x080001ad   Thumb Code     2  stm32f10x_it.o(.text)
    SystemInit                               0x0800028f   Thumb Code    78  system_stm32f10x.o(.text)
    SystemCoreClockUpdate                    0x080002dd   Thumb Code   142  system_stm32f10x.o(.text)
    LED_Init                                 0x08000391   Thumb Code    72  led.o(.text)
    TIM3_Int_Init                            0x080003e1   Thumb Code    90  timer.o(.text)
    DMA_SendData                             0x0800043b   Thumb Code   110  timer.o(.text)
    TIM3_IRQHandler                          0x080004a9   Thumb Code    26  timer.o(.text)
    MYDMA_Config                             0x080004d9   Thumb Code    78  dma.o(.text)
    MYDMA_Enable                             0x08000527   Thumb Code    32  dma.o(.text)
    delay_init                               0x08000551   Thumb Code    50  delay.o(.text)
    delay_us                                 0x08000583   Thumb Code    72  delay.o(.text)
    delay_ms                                 0x080005cb   Thumb Code    72  delay.o(.text)
    fputc                                    0x08000625   Thumb Code    24  usart.o(.text)
    USART1_Init                              0x0800063d   Thumb Code   154  usart.o(.text)
    USART3_Init                              0x080006d7   Thumb Code   158  usart.o(.text)
    USART3_Putc                              0x08000775   Thumb Code    22  usart.o(.text)
    USART3_Send                              0x0800078b   Thumb Code    22  usart.o(.text)
    USART3_IRQHandler                        0x080007a1   Thumb Code     2  usart.o(.text)
    USART1_Putc                              0x080007a3   Thumb Code    22  usart.o(.text)
    USART1_Send                              0x080007b9   Thumb Code    22  usart.o(.text)
    process_recv                             0x080007cf   Thumb Code     2  usart.o(.text)
    USART1_IRQHandler                        0x080007d1   Thumb Code   462  usart.o(.text)
    Reset_Handler                            0x080009cd   Thumb Code     8  startup_stm32f10x_hd.o(.text)
    ADC1_2_IRQHandler                        0x080009e7   Thumb Code     0  startup_stm32f10x_hd.o(.text)
    ADC3_IRQHandler                          0x080009e7   Thumb Code     0  startup_stm32f10x_hd.o(.text)
    CAN1_RX1_IRQHandler                      0x080009e7   Thumb Code     0  startup_stm32f10x_hd.o(.text)
    CAN1_SCE_IRQHandler                      0x080009e7   Thumb Code     0  startup_stm32f10x_hd.o(.text)
    DMA1_Channel1_IRQHandler                 0x080009e7   Thumb Code     0  startup_stm32f10x_hd.o(.text)
    DMA1_Channel2_IRQHandler                 0x080009e7   Thumb Code     0  startup_stm32f10x_hd.o(.text)
    DMA1_Channel3_IRQHandler                 0x080009e7   Thumb Code     0  startup_stm32f10x_hd.o(.text)
    DMA1_Channel4_IRQHandler                 0x080009e7   Thumb Code     0  startup_stm32f10x_hd.o(.text)
    DMA1_Channel5_IRQHandler                 0x080009e7   Thumb Code     0  startup_stm32f10x_hd.o(.text)
    DMA1_Channel6_IRQHandler                 0x080009e7   Thumb Code     0  startup_stm32f10x_hd.o(.text)
    DMA1_Channel7_IRQHandler                 0x080009e7   Thumb Code     0  startup_stm32f10x_hd.o(.text)
    DMA2_Channel1_IRQHandler                 0x080009e7   Thumb Code     0  startup_stm32f10x_hd.o(.text)
    DMA2_Channel2_IRQHandler                 0x080009e7   Thumb Code     0  startup_stm32f10x_hd.o(.text)
    DMA2_Channel3_IRQHandler                 0x080009e7   Thumb Code     0  startup_stm32f10x_hd.o(.text)
    DMA2_Channel4_5_IRQHandler               0x080009e7   Thumb Code     0  startup_stm32f10x_hd.o(.text)
    EXTI0_IRQHandler                         0x080009e7   Thumb Code     0  startup_stm32f10x_hd.o(.text)
    EXTI15_10_IRQHandler                     0x080009e7   Thumb Code     0  startup_stm32f10x_hd.o(.text)
    EXTI1_IRQHandler                         0x080009e7   Thumb Code     0  startup_stm32f10x_hd.o(.text)
    EXTI2_IRQHandler                         0x080009e7   Thumb Code     0  startup_stm32f10x_hd.o(.text)
    EXTI3_IRQHandler                         0x080009e7   Thumb Code     0  startup_stm32f10x_hd.o(.text)
    EXTI4_IRQHandler                         0x080009e7   Thumb Code     0  startup_stm32f10x_hd.o(.text)
    EXTI9_5_IRQHandler                       0x080009e7   Thumb Code     0  startup_stm32f10x_hd.o(.text)
    FLASH_IRQHandler                         0x080009e7   Thumb Code     0  startup_stm32f10x_hd.o(.text)
    FSMC_IRQHandler                          0x080009e7   Thumb Code     0  startup_stm32f10x_hd.o(.text)
    I2C1_ER_IRQHandler                       0x080009e7   Thumb Code     0  startup_stm32f10x_hd.o(.text)
    I2C1_EV_IRQHandler                       0x080009e7   Thumb Code     0  startup_stm32f10x_hd.o(.text)
    I2C2_ER_IRQHandler                       0x080009e7   Thumb Code     0  startup_stm32f10x_hd.o(.text)
    I2C2_EV_IRQHandler                       0x080009e7   Thumb Code     0  startup_stm32f10x_hd.o(.text)
    PVD_IRQHandler                           0x080009e7   Thumb Code     0  startup_stm32f10x_hd.o(.text)
    RCC_IRQHandler                           0x080009e7   Thumb Code     0  startup_stm32f10x_hd.o(.text)
    RTCAlarm_IRQHandler                      0x080009e7   Thumb Code     0  startup_stm32f10x_hd.o(.text)
    RTC_IRQHandler                           0x080009e7   Thumb Code     0  startup_stm32f10x_hd.o(.text)
    SDIO_IRQHandler                          0x080009e7   Thumb Code     0  startup_stm32f10x_hd.o(.text)
    SPI1_IRQHandler                          0x080009e7   Thumb Code     0  startup_stm32f10x_hd.o(.text)
    SPI2_IRQHandler                          0x080009e7   Thumb Code     0  startup_stm32f10x_hd.o(.text)
    SPI3_IRQHandler                          0x080009e7   Thumb Code     0  startup_stm32f10x_hd.o(.text)
    TAMPER_IRQHandler                        0x080009e7   Thumb Code     0  startup_stm32f10x_hd.o(.text)
    TIM1_BRK_IRQHandler                      0x080009e7   Thumb Code     0  startup_stm32f10x_hd.o(.text)
    TIM1_CC_IRQHandler                       0x080009e7   Thumb Code     0  startup_stm32f10x_hd.o(.text)
    TIM1_TRG_COM_IRQHandler                  0x080009e7   Thumb Code     0  startup_stm32f10x_hd.o(.text)
    TIM1_UP_IRQHandler                       0x080009e7   Thumb Code     0  startup_stm32f10x_hd.o(.text)
    TIM2_IRQHandler                          0x080009e7   Thumb Code     0  startup_stm32f10x_hd.o(.text)
    TIM4_IRQHandler                          0x080009e7   Thumb Code     0  startup_stm32f10x_hd.o(.text)
    TIM5_IRQHandler                          0x080009e7   Thumb Code     0  startup_stm32f10x_hd.o(.text)
    TIM6_IRQHandler                          0x080009e7   Thumb Code     0  startup_stm32f10x_hd.o(.text)
    TIM7_IRQHandler                          0x080009e7   Thumb Code     0  startup_stm32f10x_hd.o(.text)
    TIM8_BRK_IRQHandler                      0x080009e7   Thumb Code     0  startup_stm32f10x_hd.o(.text)
    TIM8_CC_IRQHandler                       0x080009e7   Thumb Code     0  startup_stm32f10x_hd.o(.text)
    TIM8_TRG_COM_IRQHandler                  0x080009e7   Thumb Code     0  startup_stm32f10x_hd.o(.text)
    TIM8_UP_IRQHandler                       0x080009e7   Thumb Code     0  startup_stm32f10x_hd.o(.text)
    UART4_IRQHandler                         0x080009e7   Thumb Code     0  startup_stm32f10x_hd.o(.text)
    UART5_IRQHandler                         0x080009e7   Thumb Code     0  startup_stm32f10x_hd.o(.text)
    USART2_IRQHandler                        0x080009e7   Thumb Code     0  startup_stm32f10x_hd.o(.text)
    USBWakeUp_IRQHandler                     0x080009e7   Thumb Code     0  startup_stm32f10x_hd.o(.text)
    USB_HP_CAN1_TX_IRQHandler                0x080009e7   Thumb Code     0  startup_stm32f10x_hd.o(.text)
    USB_LP_CAN1_RX0_IRQHandler               0x080009e7   Thumb Code     0  startup_stm32f10x_hd.o(.text)
    WWDG_IRQHandler                          0x080009e7   Thumb Code     0  startup_stm32f10x_hd.o(.text)
    GPIO_DeInit                              0x080009f1   Thumb Code   172  stm32f10x_gpio.o(.text)
    GPIO_AFIODeInit                          0x08000a9d   Thumb Code    20  stm32f10x_gpio.o(.text)
    GPIO_Init                                0x08000ab1   Thumb Code   278  stm32f10x_gpio.o(.text)
    GPIO_StructInit                          0x08000bc7   Thumb Code    16  stm32f10x_gpio.o(.text)
    GPIO_ReadInputDataBit                    0x08000bd7   Thumb Code    18  stm32f10x_gpio.o(.text)
    GPIO_ReadInputData                       0x08000be9   Thumb Code     8  stm32f10x_gpio.o(.text)
    GPIO_ReadOutputDataBit                   0x08000bf1   Thumb Code    18  stm32f10x_gpio.o(.text)
    GPIO_ReadOutputData                      0x08000c03   Thumb Code     8  stm32f10x_gpio.o(.text)
    GPIO_SetBits                             0x08000c0b   Thumb Code     4  stm32f10x_gpio.o(.text)
    GPIO_ResetBits                           0x08000c0f   Thumb Code     4  stm32f10x_gpio.o(.text)
    GPIO_WriteBit                            0x08000c13   Thumb Code    10  stm32f10x_gpio.o(.text)
    GPIO_Write                               0x08000c1d   Thumb Code     4  stm32f10x_gpio.o(.text)
    GPIO_PinLockConfig                       0x08000c21   Thumb Code    18  stm32f10x_gpio.o(.text)
    GPIO_EventOutputConfig                   0x08000c33   Thumb Code    26  stm32f10x_gpio.o(.text)
    GPIO_EventOutputCmd                      0x08000c4d   Thumb Code     6  stm32f10x_gpio.o(.text)
    GPIO_PinRemapConfig                      0x08000c53   Thumb Code   138  stm32f10x_gpio.o(.text)
    GPIO_EXTILineConfig                      0x08000cdd   Thumb Code    66  stm32f10x_gpio.o(.text)
    GPIO_ETH_MediaInterfaceConfig            0x08000d1f   Thumb Code     8  stm32f10x_gpio.o(.text)
    RCC_DeInit                               0x08000d4d   Thumb Code    64  stm32f10x_rcc.o(.text)
    RCC_HSEConfig                            0x08000d8d   Thumb Code    70  stm32f10x_rcc.o(.text)
    RCC_GetFlagStatus                        0x08000dd3   Thumb Code    56  stm32f10x_rcc.o(.text)
    RCC_WaitForHSEStartUp                    0x08000e0b   Thumb Code    56  stm32f10x_rcc.o(.text)
    RCC_AdjustHSICalibrationValue            0x08000e43   Thumb Code    20  stm32f10x_rcc.o(.text)
    RCC_HSICmd                               0x08000e57   Thumb Code     6  stm32f10x_rcc.o(.text)
    RCC_PLLConfig                            0x08000e5d   Thumb Code    24  stm32f10x_rcc.o(.text)
    RCC_PLLCmd                               0x08000e75   Thumb Code     6  stm32f10x_rcc.o(.text)
    RCC_SYSCLKConfig                         0x08000e7b   Thumb Code    18  stm32f10x_rcc.o(.text)
    RCC_GetSYSCLKSource                      0x08000e8d   Thumb Code    10  stm32f10x_rcc.o(.text)
    RCC_HCLKConfig                           0x08000e97   Thumb Code    18  stm32f10x_rcc.o(.text)
    RCC_PCLK1Config                          0x08000ea9   Thumb Code    18  stm32f10x_rcc.o(.text)
    RCC_PCLK2Config                          0x08000ebb   Thumb Code    20  stm32f10x_rcc.o(.text)
    RCC_ITConfig                             0x08000ecf   Thumb Code    26  stm32f10x_rcc.o(.text)
    RCC_USBCLKConfig                         0x08000ee9   Thumb Code     8  stm32f10x_rcc.o(.text)
    RCC_ADCCLKConfig                         0x08000ef1   Thumb Code    18  stm32f10x_rcc.o(.text)
    RCC_LSEConfig                            0x08000f03   Thumb Code    50  stm32f10x_rcc.o(.text)
    RCC_LSICmd                               0x08000f35   Thumb Code     6  stm32f10x_rcc.o(.text)
    RCC_RTCCLKConfig                         0x08000f3b   Thumb Code    12  stm32f10x_rcc.o(.text)
    RCC_RTCCLKCmd                            0x08000f47   Thumb Code     8  stm32f10x_rcc.o(.text)
    RCC_GetClocksFreq                        0x08000f4f   Thumb Code   192  stm32f10x_rcc.o(.text)
    RCC_AHBPeriphClockCmd                    0x0800100f   Thumb Code    26  stm32f10x_rcc.o(.text)
    RCC_APB2PeriphClockCmd                   0x08001029   Thumb Code    26  stm32f10x_rcc.o(.text)
    RCC_APB1PeriphClockCmd                   0x08001043   Thumb Code    26  stm32f10x_rcc.o(.text)
    RCC_APB2PeriphResetCmd                   0x0800105d   Thumb Code    26  stm32f10x_rcc.o(.text)
    RCC_APB1PeriphResetCmd                   0x08001077   Thumb Code    26  stm32f10x_rcc.o(.text)
    RCC_BackupResetCmd                       0x08001091   Thumb Code     8  stm32f10x_rcc.o(.text)
    RCC_ClockSecuritySystemCmd               0x08001099   Thumb Code     6  stm32f10x_rcc.o(.text)
    RCC_MCOConfig                            0x0800109f   Thumb Code     6  stm32f10x_rcc.o(.text)
    RCC_ClearFlag                            0x080010a5   Thumb Code    14  stm32f10x_rcc.o(.text)
    RCC_GetITStatus                          0x080010b3   Thumb Code    20  stm32f10x_rcc.o(.text)
    RCC_ClearITPendingBit                    0x080010c7   Thumb Code     6  stm32f10x_rcc.o(.text)
    USART_DeInit                             0x080010f1   Thumb Code   134  stm32f10x_usart.o(.text)
    USART_Init                               0x08001177   Thumb Code   210  stm32f10x_usart.o(.text)
    USART_StructInit                         0x08001249   Thumb Code    24  stm32f10x_usart.o(.text)
    USART_ClockInit                          0x08001261   Thumb Code    34  stm32f10x_usart.o(.text)
    USART_ClockStructInit                    0x08001283   Thumb Code    12  stm32f10x_usart.o(.text)
    USART_Cmd                                0x0800128f   Thumb Code    24  stm32f10x_usart.o(.text)
    USART_ITConfig                           0x080012a7   Thumb Code    74  stm32f10x_usart.o(.text)
    USART_DMACmd                             0x080012f1   Thumb Code    18  stm32f10x_usart.o(.text)
    USART_SetAddress                         0x08001303   Thumb Code    18  stm32f10x_usart.o(.text)
    USART_WakeUpConfig                       0x08001315   Thumb Code    18  stm32f10x_usart.o(.text)
    USART_ReceiverWakeUpCmd                  0x08001327   Thumb Code    24  stm32f10x_usart.o(.text)
    USART_LINBreakDetectLengthConfig         0x0800133f   Thumb Code    18  stm32f10x_usart.o(.text)
    USART_LINCmd                             0x08001351   Thumb Code    24  stm32f10x_usart.o(.text)
    USART_SendData                           0x08001369   Thumb Code     8  stm32f10x_usart.o(.text)
    USART_ReceiveData                        0x08001371   Thumb Code    10  stm32f10x_usart.o(.text)
    USART_SendBreak                          0x0800137b   Thumb Code    10  stm32f10x_usart.o(.text)
    USART_SetGuardTime                       0x08001385   Thumb Code    16  stm32f10x_usart.o(.text)
    USART_SetPrescaler                       0x08001395   Thumb Code    16  stm32f10x_usart.o(.text)
    USART_SmartCardCmd                       0x080013a5   Thumb Code    24  stm32f10x_usart.o(.text)
    USART_SmartCardNACKCmd                   0x080013bd   Thumb Code    24  stm32f10x_usart.o(.text)
    USART_HalfDuplexCmd                      0x080013d5   Thumb Code    24  stm32f10x_usart.o(.text)
    USART_OverSampling8Cmd                   0x080013ed   Thumb Code    22  stm32f10x_usart.o(.text)
    USART_OneBitMethodCmd                    0x08001403   Thumb Code    24  stm32f10x_usart.o(.text)
    USART_IrDAConfig                         0x0800141b   Thumb Code    18  stm32f10x_usart.o(.text)
    USART_IrDACmd                            0x0800142d   Thumb Code    24  stm32f10x_usart.o(.text)
    USART_GetFlagStatus                      0x08001445   Thumb Code    26  stm32f10x_usart.o(.text)
    USART_ClearFlag                          0x0800145f   Thumb Code    18  stm32f10x_usart.o(.text)
    USART_GetITStatus                        0x08001471   Thumb Code    84  stm32f10x_usart.o(.text)
    USART_ClearITPendingBit                  0x080014c5   Thumb Code    52  stm32f10x_usart.o(.text)
    NVIC_PriorityGroupConfig                 0x080014f9   Thumb Code    10  misc.o(.text)
    NVIC_Init                                0x08001503   Thumb Code   100  misc.o(.text)
    NVIC_SetVectorTable                      0x08001567   Thumb Code    14  misc.o(.text)
    NVIC_SystemLPConfig                      0x08001575   Thumb Code    34  misc.o(.text)
    SysTick_CLKSourceConfig                  0x08001597   Thumb Code    40  misc.o(.text)
    TIM_DeInit                               0x080015d5   Thumb Code   424  stm32f10x_tim.o(.text)
    TIM_TimeBaseInit                         0x0800177d   Thumb Code   122  stm32f10x_tim.o(.text)
    TIM_OC1Init                              0x080017f7   Thumb Code   132  stm32f10x_tim.o(.text)
    TIM_OC2Init                              0x0800187b   Thumb Code   154  stm32f10x_tim.o(.text)
    TIM_OC3Init                              0x08001915   Thumb Code   150  stm32f10x_tim.o(.text)
    TIM_OC4Init                              0x080019ab   Thumb Code   182  stm32f10x_tim.o(.text)
    TIM_SetIC4Prescaler                      0x08001a61   Thumb Code    26  stm32f10x_tim.o(.text)
    TIM_SetIC3Prescaler                      0x08001afd   Thumb Code    18  stm32f10x_tim.o(.text)
    TIM_SetIC2Prescaler                      0x08001b89   Thumb Code    26  stm32f10x_tim.o(.text)
    TIM_SetIC1Prescaler                      0x08001c25   Thumb Code    18  stm32f10x_tim.o(.text)
    TIM_ICInit                               0x08001ca3   Thumb Code   150  stm32f10x_tim.o(.text)
    TIM_PWMIConfig                           0x08001d39   Thumb Code   124  stm32f10x_tim.o(.text)
    TIM_BDTRConfig                           0x08001db5   Thumb Code    32  stm32f10x_tim.o(.text)
    TIM_TimeBaseStructInit                   0x08001dd5   Thumb Code    18  stm32f10x_tim.o(.text)
    TIM_OCStructInit                         0x08001de7   Thumb Code    20  stm32f10x_tim.o(.text)
    TIM_ICStructInit                         0x08001dfb   Thumb Code    18  stm32f10x_tim.o(.text)
    TIM_BDTRStructInit                       0x08001e0d   Thumb Code    40  stm32f10x_tim.o(.text)
    TIM_Cmd                                  0x08001e35   Thumb Code    24  stm32f10x_tim.o(.text)
    TIM_CtrlPWMOutputs                       0x08001e4d   Thumb Code    30  stm32f10x_tim.o(.text)
    TIM_ITConfig                             0x08001e6b   Thumb Code    18  stm32f10x_tim.o(.text)
    TIM_GenerateEvent                        0x08001e7d   Thumb Code     4  stm32f10x_tim.o(.text)
    TIM_DMAConfig                            0x08001e81   Thumb Code    10  stm32f10x_tim.o(.text)
    TIM_DMACmd                               0x08001e8b   Thumb Code    18  stm32f10x_tim.o(.text)
    TIM_InternalClockConfig                  0x08001e9d   Thumb Code    12  stm32f10x_tim.o(.text)
    TIM_SelectInputTrigger                   0x08001ea9   Thumb Code    18  stm32f10x_tim.o(.text)
    TIM_ITRxExternalClockConfig              0x08001ebb   Thumb Code    24  stm32f10x_tim.o(.text)
    TIM_TIxExternalClockConfig               0x08001ed3   Thumb Code    62  stm32f10x_tim.o(.text)
    TIM_ETRConfig                            0x08001f11   Thumb Code    28  stm32f10x_tim.o(.text)
    TIM_ETRClockMode1Config                  0x08001f2d   Thumb Code    54  stm32f10x_tim.o(.text)
    TIM_ETRClockMode2Config                  0x08001f63   Thumb Code    32  stm32f10x_tim.o(.text)
    TIM_PrescalerConfig                      0x08001f83   Thumb Code     6  stm32f10x_tim.o(.text)
    TIM_CounterModeConfig                    0x08001f89   Thumb Code    18  stm32f10x_tim.o(.text)
    TIM_EncoderInterfaceConfig               0x08001f9b   Thumb Code    66  stm32f10x_tim.o(.text)
    TIM_ForcedOC1Config                      0x08001fdd   Thumb Code    18  stm32f10x_tim.o(.text)
    TIM_ForcedOC2Config                      0x08001fef   Thumb Code    26  stm32f10x_tim.o(.text)
    TIM_ForcedOC3Config                      0x08002009   Thumb Code    18  stm32f10x_tim.o(.text)
    TIM_ForcedOC4Config                      0x0800201b   Thumb Code    26  stm32f10x_tim.o(.text)
    TIM_ARRPreloadConfig                     0x08002035   Thumb Code    24  stm32f10x_tim.o(.text)
    TIM_SelectCOM                            0x0800204d   Thumb Code    24  stm32f10x_tim.o(.text)
    TIM_SelectCCDMA                          0x08002065   Thumb Code    24  stm32f10x_tim.o(.text)
    TIM_CCPreloadControl                     0x0800207d   Thumb Code    24  stm32f10x_tim.o(.text)
    TIM_OC1PreloadConfig                     0x08002095   Thumb Code    18  stm32f10x_tim.o(.text)
    TIM_OC2PreloadConfig                     0x080020a7   Thumb Code    26  stm32f10x_tim.o(.text)
    TIM_OC3PreloadConfig                     0x080020c1   Thumb Code    18  stm32f10x_tim.o(.text)
    TIM_OC4PreloadConfig                     0x080020d3   Thumb Code    26  stm32f10x_tim.o(.text)
    TIM_OC1FastConfig                        0x080020ed   Thumb Code    18  stm32f10x_tim.o(.text)
    TIM_OC2FastConfig                        0x080020ff   Thumb Code    26  stm32f10x_tim.o(.text)
    TIM_OC3FastConfig                        0x08002119   Thumb Code    18  stm32f10x_tim.o(.text)
    TIM_OC4FastConfig                        0x0800212b   Thumb Code    26  stm32f10x_tim.o(.text)
    TIM_ClearOC1Ref                          0x08002145   Thumb Code    18  stm32f10x_tim.o(.text)
    TIM_ClearOC2Ref                          0x08002157   Thumb Code    24  stm32f10x_tim.o(.text)
    TIM_ClearOC3Ref                          0x0800216f   Thumb Code    18  stm32f10x_tim.o(.text)
    TIM_ClearOC4Ref                          0x08002181   Thumb Code    24  stm32f10x_tim.o(.text)
    TIM_OC1PolarityConfig                    0x08002199   Thumb Code    18  stm32f10x_tim.o(.text)
    TIM_OC1NPolarityConfig                   0x080021ab   Thumb Code    18  stm32f10x_tim.o(.text)
    TIM_OC2PolarityConfig                    0x080021bd   Thumb Code    26  stm32f10x_tim.o(.text)
    TIM_OC2NPolarityConfig                   0x080021d7   Thumb Code    26  stm32f10x_tim.o(.text)
    TIM_OC3PolarityConfig                    0x080021f1   Thumb Code    26  stm32f10x_tim.o(.text)
    TIM_OC3NPolarityConfig                   0x0800220b   Thumb Code    26  stm32f10x_tim.o(.text)
    TIM_OC4PolarityConfig                    0x08002225   Thumb Code    26  stm32f10x_tim.o(.text)
    TIM_CCxCmd                               0x0800223f   Thumb Code    30  stm32f10x_tim.o(.text)
    TIM_CCxNCmd                              0x0800225d   Thumb Code    30  stm32f10x_tim.o(.text)
    TIM_SelectOCxM                           0x0800227b   Thumb Code    82  stm32f10x_tim.o(.text)
    TIM_UpdateDisableConfig                  0x080022cd   Thumb Code    24  stm32f10x_tim.o(.text)
    TIM_UpdateRequestConfig                  0x080022e5   Thumb Code    24  stm32f10x_tim.o(.text)
    TIM_SelectHallSensor                     0x080022fd   Thumb Code    24  stm32f10x_tim.o(.text)
    TIM_SelectOnePulseMode                   0x08002315   Thumb Code    18  stm32f10x_tim.o(.text)
    TIM_SelectOutputTrigger                  0x08002327   Thumb Code    18  stm32f10x_tim.o(.text)
    TIM_SelectSlaveMode                      0x08002339   Thumb Code    18  stm32f10x_tim.o(.text)
    TIM_SelectMasterSlaveMode                0x0800234b   Thumb Code    18  stm32f10x_tim.o(.text)
    TIM_SetCounter                           0x0800235d   Thumb Code     4  stm32f10x_tim.o(.text)
    TIM_SetAutoreload                        0x08002361   Thumb Code     4  stm32f10x_tim.o(.text)
    TIM_SetCompare1                          0x08002365   Thumb Code     4  stm32f10x_tim.o(.text)
    TIM_SetCompare2                          0x08002369   Thumb Code     4  stm32f10x_tim.o(.text)
    TIM_SetCompare3                          0x0800236d   Thumb Code     4  stm32f10x_tim.o(.text)
    TIM_SetCompare4                          0x08002371   Thumb Code     6  stm32f10x_tim.o(.text)
    TIM_SetClockDivision                     0x08002377   Thumb Code    18  stm32f10x_tim.o(.text)
    TIM_GetCapture1                          0x08002389   Thumb Code     6  stm32f10x_tim.o(.text)
    TIM_GetCapture2                          0x0800238f   Thumb Code     6  stm32f10x_tim.o(.text)
    TIM_GetCapture3                          0x08002395   Thumb Code     6  stm32f10x_tim.o(.text)
    TIM_GetCapture4                          0x0800239b   Thumb Code     8  stm32f10x_tim.o(.text)
    TIM_GetCounter                           0x080023a3   Thumb Code     6  stm32f10x_tim.o(.text)
    TIM_GetPrescaler                         0x080023a9   Thumb Code     6  stm32f10x_tim.o(.text)
    TIM_GetFlagStatus                        0x080023af   Thumb Code    18  stm32f10x_tim.o(.text)
    TIM_ClearFlag                            0x080023c1   Thumb Code     6  stm32f10x_tim.o(.text)
    TIM_GetITStatus                          0x080023c7   Thumb Code    34  stm32f10x_tim.o(.text)
    TIM_ClearITPendingBit                    0x080023e9   Thumb Code     6  stm32f10x_tim.o(.text)
    DMA_DeInit                               0x080023f1   Thumb Code   324  stm32f10x_dma.o(.text)
    DMA_Init                                 0x08002535   Thumb Code    60  stm32f10x_dma.o(.text)
    DMA_StructInit                           0x08002571   Thumb Code    26  stm32f10x_dma.o(.text)
    DMA_Cmd                                  0x0800258b   Thumb Code    24  stm32f10x_dma.o(.text)
    DMA_ITConfig                             0x080025a3   Thumb Code    18  stm32f10x_dma.o(.text)
    DMA_SetCurrDataCounter                   0x080025b5   Thumb Code     4  stm32f10x_dma.o(.text)
    DMA_GetCurrDataCounter                   0x080025b9   Thumb Code     8  stm32f10x_dma.o(.text)
    DMA_GetFlagStatus                        0x080025c1   Thumb Code    40  stm32f10x_dma.o(.text)
    DMA_ClearFlag                            0x080025e9   Thumb Code    22  stm32f10x_dma.o(.text)
    DMA_GetITStatus                          0x080025ff   Thumb Code    40  stm32f10x_dma.o(.text)
    DMA_ClearITPendingBit                    0x08002627   Thumb Code    22  stm32f10x_dma.o(.text)
    safe_config_get                          0x08002645   Thumb Code    58  esp8266.o(.text)
    safe_config_set                          0x0800267f   Thumb Code    48  esp8266.o(.text)
    door_config_get                          0x080026af   Thumb Code    48  esp8266.o(.text)
    door_config_set                          0x080026df   Thumb Code    48  esp8266.o(.text)
    ESP8266_test                             0x0800270f   Thumb Code     2  esp8266.o(.text)
    ESP8266_Send                             0x08002711   Thumb Code   146  esp8266.o(.text)
    ESP8266_SendNetData                      0x080027a3   Thumb Code    28  esp8266.o(.text)
    ESP8266_ReadNetData                      0x080027bf   Thumb Code   250  esp8266.o(.text)
    ESP8266_SendCmd                          0x080028b9   Thumb Code    20  esp8266.o(.text)
    ESP8266_NeedSendData                     0x080028cd   Thumb Code    20  esp8266.o(.text)
    ESP8266_RecvProcess                      0x080028e1   Thumb Code   762  esp8266.o(.text)
    ESP8266_Start                            0x08002bdb   Thumb Code    10  esp8266.o(.text)
    ESP8266_Init                             0x08002be5   Thumb Code   152  esp8266.o(.text)
    ESP8266_RST                              0x08002c7d   Thumb Code     4  esp8266.o(.text)
    ESP8266_Sendu8                           0x08002c81   Thumb Code    12  esp8266.o(.text)
    ESP8266_senditoa                         0x08002c8d   Thumb Code    44  esp8266.o(.text)
    ESP8266_printf                           0x08002cb9   Thumb Code   194  esp8266.o(.text)
    ESP8266_Restore                          0x08002d7b   Thumb Code    14  esp8266.o(.text)
    cJSON_GetErrorPtr                        0x08002dcd   Thumb Code    12  cjson.o(.text)
    cJSON_IsString                           0x08002dd9   Thumb Code    22  cjson.o(.text)
    cJSON_GetStringValue                     0x08002def   Thumb Code    20  cjson.o(.text)
    cJSON_Version                            0x08002e03   Thumb Code    22  cjson.o(.text)
    cJSON_InitHooks                          0x08002e99   Thumb Code    82  cjson.o(.text)
    cJSON_Delete                             0x08002f05   Thumb Code    84  cjson.o(.text)
    cJSON_SetNumberHelper                    0x08003087   Thumb Code    72  cjson.o(.text)
    cJSON_ParseWithOpts                      0x08003b43   Thumb Code   204  cjson.o(.text)
    cJSON_Parse                              0x08003c0f   Thumb Code    16  cjson.o(.text)
    cJSON_Print                              0x08003ff3   Thumb Code    16  cjson.o(.text)
    cJSON_PrintUnformatted                   0x08004003   Thumb Code    16  cjson.o(.text)
    cJSON_PrintBuffered                      0x08004013   Thumb Code    90  cjson.o(.text)
    cJSON_PrintPreallocated                  0x0800406d   Thumb Code    64  cjson.o(.text)
    cJSON_GetArraySize                       0x080040ad   Thumb Code    28  cjson.o(.text)
    cJSON_GetArrayItem                       0x080040e7   Thumb Code    24  cjson.o(.text)
    cJSON_GetObjectItem                      0x08004151   Thumb Code    18  cjson.o(.text)
    cJSON_GetObjectItemCaseSensitive         0x08004163   Thumb Code    18  cjson.o(.text)
    cJSON_HasObjectItem                      0x08004175   Thumb Code    24  cjson.o(.text)
    cJSON_AddItemToArray                     0x080041fd   Thumb Code    16  cjson.o(.text)
    cJSON_AddItemToObject                    0x08004285   Thumb Code    26  cjson.o(.text)
    cJSON_AddItemToObjectCS                  0x0800429f   Thumb Code    26  cjson.o(.text)
    cJSON_AddItemReferenceToArray            0x080042b9   Thumb Code    32  cjson.o(.text)
    cJSON_AddItemReferenceToObject           0x080042d9   Thumb Code    44  cjson.o(.text)
    cJSON_CreateNull                         0x08004305   Thumb Code    20  cjson.o(.text)
    cJSON_AddNullToObject                    0x08004319   Thumb Code    44  cjson.o(.text)
    cJSON_CreateTrue                         0x08004345   Thumb Code    20  cjson.o(.text)
    cJSON_AddTrueToObject                    0x08004359   Thumb Code    44  cjson.o(.text)
    cJSON_CreateFalse                        0x08004385   Thumb Code    20  cjson.o(.text)
    cJSON_AddFalseToObject                   0x08004399   Thumb Code    44  cjson.o(.text)
    cJSON_CreateBool                         0x080043c5   Thumb Code    32  cjson.o(.text)
    cJSON_AddBoolToObject                    0x080043e5   Thumb Code    48  cjson.o(.text)
    cJSON_CreateNumber                       0x08004415   Thumb Code    82  cjson.o(.text)
    cJSON_AddNumberToObject                  0x08004467   Thumb Code    56  cjson.o(.text)
    cJSON_CreateString                       0x0800449f   Thumb Code    46  cjson.o(.text)
    cJSON_AddStringToObject                  0x080044cd   Thumb Code    48  cjson.o(.text)
    cJSON_CreateRaw                          0x080044fd   Thumb Code    46  cjson.o(.text)
    cJSON_AddRawToObject                     0x0800452b   Thumb Code    48  cjson.o(.text)
    cJSON_CreateObject                       0x0800455b   Thumb Code    20  cjson.o(.text)
    cJSON_AddObjectToObject                  0x0800456f   Thumb Code    44  cjson.o(.text)
    cJSON_CreateArray                        0x0800459b   Thumb Code    20  cjson.o(.text)
    cJSON_AddArrayToObject                   0x080045af   Thumb Code    44  cjson.o(.text)
    cJSON_DetachItemViaPointer               0x080045db   Thumb Code    50  cjson.o(.text)
    cJSON_DetachItemFromArray                0x0800460d   Thumb Code    34  cjson.o(.text)
    cJSON_DeleteItemFromArray                0x0800462f   Thumb Code    22  cjson.o(.text)
    cJSON_DetachItemFromObject               0x08004645   Thumb Code    26  cjson.o(.text)
    cJSON_DetachItemFromObjectCaseSensitive  0x0800465f   Thumb Code    26  cjson.o(.text)
    cJSON_DeleteItemFromObject               0x08004679   Thumb Code    22  cjson.o(.text)
    cJSON_DeleteItemFromObjectCaseSensitive  0x0800468f   Thumb Code    22  cjson.o(.text)
    cJSON_InsertItemInArray                  0x080046a5   Thumb Code    68  cjson.o(.text)
    cJSON_ReplaceItemViaPointer              0x080046e9   Thumb Code    74  cjson.o(.text)
    cJSON_ReplaceItemInArray                 0x08004733   Thumb Code    42  cjson.o(.text)
    cJSON_free                               0x0800475d   Thumb Code    14  cjson.o(.text)
    cJSON_ReplaceItemInObject                0x080047bf   Thumb Code    38  cjson.o(.text)
    cJSON_ReplaceItemInObjectCaseSensitive   0x080047e5   Thumb Code    22  cjson.o(.text)
    cJSON_CreateStringReference              0x080047fb   Thumb Code    32  cjson.o(.text)
    cJSON_CreateObjectReference              0x0800481b   Thumb Code    32  cjson.o(.text)
    cJSON_CreateArrayReference               0x0800483b   Thumb Code    32  cjson.o(.text)
    cJSON_CreateIntArray                     0x0800485b   Thumb Code   102  cjson.o(.text)
    cJSON_CreateFloatArray                   0x080048c1   Thumb Code   102  cjson.o(.text)
    cJSON_CreateDoubleArray                  0x08004927   Thumb Code   100  cjson.o(.text)
    cJSON_CreateStringArray                  0x0800498b   Thumb Code    94  cjson.o(.text)
    cJSON_Duplicate                          0x080049e9   Thumb Code   178  cjson.o(.text)
    cJSON_Minify                             0x08004a9b   Thumb Code   192  cjson.o(.text)
    cJSON_IsInvalid                          0x08004b5b   Thumb Code    20  cjson.o(.text)
    cJSON_IsFalse                            0x08004b6f   Thumb Code    20  cjson.o(.text)
    cJSON_IsTrue                             0x08004b83   Thumb Code    22  cjson.o(.text)
    cJSON_IsBool                             0x08004b99   Thumb Code    24  cjson.o(.text)
    cJSON_IsNull                             0x08004bb1   Thumb Code    22  cjson.o(.text)
    cJSON_IsNumber                           0x08004bc7   Thumb Code    26  cjson.o(.text)
    cJSON_IsArray                            0x08004be1   Thumb Code    22  cjson.o(.text)
    cJSON_IsObject                           0x08004bf7   Thumb Code    22  cjson.o(.text)
    cJSON_IsRaw                              0x08004c0d   Thumb Code    22  cjson.o(.text)
    cJSON_Compare                            0x08004c23   Thumb Code   392  cjson.o(.text)
    cJSON_malloc                             0x08004dab   Thumb Code    14  cjson.o(.text)
    Door_Init                                0x08004dbd   Thumb Code   152  door_fortest.o(.text)
    get_json_value                           0x08004e55   Thumb Code    46  door_fortest.o(.text)
    from_json                                0x08004e83   Thumb Code   612  door_fortest.o(.text)
    set_json_value                           0x080050e7   Thumb Code    38  door_fortest.o(.text)
    to_json                                  0x0800510d   Thumb Code  1346  door_fortest.o(.text)
    tolower                                  0x08005655   Thumb Code    12  tolower.o(.text)
    __aeabi_memcpy                           0x08005661   Thumb Code    36  memcpya.o(.text)
    __aeabi_memcpy4                          0x08005661   Thumb Code     0  memcpya.o(.text)
    __aeabi_memcpy8                          0x08005661   Thumb Code     0  memcpya.o(.text)
    __aeabi_memset                           0x08005685   Thumb Code    14  memseta.o(.text)
    __aeabi_memset4                          0x08005685   Thumb Code     0  memseta.o(.text)
    __aeabi_memset8                          0x08005685   Thumb Code     0  memseta.o(.text)
    __aeabi_memclr                           0x08005693   Thumb Code     4  memseta.o(.text)
    __aeabi_memclr4                          0x08005693   Thumb Code     0  memseta.o(.text)
    __aeabi_memclr8                          0x08005693   Thumb Code     0  memseta.o(.text)
    _memset$wrapper                          0x08005697   Thumb Code    18  memseta.o(.text)
    strcat                                   0x080056a9   Thumb Code    24  strcat.o(.text)
    strlen                                   0x080056c1   Thumb Code    14  strlen.o(.text)
    strcmp                                   0x080056cf   Thumb Code    28  strcmp.o(.text)
    strcpy                                   0x080056eb   Thumb Code    18  strcpy.o(.text)
    strncmp                                  0x080056fd   Thumb Code    30  strncmp.o(.text)
    __0sscanf                                0x0800571d   Thumb Code    48  __0sscanf.o(.text)
    _scanf_real                              0x08005855   Thumb Code     0  scanf_fp.o(.text)
    _scanf_really_real                       0x08005855   Thumb Code   556  scanf_fp.o(.text)
    __aeabi_dmul                             0x08005a8d   Thumb Code   228  dmul.o(.text)
    __aeabi_i2d                              0x08005b71   Thumb Code    34  dflti.o(.text)
    __aeabi_ui2d                             0x08005b93   Thumb Code    26  dfltui.o(.text)
    __aeabi_d2iz                             0x08005bad   Thumb Code    62  dfixi.o(.text)
    __aeabi_d2uiz                            0x08005beb   Thumb Code    50  dfixui.o(.text)
    __aeabi_f2d                              0x08005c1d   Thumb Code    38  f2d.o(.text)
    __aeabi_cdcmpeq                          0x08005c45   Thumb Code     0  cdcmple.o(.text)
    __aeabi_cdcmple                          0x08005c45   Thumb Code    48  cdcmple.o(.text)
    __aeabi_cdrcmple                         0x08005c75   Thumb Code    48  cdrcmple.o(.text)
    __aeabi_d2f                              0x08005ca5   Thumb Code    56  d2f.o(.text)
    __aeabi_uidiv                            0x08005cdd   Thumb Code     0  uidiv.o(.text)
    __aeabi_uidivmod                         0x08005cdd   Thumb Code    44  uidiv.o(.text)
    __aeabi_uldivmod                         0x08005d09   Thumb Code    98  uldiv.o(.text)
    __aeabi_llsr                             0x08005d6b   Thumb Code    32  llushr.o(.text)
    _ll_ushift_r                             0x08005d6b   Thumb Code     0  llushr.o(.text)
    __vfscanf_char                           0x08005d99   Thumb Code    20  scanf_char.o(.text)
    _sgetc                                   0x08005db5   Thumb Code    30  _sgetc.o(.text)
    _sbackspace                              0x08005dd3   Thumb Code    34  _sgetc.o(.text)
    __strtod_int                             0x08005e2b   Thumb Code    88  strtod.o(.text)
    __I$use$fp                               0x08005e91   Thumb Code     0  iusefp.o(.text)
    _float_round                             0x08005e91   Thumb Code    18  fepilogue.o(.text)
    _float_epilogue                          0x08005ea3   Thumb Code    92  fepilogue.o(.text)
    _double_round                            0x08005eff   Thumb Code    30  depilogue.o(.text)
    _double_epilogue                         0x08005f1d   Thumb Code   156  depilogue.o(.text)
    __aeabi_dadd                             0x08005fb9   Thumb Code   322  dadd.o(.text)
    __aeabi_dsub                             0x080060fb   Thumb Code     6  dadd.o(.text)
    __aeabi_drsub                            0x08006101   Thumb Code     6  dadd.o(.text)
    __aeabi_ddiv                             0x08006107   Thumb Code   222  ddiv.o(.text)
    __aeabi_ul2d                             0x080061e5   Thumb Code    24  dfltul.o(.text)
    __aeabi_d2ulz                            0x080061fd   Thumb Code    48  dfixul.o(.text)
    __scatterload                            0x0800622d   Thumb Code    28  init.o(.text)
    __scatterload_rt2                        0x0800622d   Thumb Code     0  init.o(.text)
    __aeabi_llsl                             0x08006251   Thumb Code    30  llshl.o(.text)
    _ll_shift_l                              0x08006251   Thumb Code     0  llshl.o(.text)
    __aeabi_lasr                             0x0800626f   Thumb Code    36  llsshr.o(.text)
    _ll_sshift_r                             0x0800626f   Thumb Code     0  llsshr.o(.text)
    isspace                                  0x08006293   Thumb Code    10  isspace_c.o(.text)
    __vfscanf                                0x0800629d   Thumb Code   808  _scanf.o(.text)
    __ctype_lookup                           0x080065c9   Thumb Code    34  ctype_c.o(.text)
    __0printf                                0x080065f1   Thumb Code    22  printfa.o(i.__0printf)
    __1printf                                0x080065f1   Thumb Code     0  printfa.o(i.__0printf)
    __2printf                                0x080065f1   Thumb Code     0  printfa.o(i.__0printf)
    __c89printf                              0x080065f1   Thumb Code     0  printfa.o(i.__0printf)
    printf                                   0x080065f1   Thumb Code     0  printfa.o(i.__0printf)
    __0sprintf                               0x08006611   Thumb Code    34  printfa.o(i.__0sprintf)
    __1sprintf                               0x08006611   Thumb Code     0  printfa.o(i.__0sprintf)
    __2sprintf                               0x08006611   Thumb Code     0  printfa.o(i.__0sprintf)
    __c89sprintf                             0x08006611   Thumb Code     0  printfa.o(i.__0sprintf)
    sprintf                                  0x08006611   Thumb Code     0  printfa.o(i.__0sprintf)
    free                                     0x08006639   Thumb Code    88  mallocr.o(i.__free$realloc)
    malloc                                   0x08006695   Thumb Code    64  mallocr.o(i.__malloc$realloc)
    __scatterload_copy                       0x080066e5   Thumb Code    14  handlers.o(i.__scatterload_copy)
    __scatterload_null                       0x080066f3   Thumb Code     2  handlers.o(i.__scatterload_null)
    __scatterload_zeroinit                   0x080066f5   Thumb Code    14  handlers.o(i.__scatterload_zeroinit)
    _is_digit                                0x08006869   Thumb Code    14  scanf_fp.o(i._is_digit)
    realloc                                  0x08007001   Thumb Code   102  mallocr.o(i.realloc)
    strtod                                   0x0800706d   Thumb Code    28  strtod.o(i.strtod)
    __ctype_categories                       0x08007088   Data          64  ctype_c.o(.constdata)
    Region$$Table$$Base                      0x0800717c   Number         0  anon$$obj.o(Region$$Table)
    Region$$Table$$Limit                     0x0800719c   Number         0  anon$$obj.o(Region$$Table)
    SystemCoreClock                          0x20000000   Data           4  system_stm32f10x.o(.data)
    AHBPrescTable                            0x20000004   Data          16  system_stm32f10x.o(.data)
    m_state                                  0x20000018   Data           1  usart.o(.data)
    m_total_check_calc                       0x20000019   Data           1  usart.o(.data)
    m_len                                    0x2000001a   Data           2  usart.o(.data)
    dataLen                                  0x2000001c   Data           2  usart.o(.data)
    m_type                                   0x2000001e   Data           1  usart.o(.data)
    m_total_check                            0x2000001f   Data           1  usart.o(.data)
    RX_count                                 0x20000020   Data           2  usart.o(.data)
    RestoreFlag                              0x20000080   Data           1  esp8266.o(.data)
    SendCursor                               0x20000082   Data           2  esp8266.o(.data)
    msg_type                                 0x20000084   Data           1  esp8266.o(.data)
    syn_control                              0x20000085   Data           1  esp8266.o(.data)
    __stdout                                 0x2000009c   Data           4  stdout.o(.data)
    __microlib_freelist                      0x200000a0   Data           4  mvars.o(.data)
    __microlib_freelist_initialised          0x200000a4   Data           4  mvars.o(.data)
    DMA_InitStructure                        0x200000a8   Data          44  dma.o(.bss)
    rdQueue                                  0x200000d4   Data        2056  usart.o(.bss)
    SendBuf                                  0x200008dc   Data        1024  esp8266.o(.bss)
    ESP8266sData                             0x20000cdc   Data         200  esp8266.o(.bss)
    token                                    0x20000da4   Data          24  esp8266.o(.bss)
    m_config                                 0x20000dcc   Data         124  door_fortest.o(.bss)
    __heap_base                              0x20000e48   Data           0  startup_stm32f10x_hd.o(HEAP)
    __heap_limit                             0x20005e48   Data           0  startup_stm32f10x_hd.o(HEAP)
    __initial_sp                             0x20006248   Data           0  startup_stm32f10x_hd.o(STACK)



==============================================================================

Memory Map of the image

  Image Entry point : 0x08000131

  Load Region LR_IROM1 (Base: 0x08000000, Size: 0x00007244, Max: 0x00040000, ABSOLUTE)

    Execution Region ER_IROM1 (Base: 0x08000000, Size: 0x0000719c, Max: 0x00040000, ABSOLUTE)

    Base Addr    Size         Type   Attr      Idx    E Section Name        Object

    0x08000000   0x00000130   Data   RO          303    RESET               startup_stm32f10x_hd.o
    0x08000130   0x00000000   Code   RO          497  * .ARM.Collect$$$$00000000  mc_w.l(entry.o)
    0x08000130   0x00000004   Code   RO          833    .ARM.Collect$$$$00000001  mc_w.l(entry2.o)
    0x08000134   0x00000004   Code   RO          836    .ARM.Collect$$$$00000004  mc_w.l(entry5.o)
    0x08000138   0x00000000   Code   RO          838    .ARM.Collect$$$$00000008  mc_w.l(entry7b.o)
    0x08000138   0x00000000   Code   RO          840    .ARM.Collect$$$$0000000A  mc_w.l(entry8b.o)
    0x08000138   0x00000008   Code   RO          841    .ARM.Collect$$$$0000000B  mc_w.l(entry9a.o)
    0x08000140   0x00000000   Code   RO          843    .ARM.Collect$$$$0000000D  mc_w.l(entry10a.o)
    0x08000140   0x00000000   Code   RO          845    .ARM.Collect$$$$0000000F  mc_w.l(entry11a.o)
    0x08000140   0x00000004   Code   RO          834    .ARM.Collect$$$$00002712  mc_w.l(entry2.o)
    0x08000144   0x00000050   Code   RO            1    .text               main.o
    0x08000194   0x0000001a   Code   RO          142    .text               stm32f10x_it.o
    0x080001ae   0x00000002   PAD
    0x080001b0   0x000001e0   Code   RO          183    .text               system_stm32f10x.o
    0x08000390   0x00000050   Code   RO          201    .text               led.o
    0x080003e0   0x000000f8   Code   RO          213    .text               timer.o
    0x080004d8   0x00000078   Code   RO          232    .text               dma.o
    0x08000550   0x000000d4   Code   RO          247    .text               delay.o
    0x08000624   0x000003a8   Code   RO          267    .text               usart.o
    0x080009cc   0x00000024   Code   RO          304    .text               startup_stm32f10x_hd.o
    0x080009f0   0x0000035c   Code   RO          308    .text               stm32f10x_gpio.o
    0x08000d4c   0x000003a4   Code   RO          320    .text               stm32f10x_rcc.o
    0x080010f0   0x00000408   Code   RO          334    .text               stm32f10x_usart.o
    0x080014f8   0x000000dc   Code   RO          346    .text               misc.o
    0x080015d4   0x00000e1a   Code   RO          358    .text               stm32f10x_tim.o
    0x080023ee   0x00000002   PAD
    0x080023f0   0x00000254   Code   RO          370    .text               stm32f10x_dma.o
    0x08002644   0x00000788   Code   RO          382    .text               esp8266.o
    0x08002dcc   0x00001ff0   Code   RO          402    .text               cjson.o
    0x08004dbc   0x00000898   Code   RO          460    .text               door_fortest.o
    0x08005654   0x0000000c   Code   RO          500    .text               mc_w.l(tolower.o)
    0x08005660   0x00000024   Code   RO          502    .text               mc_w.l(memcpya.o)
    0x08005684   0x00000024   Code   RO          504    .text               mc_w.l(memseta.o)
    0x080056a8   0x00000018   Code   RO          506    .text               mc_w.l(strcat.o)
    0x080056c0   0x0000000e   Code   RO          508    .text               mc_w.l(strlen.o)
    0x080056ce   0x0000001c   Code   RO          510    .text               mc_w.l(strcmp.o)
    0x080056ea   0x00000012   Code   RO          512    .text               mc_w.l(strcpy.o)
    0x080056fc   0x0000001e   Code   RO          514    .text               mc_w.l(strncmp.o)
    0x0800571a   0x00000002   PAD
    0x0800571c   0x00000038   Code   RO          809    .text               mc_w.l(__0sscanf.o)
    0x08005754   0x00000338   Code   RO          811    .text               mc_w.l(scanf_fp.o)
    0x08005a8c   0x000000e4   Code   RO          815    .text               mf_w.l(dmul.o)
    0x08005b70   0x00000022   Code   RO          817    .text               mf_w.l(dflti.o)
    0x08005b92   0x0000001a   Code   RO          819    .text               mf_w.l(dfltui.o)
    0x08005bac   0x0000003e   Code   RO          821    .text               mf_w.l(dfixi.o)
    0x08005bea   0x00000032   Code   RO          823    .text               mf_w.l(dfixui.o)
    0x08005c1c   0x00000026   Code   RO          825    .text               mf_w.l(f2d.o)
    0x08005c42   0x00000002   PAD
    0x08005c44   0x00000030   Code   RO          827    .text               mf_w.l(cdcmple.o)
    0x08005c74   0x00000030   Code   RO          829    .text               mf_w.l(cdrcmple.o)
    0x08005ca4   0x00000038   Code   RO          831    .text               mf_w.l(d2f.o)
    0x08005cdc   0x0000002c   Code   RO          848    .text               mc_w.l(uidiv.o)
    0x08005d08   0x00000062   Code   RO          850    .text               mc_w.l(uldiv.o)
    0x08005d6a   0x00000020   Code   RO          852    .text               mc_w.l(llushr.o)
    0x08005d8a   0x00000002   PAD
    0x08005d8c   0x00000028   Code   RO          856    .text               mc_w.l(scanf_char.o)
    0x08005db4   0x00000040   Code   RO          858    .text               mc_w.l(_sgetc.o)
    0x08005df4   0x0000009c   Code   RO          860    .text               mc_w.l(strtod.o)
    0x08005e90   0x00000000   Code   RO          862    .text               mc_w.l(iusefp.o)
    0x08005e90   0x0000006e   Code   RO          863    .text               mf_w.l(fepilogue.o)
    0x08005efe   0x000000ba   Code   RO          865    .text               mf_w.l(depilogue.o)
    0x08005fb8   0x0000014e   Code   RO          867    .text               mf_w.l(dadd.o)
    0x08006106   0x000000de   Code   RO          869    .text               mf_w.l(ddiv.o)
    0x080061e4   0x00000018   Code   RO          871    .text               mf_w.l(dfltul.o)
    0x080061fc   0x00000030   Code   RO          873    .text               mf_w.l(dfixul.o)
    0x0800622c   0x00000024   Code   RO          875    .text               mc_w.l(init.o)
    0x08006250   0x0000001e   Code   RO          877    .text               mc_w.l(llshl.o)
    0x0800626e   0x00000024   Code   RO          879    .text               mc_w.l(llsshr.o)
    0x08006292   0x0000000a   Code   RO          881    .text               mc_w.l(isspace_c.o)
    0x0800629c   0x0000032c   Code   RO          883    .text               mc_w.l(_scanf.o)
    0x080065c8   0x00000028   Code   RO          885    .text               mc_w.l(ctype_c.o)
    0x080065f0   0x00000020   Code   RO          753    i.__0printf         mc_w.l(printfa.o)
    0x08006610   0x00000028   Code   RO          755    i.__0sprintf        mc_w.l(printfa.o)
    0x08006638   0x0000005c   Code   RO          785    i.__free$realloc    mc_w.l(mallocr.o)
    0x08006694   0x00000050   Code   RO          786    i.__malloc$realloc  mc_w.l(mallocr.o)
    0x080066e4   0x0000000e   Code   RO          890    i.__scatterload_copy  mc_w.l(handlers.o)
    0x080066f2   0x00000002   Code   RO          891    i.__scatterload_null  mc_w.l(handlers.o)
    0x080066f4   0x0000000e   Code   RO          892    i.__scatterload_zeroinit  mc_w.l(handlers.o)
    0x08006702   0x00000002   PAD
    0x08006704   0x00000164   Code   RO          760    i._fp_digits        mc_w.l(printfa.o)
    0x08006868   0x0000000e   Code   RO          813    i._is_digit         mc_w.l(scanf_fp.o)
    0x08006876   0x00000002   PAD
    0x08006878   0x000006dc   Code   RO          761    i._printf_core      mc_w.l(printfa.o)
    0x08006f54   0x00000024   Code   RO          762    i._printf_post_padding  mc_w.l(printfa.o)
    0x08006f78   0x0000002e   Code   RO          763    i._printf_pre_padding  mc_w.l(printfa.o)
    0x08006fa6   0x0000000a   Code   RO          765    i._sputc            mc_w.l(printfa.o)
    0x08006fb0   0x00000050   Code   RO          787    i.internal_alloc    mc_w.l(mallocr.o)
    0x08007000   0x0000006c   Code   RO          788    i.realloc           mc_w.l(mallocr.o)
    0x0800706c   0x0000001c   Code   RO          494    i.strtod            m_ws.l(strtod.o)
    0x08007088   0x00000040   Data   RO          886    .constdata          mc_w.l(ctype_c.o)
    0x080070c8   0x000000b2   Data   RO          384    .conststring        esp8266.o
    0x0800717a   0x00000002   PAD
    0x0800717c   0x00000020   Data   RO          888    Region$$Table       anon$$obj.o


    Execution Region RW_IRAM1 (Base: 0x20000000, Size: 0x00006248, Max: 0x0000c000, ABSOLUTE)

    Base Addr    Size         Type   Attr      Idx    E Section Name        Object

    0x20000000   0x00000014   Data   RW          184    .data               system_stm32f10x.o
    0x20000014   0x00000004   Data   RW          248    .data               delay.o
    0x20000018   0x0000000a   Data   RW          269    .data               usart.o
    0x20000022   0x00000014   Data   RW          321    .data               stm32f10x_rcc.o
    0x20000036   0x00000002   PAD
    0x20000038   0x0000004e   Data   RW          385    .data               esp8266.o
    0x20000086   0x00000002   PAD
    0x20000088   0x00000014   Data   RW          404    .data               cjson.o
    0x2000009c   0x00000004   Data   RW          847    .data               mc_w.l(stdout.o)
    0x200000a0   0x00000004   Data   RW          854    .data               mc_w.l(mvars.o)
    0x200000a4   0x00000004   Data   RW          855    .data               mc_w.l(mvars.o)
    0x200000a8   0x0000002c   Zero   RW          233    .bss                dma.o
    0x200000d4   0x00000808   Zero   RW          268    .bss                usart.o
    0x200008dc   0x000004e0   Zero   RW          383    .bss                esp8266.o
    0x20000dbc   0x0000000f   Zero   RW          403    .bss                cjson.o
    0x20000dcb   0x00000001   PAD
    0x20000dcc   0x0000007c   Zero   RW          461    .bss                door_fortest.o
    0x20000e48   0x00005000   Zero   RW          302    HEAP                startup_stm32f10x_hd.o
    0x20005e48   0x00000400   Zero   RW          301    STACK               startup_stm32f10x_hd.o


==============================================================================

Image component sizes


      Code (inc. data)   RO Data    RW Data    ZI Data      Debug   Object Name

      8176        160          0         20         15      39494   cjson.o
         0          0          0          0          0         32   core_cm3.o
       212         18          0          4          0       1027   delay.o
       120         10          0          0         44       1432   dma.o
      2200        566          0          0        124       4611   door_fortest.o
      1928        332        178         78       1248       8392   esp8266.o
        80          8          0          0          0        491   led.o
        80         12          0          0          0     267007   main.o
       220         22          0          0          0       1793   misc.o
        36          8        304          0      21504        792   startup_stm32f10x_hd.o
       596          8          0          0          0       4358   stm32f10x_dma.o
       860         38          0          0          0       5729   stm32f10x_gpio.o
        26          0          0          0          0       1178   stm32f10x_it.o
       932         36          0         20          0       8908   stm32f10x_rcc.o
      3610         88          0          0          0      22836   stm32f10x_tim.o
      1032         22          0          0          0       8452   stm32f10x_usart.o
       480         38          0         20          0       1731   system_stm32f10x.o
       248         22          0          0          0       1109   timer.o
       936         54          0         10       2056       4966   usart.o

    ----------------------------------------------------------------------
     21776       1442        516        156      24992     384338   Object Totals
         0          0         32          0          0          0   (incl. Generated)
         4          0          2          4          1          0   (incl. Padding)

    ----------------------------------------------------------------------

      Code (inc. data)   RO Data    RW Data    ZI Data      Debug   Library Member Name

        28          0          0          0          0         80   strtod.o
        56          8          0          0          0         84   __0sscanf.o
       812          4          0          0          0        112   _scanf.o
        64          0          0          0          0         84   _sgetc.o
        40          6         64          0          0         68   ctype_c.o
         0          0          0          0          0          0   entry.o
         0          0          0          0          0          0   entry10a.o
         0          0          0          0          0          0   entry11a.o
         8          4          0          0          0          0   entry2.o
         4          0          0          0          0          0   entry5.o
         0          0          0          0          0          0   entry7b.o
         0          0          0          0          0          0   entry8b.o
         8          4          0          0          0          0   entry9a.o
        30          0          0          0          0          0   handlers.o
        36          8          0          0          0         68   init.o
        10          0          0          0          0         68   isspace_c.o
         0          0          0          0          0          0   iusefp.o
        30          0          0          0          0         68   llshl.o
        36          0          0          0          0         68   llsshr.o
        32          0          0          0          0         68   llushr.o
       360         30          0          0          0        356   mallocr.o
        36          0          0          0          0         68   memcpya.o
        36          0          0          0          0        108   memseta.o
         0          0          0          8          0          0   mvars.o
      2276         96          0          0          0        596   printfa.o
        40          8          0          0          0         84   scanf_char.o
       838         12          0          0          0        216   scanf_fp.o
         0          0          0          4          0          0   stdout.o
        24          0          0          0          0         68   strcat.o
        28          0          0          0          0         76   strcmp.o
        18          0          0          0          0         68   strcpy.o
        14          0          0          0          0         68   strlen.o
        30          0          0          0          0         80   strncmp.o
       156         14          0          0          0        120   strtod.o
        12          0          0          0          0         68   tolower.o
        44          0          0          0          0         80   uidiv.o
        98          0          0          0          0         92   uldiv.o
        48          0          0          0          0         68   cdcmple.o
        48          0          0          0          0         68   cdrcmple.o
        56          0          0          0          0         88   d2f.o
       334          0          0          0          0        148   dadd.o
       222          0          0          0          0        100   ddiv.o
       186          0          0          0          0        176   depilogue.o
        62          0          0          0          0         80   dfixi.o
        50          0          0          0          0         76   dfixui.o
        48          0          0          0          0         68   dfixul.o
        34          0          0          0          0         76   dflti.o
        26          0          0          0          0         76   dfltui.o
        24          0          0          0          0         76   dfltul.o
       228          0          0          0          0         96   dmul.o
        38          0          0          0          0         68   f2d.o
       110          0          0          0          0        168   fepilogue.o

    ----------------------------------------------------------------------
      6728        194         64         12          0       4348   Library Totals
        10          0          0          0          0          0   (incl. Padding)

    ----------------------------------------------------------------------

      Code (inc. data)   RO Data    RW Data    ZI Data      Debug   Library Name

        28          0          0          0          0         80   m_ws.l
      5176        194         64         12          0       2836   mc_w.l
      1514          0          0          0          0       1432   mf_w.l

    ----------------------------------------------------------------------
      6728        194         64         12          0       4348   Library Totals

    ----------------------------------------------------------------------

==============================================================================


      Code (inc. data)   RO Data    RW Data    ZI Data      Debug   

     28504       1636        580        168      24992     384626   Grand Totals
     28504       1636        580        168      24992     384626   ELF Image Totals
     28504       1636        580        168          0          0   ROM Totals

==============================================================================

    Total RO  Size (Code + RO Data)                29084 (  28.40kB)
    Total RW  Size (RW Data + ZI Data)             25160 (  24.57kB)
    Total ROM Size (Code + RO Data + RW Data)      29252 (  28.57kB)

==============================================================================

