Component: ARM Compiler 5.06 update 1 (build 61) Tool: armlink [4d35a8]

==============================================================================

Section Cross References

    main.o(.text) refers to misc.o(.text) for NVIC_PriorityGroupConfig
    main.o(.text) refers to delay.o(.text) for delay_init
    main.o(.text) refers to led.o(.text) for LED_Init
    main.o(.text) refers to esp8266.o(.text) for ESP8266_Init
    main.o(.text) refers to exti.o(.text) for EXTIX_Init
    main.o(.text) refers to usart.o(.text) for USART3_Init
    system_stm32f10x.o(.text) refers to system_stm32f10x.o(.data) for SystemCoreClock
    led.o(.text) refers to stm32f10x_rcc.o(.text) for RCC_APB2PeriphClockCmd
    led.o(.text) refers to stm32f10x_gpio.o(.text) for GPIO_Init
    exti.o(.text) refers to stm32f10x_rcc.o(.text) for RCC_APB2PeriphClockCmd
    exti.o(.text) refers to stm32f10x_gpio.o(.text) for GPIO_PinRemapConfig
    exti.o(.text) refers to stm32f10x_exti.o(.text) for EXTI_Init
    exti.o(.text) refers to misc.o(.text) for NVIC_Init
    exti.o(.text) refers to delay.o(.text) for delay_ms
    exti.o(.text) refers to esp8266.o(.text) for ESP8266_Restore
    exti.o(.text) refers to printfa.o(i.__0printf) for __2printf
    delay.o(.text) refers to misc.o(.text) for SysTick_CLKSourceConfig
    delay.o(.text) refers to system_stm32f10x.o(.data) for SystemCoreClock
    delay.o(.text) refers to delay.o(.data) for fac_us
    usart.o(.text) refers to stm32f10x_rcc.o(.text) for RCC_APB2PeriphClockCmd
    usart.o(.text) refers to stm32f10x_gpio.o(.text) for GPIO_Init
    usart.o(.text) refers to misc.o(.text) for NVIC_Init
    usart.o(.text) refers to stm32f10x_usart.o(.text) for USART_Init
    usart.o(.text) refers to usart.o(.data) for RX_count
    usart.o(.text) refers to usart.o(.bss) for rdQueue
    myspi.o(.text) refers to stm32f10x_rcc.o(.text) for RCC_APB2PeriphClockCmd
    myspi.o(.text) refers to stm32f10x_gpio.o(.text) for GPIO_Init
    myspi.o(.text) refers to stm32f10x_spi.o(.text) for SPI_Init
    myspi.o(.text) refers to printfa.o(i.__0printf) for __2printf
    myspi.o(.text) refers to myspi.o(.data) for Spi1SendBuff
    myspi.o(.text) refers to myspi.o(.bss) for Spi1ReadBuff
    myspi.o(.data) refers to myspi.o(.conststring) for .conststring
    startup_stm32f10x_hd.o(RESET) refers to startup_stm32f10x_hd.o(STACK) for __initial_sp
    startup_stm32f10x_hd.o(RESET) refers to startup_stm32f10x_hd.o(.text) for Reset_Handler
    startup_stm32f10x_hd.o(RESET) refers to stm32f10x_it.o(.text) for NMI_Handler
    startup_stm32f10x_hd.o(RESET) refers to exti.o(.text) for EXTI0_IRQHandler
    startup_stm32f10x_hd.o(RESET) refers to myspi.o(.text) for SPI1_IRQHandler
    startup_stm32f10x_hd.o(RESET) refers to usart.o(.text) for USART1_IRQHandler
    startup_stm32f10x_hd.o(.text) refers to system_stm32f10x.o(.text) for SystemInit
    startup_stm32f10x_hd.o(.text) refers to entry.o(.ARM.Collect$$$$00000000) for __main
    stm32f10x_gpio.o(.text) refers to stm32f10x_rcc.o(.text) for RCC_APB2PeriphResetCmd
    stm32f10x_rcc.o(.text) refers to stm32f10x_rcc.o(.data) for APBAHBPrescTable
    stm32f10x_usart.o(.text) refers to stm32f10x_rcc.o(.text) for RCC_APB2PeriphResetCmd
    stm32f10x_tim.o(.text) refers to stm32f10x_rcc.o(.text) for RCC_APB2PeriphResetCmd
    stm32f10x_spi.o(.text) refers to stm32f10x_rcc.o(.text) for RCC_APB2PeriphResetCmd
    esp8266.o(.text) refers to value.o(i.json_delete) for json_delete
    esp8266.o(.text) refers to value.o(i.json_array_size) for json_array_size
    esp8266.o(.text) refers to value.o(i.json_object_size) for json_object_size
    esp8266.o(.text) refers to strstr.o(.text) for strstr
    esp8266.o(.text) refers to strcpy.o(.text) for strcpy
    esp8266.o(.text) refers to value.o(i.json_object_iter) for json_object_iter
    esp8266.o(.text) refers to value.o(i.json_object_iter_key) for json_object_iter_key
    esp8266.o(.text) refers to strlen.o(.text) for strlen
    esp8266.o(.text) refers to value.o(i.json_string_value) for json_string_value
    esp8266.o(.text) refers to value.o(i.json_object_get) for json_object_get
    esp8266.o(.text) refers to value.o(i.json_object_key_to_iter) for json_object_key_to_iter
    esp8266.o(.text) refers to value.o(i.json_object_iter_next) for json_object_iter_next
    esp8266.o(.text) refers to value.o(i.json_object_iter_value) for json_object_iter_value
    esp8266.o(.text) refers to value.o(i.json_array_get) for json_array_get
    esp8266.o(.text) refers to usart.o(.text) for USART1_Putc
    esp8266.o(.text) refers to value.o(i.json_object) for json_object
    esp8266.o(.text) refers to value.o(i.json_string) for json_string
    esp8266.o(.text) refers to value.o(i.json_object_set_new) for json_object_set_new
    esp8266.o(.text) refers to dump.o(i.json_dumps) for json_dumps
    esp8266.o(.text) refers to delay.o(.text) for delay_ms
    esp8266.o(.text) refers to printfa.o(i.__0printf) for __2printf
[...]
    .text                                    0x08002cd6   Section        0  llushr.o(.text)
    .text                                    0x08002cf6   Section        0  llsshr.o(.text)
    .text                                    0x08002d1c   Section        0  ctype_o.o(.text)
    .text                                    0x08002d24   Section        0  isspace_o.o(.text)
    .text                                    0x08002d38   Section        0  scanf_fp.o(.text)
    _fp_value                                0x08002d39   Thumb Code   256  scanf_fp.o(.text)
    .text                                    0x08003070   Section        0  _sgetc.o(.text)
    .text                                    0x080030b0   Section        0  _strtoull.o(.text)
    .text                                    0x08003172   Section        0  _chval.o(.text)
    .text                                    0x0800318e   Section        0  dfltul.o(.text)
    .text                                    0x080031a6   Section        0  d2f.o(.text)
    .text                                    0x080031de   Section        0  fepilogue.o(.text)
    i.__0printf                              0x0800324c   Section        0  printfa.o(i.__0printf)
    i.__0snprintf                            0x0800326c   Section        0  printfa.o(i.__0snprintf)
    i.__0sprintf                             0x08003294   Section        0  printfa.o(i.__0sprintf)
    i.__0vsnprintf                           0x080032bc   Section        0  printfa.o(i.__0vsnprintf)
    i.__ARM_common_switch8                   0x080032e0   Section        0  dump.o(i.__ARM_common_switch8)
    i.__ARM_isinf                            0x080032fa   Section        0  value.o(i.__ARM_isinf)
    i.__ARM_isnan                            0x08003310   Section        0  value.o(i.__ARM_isnan)
    i.__aeabi_errno_addr                     0x08003328   Section        0  errno.o(i.__aeabi_errno_addr)
    i.__scatterload_copy                     0x08003330   Section       14  handlers.o(i.__scatterload_copy)
    i.__scatterload_null                     0x0800333e   Section        2  handlers.o(i.__scatterload_null)
    i.__scatterload_zeroinit                 0x08003340   Section       14  handlers.o(i.__scatterload_zeroinit)
    i._fp_digits                             0x08003350   Section        0  printfa.o(i._fp_digits)
    _fp_digits                               0x08003351   Thumb Code   334  printfa.o(i._fp_digits)
    i._is_digit                              0x080034b4   Section        0  scanf_fp.o(i._is_digit)
    i._printf_core                           0x080034c4   Section        0  printfa.o(i._printf_core)
    _printf_core                             0x080034c5   Thumb Code  1744  printfa.o(i._printf_core)
    i._printf_post_padding                   0x08003ba0   Section        0  printfa.o(i._printf_post_padding)
    _printf_post_padding                     0x08003ba1   Thumb Code    36  printfa.o(i._printf_post_padding)
    i._printf_pre_padding                    0x08003bc4   Section        0  printfa.o(i._printf_pre_padding)
    _printf_pre_padding                      0x08003bc5   Thumb Code    46  printfa.o(i._printf_pre_padding)
    i._snputc                                0x08003bf2   Section        0  printfa.o(i._snputc)
    _snputc                                  0x08003bf3   Thumb Code    22  printfa.o(i._snputc)
    i._sputc                                 0x08003c08   Section        0  printfa.o(i._sputc)
    _sputc                                   0x08003c09   Thumb Code    10  printfa.o(i._sputc)
    i.array_copy                             0x08003c12   Section        0  value.o(i.array_copy)
    array_copy                               0x08003c13   Thumb Code    24  value.o(i.array_copy)
    i.bucket_is_empty                        0x08003c2a   Section        0  hashtable.o(i.bucket_is_empty)
    bucket_is_empty                          0x08003c2b   Thumb Code    22  hashtable.o(i.bucket_is_empty)
    i.decode_unicode_escape                  0x08003c40   Section        0  load.o(i.decode_unicode_escape)
    decode_unicode_escape                    0x08003c41   Thumb Code    76  load.o(i.decode_unicode_escape)
    i.do_dump                                0x08003c8c   Section        0  dump.o(i.do_dump)
    do_dump                                  0x08003c8d   Thumb Code   846  dump.o(i.do_dump)
    i.dump_indent                            0x08004020   Section        0  dump.o(i.dump_indent)
    dump_indent                              0x08004021   Thumb Code    82  dump.o(i.dump_indent)
    i.dump_string                            0x08004080   Section        0  dump.o(i.dump_string)
    dump_string                              0x08004081   Thumb Code   270  dump.o(i.dump_string)
    i.dump_to_strbuffer                      0x080041cc   Section        0  dump.o(i.dump_to_strbuffer)
    dump_to_strbuffer                        0x080041cd   Thumb Code    16  dump.o(i.dump_to_strbuffer)
    i.error_set                              0x080041dc   Section        0  load.o(i.error_set)
    error_set                                0x080041dd   Thumb Code   150  load.o(i.error_set)
    i.free                                   0x0800429c   Section        0  malloc.o(i.free)
    i.hashlittle                             0x080042ec   Section        0  hashtable.o(i.hashlittle)
    hashlittle                               0x080042ed   Thumb Code   318  hashtable.o(i.hashlittle)
    i.hashtable_close                        0x08004430   Section        0  hashtable.o(i.hashtable_close)
    i.hashtable_do_clear                     0x08004440   Section        0  hashtable.o(i.hashtable_do_clear)
    hashtable_do_clear                       0x08004441   Thumb Code    34  hashtable.o(i.hashtable_do_clear)
    i.hashtable_do_rehash                    0x08004462   Section        0  hashtable.o(i.hashtable_do_rehash)
    hashtable_do_rehash                      0x08004463   Thumb Code   118  hashtable.o(i.hashtable_do_rehash)
    i.hashtable_find_pair                    0x080044d8   Section        0  hashtable.o(i.hashtable_find_pair)
    hashtable_find_pair                      0x080044d9   Thumb Code    60  hashtable.o(i.hashtable_find_pair)
    i.hashtable_get                          0x08004514   Section        0  hashtable.o(i.hashtable_get)
    i.hashtable_init                         0x08004554   Section        0  hashtable.o(i.hashtable_init)
    i.hashtable_iter                         0x0800459c   Section        0  hashtable.o(i.hashtable_iter)
    i.hashtable_iter_key                     0x080045a8   Section        0  hashtable.o(i.hashtable_iter_key)
    i.hashtable_iter_next                    0x080045ac   Section        0  hashtable.o(i.hashtable_iter_next)
    i.hashtable_iter_serial                  0x080045ba   Section        0  hashtable.o(i.hashtable_iter_serial)
    i.hashtable_iter_value                   0x080045be   Section        0  hashtable.o(i.hashtable_iter_value)
    i.hashtable_set                          0x080045c4   Section        0  hashtable.o(i.hashtable_set)
    i.insert_to_bucket                       0x08004670   Section        0  hashtable.o(i.insert_to_bucket)
    insert_to_bucket                         0x08004671   Thumb Code    42  hashtable.o(i.insert_to_bucket)
    i.json_array                             0x0800469a   Section        0  value.o(i.json_array)
    i.json_array_append_new                  0x080046d0   Section        0  value.o(i.json_array_append_new)
    i.json_array_get                         0x08004718   Section        0  value.o(i.json_array_get)
    i.json_array_grow                        0x08004734   Section        0  value.o(i.json_array_grow)
    json_array_grow                          0x08004735   Thumb Code    76  value.o(i.json_array_grow)
    i.json_array_size                        0x08004780   Section        0  value.o(i.json_array_size)
    i.json_decref                            0x08004792   Section        0  load.o(i.json_decref)
    json_decref                              0x08004793   Thumb Code    24  load.o(i.json_decref)
    i.json_decref                            0x080047aa   Section        0  value.o(i.json_decref)
    json_decref                              0x080047ab   Thumb Code    24  value.o(i.json_decref)
    i.json_decref                            0x080047c2   Section        0  hashtable.o(i.json_decref)
    json_decref                              0x080047c3   Thumb Code    24  hashtable.o(i.json_decref)
    i.json_delete                            0x080047da   Section        0  value.o(i.json_delete)
    i.json_dump_callback                     0x0800482e   Section        0  dump.o(i.json_dump_callback)
    i.json_dumps                             0x08004858   Section        0  dump.o(i.json_dumps)
    i.json_false                             0x0800489c   Section        0  value.o(i.json_false)
    i.json_incref                            0x080048a4   Section        0  load.o(i.json_incref)
    json_incref                              0x080048a5   Thumb Code    16  load.o(i.json_incref)
    i.json_integer                           0x080048b4   Section        0  value.o(i.json_integer)
    i.json_integer_value                     0x080048d0   Section        0  value.o(i.json_integer_value)
    i.json_loads                             0x080048e8   Section        0  load.o(i.json_loads)
    i.json_null                              0x0800495c   Section        0  value.o(i.json_null)
    i.json_object                            0x08004964   Section        0  value.o(i.json_object)
    i.json_object_get                        0x080049b0   Section        0  value.o(i.json_object_get)
    i.json_object_iter                       0x080049cc   Section        0  value.o(i.json_object_iter)
    i.json_object_iter_key                   0x080049e4   Section        0  value.o(i.json_object_iter_key)
    i.json_object_iter_next                  0x080049f0   Section        0  value.o(i.json_object_iter_next)
    i.json_object_iter_value                 0x08004a0c   Section        0  value.o(i.json_object_iter_value)
    i.json_object_key_to_iter                0x08004a18   Section        0  value.o(i.json_object_key_to_iter)
    i.json_object_seed                       0x08004a20   Section        0  hashtable_seed.o(i.json_object_seed)
    i.json_object_set_new                    0x08004a48   Section        0  value.o(i.json_object_set_new)
    i.json_object_set_new_nocheck            0x08004a7c   Section        0  value.o(i.json_object_set_new_nocheck)
    i.json_object_size                       0x08004abc   Section        0  value.o(i.json_object_size)
    i.json_real                              0x08004ace   Section        0  value.o(i.json_real)
    i.json_real_value                        0x08004b02   Section        0  value.o(i.json_real_value)
    i.json_string                            0x08004b1a   Section        0  value.o(i.json_string)
    i.json_string_length                     0x08004b32   Section        0  value.o(i.json_string_length)
    i.json_string_value                      0x08004b44   Section        0  value.o(i.json_string_value)
    i.json_stringn                           0x08004b56   Section        0  value.o(i.json_stringn)
    i.json_true                              0x08004b78   Section        0  value.o(i.json_true)
    i.jsonp_dtostr                           0x08004b80   Section        0  strconv.o(i.jsonp_dtostr)
    i.jsonp_error_init                       0x08004c20   Section        0  error.o(i.jsonp_error_init)
    i.jsonp_error_set                        0x08004c42   Section        0  error.o(i.jsonp_error_set)
    i.jsonp_error_set_source                 0x08004c54   Section        0  error.o(i.jsonp_error_set_source)
    i.jsonp_error_vset                       0x08004c90   Section        0  error.o(i.jsonp_error_vset)
    i.jsonp_free                             0x08004cbc   Section        0  memory.o(i.jsonp_free)
    i.jsonp_malloc                           0x08004ccc   Section        0  memory.o(i.jsonp_malloc)
    i.jsonp_strdup                           0x08004cdc   Section        0  memory.o(i.jsonp_strdup)
    i.jsonp_stringn_nocheck_own              0x08004cee   Section        0  value.o(i.jsonp_stringn_nocheck_own)
    i.jsonp_strndup                          0x08004cf8   Section        0  memory.o(i.jsonp_strndup)
    i.jsonp_strtod                           0x08004d1c   Section        0  strconv.o(i.jsonp_strtod)
    i.lex_close                              0x08004d80   Section        0  load.o(i.lex_close)
    lex_close                                0x08004d81   Thumb Code    28  load.o(i.lex_close)
    i.lex_free_string                        0x08004d9c   Section        0  load.o(i.lex_free_string)
    lex_free_string                          0x08004d9d   Thumb Code    18  load.o(i.lex_free_string)
    i.lex_get                                0x08004dae   Section        0  load.o(i.lex_get)
    lex_get                                  0x08004daf   Thumb Code     8  load.o(i.lex_get)
    i.lex_get_save                           0x08004db6   Section        0  load.o(i.lex_get_save)
    lex_get_save                             0x08004db7   Thumb Code    30  load.o(i.lex_get_save)
    i.lex_init                               0x08004dd4   Section        0  load.o(i.lex_init)
    lex_init                                 0x08004dd5   Thumb Code    44  load.o(i.lex_init)
    i.lex_save                               0x08004e04   Section        0  load.o(i.lex_save)
    lex_save                                 0x08004e05   Thumb Code    12  load.o(i.lex_save)
    i.lex_scan                               0x08004e10   Section        0  load.o(i.lex_scan)
    lex_scan                                 0x08004e11   Thumb Code   284  load.o(i.lex_scan)
    i.lex_scan_number                        0x08004f48   Section        0  load.o(i.lex_scan_number)
    lex_scan_number                          0x08004f49   Thumb Code   328  load.o(i.lex_scan_number)
    i.lex_scan_string                        0x080050d4   Section        0  load.o(i.lex_scan_string)
    lex_scan_string                          0x080050d5   Thumb Code   464  load.o(i.lex_scan_string)
    i.lex_unget_unsave                       0x0800535c   Section        0  load.o(i.lex_unget_unsave)
    lex_unget_unsave                         0x0800535d   Thumb Code    38  load.o(i.lex_unget_unsave)
    i.list_insert                            0x08005382   Section        0  hashtable.o(i.list_insert)
    list_insert                              0x08005383   Thumb Code    14  hashtable.o(i.list_insert)
    i.malloc                                 0x08005390   Section        0  malloc.o(i.malloc)
    i.object_key_compare_keys                0x080053fc   Section        0  dump.o(i.object_key_compare_keys)
    object_key_compare_keys                  0x080053fd   Thumb Code    12  dump.o(i.object_key_compare_keys)
    i.object_key_compare_serials             0x08005408   Section        0  dump.o(i.object_key_compare_serials)
    object_key_compare_serials               0x08005409   Thumb Code    26  dump.o(i.object_key_compare_serials)
    i.parse_array                            0x08005424   Section        0  load.o(i.parse_array)
    parse_array                              0x08005425   Thumb Code   130  load.o(i.parse_array)
    i.parse_json                             0x080054b8   Section        0  load.o(i.parse_json)
    parse_json                               0x080054b9   Thumb Code   104  load.o(i.parse_json)
    i.parse_object                           0x0800554c   Section        0  load.o(i.parse_object)
    parse_object                             0x0800554d   Thumb Code   264  load.o(i.parse_object)
    i.parse_value                            0x080056cc   Section        0  load.o(i.parse_value)
    parse_value                              0x080056cd   Thumb Code   210  load.o(i.parse_value)
    i.strbuffer_append_byte                  0x0800580c   Section        0  strbuffer.o(i.strbuffer_append_byte)
    i.strbuffer_append_bytes                 0x08005818   Section        0  strbuffer.o(i.strbuffer_append_bytes)
    i.strbuffer_clear                        0x08005888   Section        0  strbuffer.o(i.strbuffer_clear)
    i.strbuffer_close                        0x08005892   Section        0  strbuffer.o(i.strbuffer_close)
    i.strbuffer_init                         0x080058aa   Section        0  strbuffer.o(i.strbuffer_init)
    i.strbuffer_pop                          0x080058cc   Section        0  strbuffer.o(i.strbuffer_pop)
    i.strbuffer_value                        0x080058e4   Section        0  strbuffer.o(i.strbuffer_value)
    i.stream_get                             0x080058e8   Section        0  load.o(i.stream_get)
    stream_get                               0x080058e9   Thumb Code   200  load.o(i.stream_get)
    i.stream_unget                           0x080059cc   Section        0  load.o(i.stream_unget)
    stream_unget                             0x080059cd   Thumb Code    74  load.o(i.stream_unget)
    i.string_create                          0x08005a16   Section        0  value.o(i.string_create)
    string_create                            0x08005a17   Thumb Code    62  value.o(i.string_create)
    i.string_get                             0x08005a54   Section        0  load.o(i.string_get)
    string_get                               0x08005a55   Thumb Code    24  load.o(i.string_get)
    i.strtod                                 0x08005a6c   Section        0  strtod.o(i.strtod)
    i.utf8_check_first                       0x08005a88   Section        0  utf.o(i.utf8_check_first)
    i.utf8_check_full                        0x08005ac4   Section        0  utf.o(i.utf8_check_full)
    i.utf8_check_string                      0x08005b4c   Section        0  utf.o(i.utf8_check_string)
    i.utf8_encode                            0x08005b8c   Section        0  utf.o(i.utf8_encode)
    i.utf8_iterate                           0x08005c08   Section        0  utf.o(i.utf8_iterate)
    .constdata                               0x08005c48   Section       33  dump.o(.constdata)
    whitespace                               0x08005c48   Data          33  dump.o(.constdata)
    .constdata                               0x08005c69   Section      129  ctype_o.o(.constdata)
    .constdata                               0x08005cec   Section        4  ctype_o.o(.constdata)
    table                                    0x08005cec   Data           4  ctype_o.o(.constdata)
    .conststring                             0x08005cf0   Section       18  myspi.o(.conststring)
    .data                                    0x20000000   Section       20  system_stm32f10x.o(.data)
    .data                                    0x20000014   Section        4  delay.o(.data)
    fac_us                                   0x20000014   Data           1  delay.o(.data)
    fac_ms                                   0x20000016   Data           2  delay.o(.data)
    .data                                    0x20000018   Section        2  usart.o(.data)
    .data                                    0x2000001c   Section        8  myspi.o(.data)
    .data                                    0x20000024   Section       20  stm32f10x_rcc.o(.data)
    APBAHBPrescTable                         0x20000024   Data          16  stm32f10x_rcc.o(.data)
    ADCPrescTable                            0x20000034   Data           4  stm32f10x_rcc.o(.data)
    .data                                    0x20000038   Section       24  value.o(.data)
    the_true                                 0x20000038   Data           8  value.o(.data)
    the_false                                0x20000040   Data           8  value.o(.data)
    the_null                                 0x20000048   Data           8  value.o(.data)
    .data                                    0x20000050   Section        8  memory.o(.data)
    do_malloc                                0x20000050   Data           4  memory.o(.data)
    do_free                                  0x20000054   Data           4  memory.o(.data)
    .data                                    0x20000058   Section        4  hashtable_seed.o(.data)
    .data                                    0x2000005c   Section        4  errno.o(.data)
    _errno                                   0x2000005c   Data           4  errno.o(.data)
    .data                                    0x20000060   Section        4  stdout.o(.data)
    .data                                    0x20000064   Section        4  mvars.o(.data)
    .data                                    0x20000068   Section        4  mvars.o(.data)
    .bss                                     0x2000006c   Section     3080  usart.o(.bss)
    .bss                                     0x20000c74   Section     1024  myspi.o(.bss)
    HEAP                                     0x20001078   Section    20480  startup_stm32f10x_hd.o(HEAP)
    STACK                                    0x20006078   Section     1024  startup_stm32f10x_hd.o(STACK)

    Global Symbols

    Symbol Name                              Value     Ov Type        Size  Object(Section)

    BuildAttributes$$THM_ISAv4$P$D$K$B$S$PE$A:L22UL41UL21$X:L11$S22US41US21$IEEE1$IW$USESV6$~STKCKD$USESV7$~SHL$OTIME$ROPI$IEEEJ$EBA8$MICROLIB$REQ8$PRES8$EABIv2 0x00000000   Number         0  anon$$obj.o ABSOLUTE
    __ARM_use_no_argv                        0x00000000   Number         0  main.o ABSOLUTE
    _printf_a                                0x00000000   Number         0  stubs.o ABSOLUTE
    _printf_c                                0x00000000   Number         0  stubs.o ABSOLUTE
    _printf_charcount                        0x00000000   Number         0  stubs.o ABSOLUTE
    _printf_d                                0x00000000   Number         0  stubs.o ABSOLUTE
    _printf_e                                0x00000000   Number         0  stubs.o ABSOLUTE
    _printf_f                                0x00000000   Number         0  stubs.o ABSOLUTE
    _printf_flags                            0x00000000   Number         0  stubs.o ABSOLUTE
    _printf_fp_dec                           0x00000000   Number         0  stubs.o ABSOLUTE
    _printf_fp_hex                           0x00000000   Number         0  stubs.o ABSOLUTE
    _printf_g                                0x00000000   Number         0  stubs.o ABSOLUTE
    _printf_i                                0x00000000   Number         0  stubs.o ABSOLUTE
    _printf_int_dec                          0x00000000   Number         0  stubs.o ABSOLUTE
    _printf_l                                0x00000000   Number         0  stubs.o ABSOLUTE
    _printf_lc                               0x00000000   Number         0  stubs.o ABSOLUTE
    _printf_ll                               0x00000000   Number         0  stubs.o ABSOLUTE
    _printf_lld                              0x00000000   Number         0  stubs.o ABSOLUTE
    _printf_lli                              0x00000000   Number         0  stubs.o ABSOLUTE
    _printf_llo                              0x00000000   Number         0  stubs.o ABSOLUTE
    _printf_llu                              0x00000000   Number         0  stubs.o ABSOLUTE
    _printf_llx                              0x00000000   Number         0  stubs.o ABSOLUTE
    _printf_longlong_dec                     0x00000000   Number         0  stubs.o ABSOLUTE
    _printf_longlong_hex                     0x00000000   Number         0  stubs.o ABSOLUTE
    _printf_longlong_oct                     0x00000000   Number         0  stubs.o ABSOLUTE
    _printf_ls                               0x00000000   Number         0  stubs.o ABSOLUTE
    _printf_mbtowc                           0x00000000   Number         0  stubs.o ABSOLUTE
    _printf_n                                0x00000000   Number         0  stubs.o ABSOLUTE
    _printf_o                                0x00000000   Number         0  stubs.o ABSOLUTE
    _printf_p                                0x00000000   Number         0  stubs.o ABSOLUTE
    _printf_percent                          0x00000000   Number         0  stubs.o ABSOLUTE
    _printf_pre_padding                      0x00000000   Number         0  stubs.o ABSOLUTE
    _printf_return_value                     0x00000000   Number         0  stubs.o ABSOLUTE
    _printf_s                                0x00000000   Number         0  stubs.o ABSOLUTE
    _printf_sizespec                         0x00000000   Number         0  stubs.o ABSOLUTE
    _printf_str                              0x00000000   Number         0  stubs.o ABSOLUTE
    _printf_truncate_signed                  0x00000000   Number         0  stubs.o ABSOLUTE
    _printf_truncate_unsigned                0x00000000   Number         0  stubs.o ABSOLUTE
    _printf_u                                0x00000000   Number         0  stubs.o ABSOLUTE
    _printf_wc                               0x00000000   Number         0  stubs.o ABSOLUTE
    _printf_wctomb                           0x00000000   Number         0  stubs.o ABSOLUTE
    _printf_widthprec                        0x00000000   Number         0  stubs.o ABSOLUTE
    _printf_x                                0x00000000   Number         0  stubs.o ABSOLUTE
    __cpp_initialize__aeabi_                  - Undefined Weak Reference
    __cxa_finalize                            - Undefined Weak Reference
    __decompress                              - Undefined Weak Reference
    _clock_init                               - Undefined Weak Reference
    _microlib_exit                            - Undefined Weak Reference
    __Vectors_Size                           0x00000130   Number         0  startup_stm32f10x_hd.o ABSOLUTE
    __Vectors                                0x08000000   Data           4  startup_stm32f10x_hd.o(RESET)
    __Vectors_End                            0x08000130   Data           0  startup_stm32f10x_hd.o(RESET)
    __main                                   0x08000131   Thumb Code     0  entry.o(.ARM.Collect$$$$00000000)
    _main_stk                                0x08000131   Thumb Code     0  entry2.o(.ARM.Collect$$$$00000001)
    _main_scatterload                        0x08000135   Thumb Code     0  entry5.o(.ARM.Collect$$$$00000004)
    __main_after_scatterload                 0x08000139   Thumb Code     0  entry5.o(.ARM.Collect$$$$00000004)
    _main_clock                              0x08000139   Thumb Code     0  entry7b.o(.ARM.Collect$$$$00000008)
    _main_cpp_init                           0x08000139   Thumb Code     0  entry8b.o(.ARM.Collect$$$$0000000A)
    _main_init                               0x08000139   Thumb Code     0  entry9a.o(.ARM.Collect$$$$0000000B)
    __rt_final_cpp                           0x08000141   Thumb Code     0  entry10a.o(.ARM.Collect$$$$0000000D)
    __rt_final_exit                          0x08000141   Thumb Code     0  entry11a.o(.ARM.Collect$$$$0000000F)
    main                                     0x08000145   Thumb Code    58  main.o(.text)
    NMI_Handler                              0x08000189   Thumb Code     2  stm32f10x_it.o(.text)
    HardFault_Handler                        0x0800018b   Thumb Code     4  stm32f10x_it.o(.text)
    MemManage_Handler                        0x0800018f   Thumb Code     4  stm32f10x_it.o(.text)
    BusFault_Handler                         0x08000193   Thumb Code     4  stm32f10x_it.o(.text)
    UsageFault_Handler                       0x08000197   Thumb Code     4  stm32f10x_it.o(.text)
    SVC_Handler                              0x0800019b   Thumb Code     2  stm32f10x_it.o(.text)
    DebugMon_Handler                         0x0800019d   Thumb Code     2  stm32f10x_it.o(.text)
    PendSV_Handler                           0x0800019f   Thumb Code     2  stm32f10x_it.o(.text)
    SysTick_Handler                          0x080001a1   Thumb Code     2  stm32f10x_it.o(.text)
    SystemInit                               0x08000283   Thumb Code    78  system_stm32f10x.o(.text)
    SystemCoreClockUpdate                    0x080002d1   Thumb Code   142  system_stm32f10x.o(.text)
    LED_Init                                 0x08000385   Thumb Code    72  led.o(.text)
    KEY_Init                                 0x080003d5   Thumb Code    82  exti.o(.text)
    EXTIX_Init                               0x08000427   Thumb Code   212  exti.o(.text)
    EXTI0_IRQHandler                         0x080004fb   Thumb Code    62  exti.o(.text)
    EXTI9_5_IRQHandler                       0x08000539   Thumb Code    52  exti.o(.text)
    EXTI15_10_IRQHandler                     0x0800056d   Thumb Code    46  exti.o(.text)
    delay_init                               0x080005d5   Thumb Code    50  delay.o(.text)
    delay_us                                 0x08000607   Thumb Code    72  delay.o(.text)
    delay_ms                                 0x0800064f   Thumb Code    72  delay.o(.text)
    fputc                                    0x080006a9   Thumb Code    24  usart.o(.text)
    USART1_Init                              0x080006c1   Thumb Code   154  usart.o(.text)
    USART3_Init                              0x0800075b   Thumb Code   158  usart.o(.text)
    USART3_Putc                              0x080007f9   Thumb Code    22  usart.o(.text)
    USART3_Send                              0x0800080f   Thumb Code    22  usart.o(.text)
    USART3_IRQHandler                        0x08000825   Thumb Code    14  usart.o(.text)
    USART1_Putc                              0x08000833   Thumb Code    22  usart.o(.text)
    USART1_Send                              0x08000849   Thumb Code    22  usart.o(.text)
    USART1_IRQHandler                        0x0800085f   Thumb Code   262  usart.o(.text)
    Spi1SlaveInit                            0x0800097d   Thumb Code   128  myspi.o(.text)
    SPI1_SendData                            0x080009fd   Thumb Code    22  myspi.o(.text)
    SPI1_IRQHandler                          0x08000a13   Thumb Code    54  myspi.o(.text)
    Reset_Handler                            0x08000a6d   Thumb Code     8  startup_stm32f10x_hd.o(.text)
    ADC1_2_IRQHandler                        0x08000a87   Thumb Code     0  startup_stm32f10x_hd.o(.text)
    ADC3_IRQHandler                          0x08000a87   Thumb Code     0  startup_stm32f10x_hd.o(.text)
    CAN1_RX1_IRQHandler                      0x08000a87   Thumb Code     0  startup_stm32f10x_hd.o(.text)
    CAN1_SCE_IRQHandler                      0x08000a87   Thumb Code     0  startup_stm32f10x_hd.o(.text)
    DMA1_Channel1_IRQHandler                 0x08000a87   Thumb Code     0  startup_stm32f10x_hd.o(.text)
    DMA1_Channel2_IRQHandler                 0x08000a87   Thumb Code     0  startup_stm32f10x_hd.o(.text)
    DMA1_Channel3_IRQHandler                 0x08000a87   Thumb Code     0  startup_stm32f10x_hd.o(.text)
    DMA1_Channel4_IRQHandler                 0x08000a87   Thumb Code     0  startup_stm32f10x_hd.o(.text)
    DMA1_Channel5_IRQHandler                 0x08000a87   Thumb Code     0  startup_stm32f10x_hd.o(.text)
    DMA1_Channel6_IRQHandler                 0x08000a87   Thumb Code     0  startup_stm32f10x_hd.o(.text)
    DMA1_Channel7_IRQHandler                 0x08000a87   Thumb Code     0  startup_stm32f10x_hd.o(.text)
    DMA2_Channel1_IRQHandler                 0x08000a87   Thumb Code     0  startup_stm32f10x_hd.o(.text)
    DMA2_Channel2_IRQHandler                 0x08000a87   Thumb Code     0  startup_stm32f10x_hd.o(.text)
    DMA2_Channel3_IRQHandler                 0x08000a87   Thumb Code     0  startup_stm32f10x_hd.o(.text)
    DMA2_Channel4_5_IRQHandler               0x08000a87   Thumb Code     0  startup_stm32f10x_hd.o(.text)
    EXTI1_IRQHandler                         0x08000a87   Thumb Code     0  startup_stm32f10x_hd.o(.text)
    EXTI2_IRQHandler                         0x08000a87   Thumb Code     0  startup_stm32f10x_hd.o(.text)
    EXTI3_IRQHandler                         0x08000a87   Thumb Code     0  startup_stm32f10x_hd.o(.text)
    EXTI4_IRQHandler                         0x08000a87   Thumb Code     0  startup_stm32f10x_hd.o(.text)
    FLASH_IRQHandler                         0x08000a87   Thumb Code     0  startup_stm32f10x_hd.o(.text)
    FSMC_IRQHandler                          0x08000a87   Thumb Code     0  startup_stm32f10x_hd.o(.text)
    I2C1_ER_IRQHandler                       0x08000a87   Thumb Code     0  startup_stm32f10x_hd.o(.text)
    I2C1_EV_IRQHandler                       0x08000a87   Thumb Code     0  startup_stm32f10x_hd.o(.text)
    I2C2_ER_IRQHandler                       0x08000a87   Thumb Code     0  startup_stm32f10x_hd.o(.text)
    I2C2_EV_IRQHandler                       0x08000a87   Thumb Code     0  startup_stm32f10x_hd.o(.text)
    PVD_IRQHandler                           0x08000a87   Thumb Code     0  startup_stm32f10x_hd.o(.text)
    RCC_IRQHandler                           0x08000a87   Thumb Code     0  startup_stm32f10x_hd.o(.text)
    RTCAlarm_IRQHandler                      0x08000a87   Thumb Code     0  startup_stm32f10x_hd.o(.text)
    RTC_IRQHandler                           0x08000a87   Thumb Code     0  startup_stm32f10x_hd.o(.text)
    SDIO_IRQHandler                          0x08000a87   Thumb Code     0  startup_stm32f10x_hd.o(.text)
    SPI2_IRQHandler                          0x08000a87   Thumb Code     0  startup_stm32f10x_hd.o(.text)
    SPI3_IRQHandler                          0x08000a87   Thumb Code     0  startup_stm32f10x_hd.o(.text)
    TAMPER_IRQHandler                        0x08000a87   Thumb Code     0  startup_stm32f10x_hd.o(.text)
    TIM1_BRK_IRQHandler                      0x08000a87   Thumb Code     0  startup_stm32f10x_hd.o(.text)
    TIM1_CC_IRQHandler                       0x08000a87   Thumb Code     0  startup_stm32f10x_hd.o(.text)
    TIM1_TRG_COM_IRQHandler                  0x08000a87   Thumb Code     0  startup_stm32f10x_hd.o(.text)
    TIM1_UP_IRQHandler                       0x08000a87   Thumb Code     0  startup_stm32f10x_hd.o(.text)
    TIM2_IRQHandler                          0x08000a87   Thumb Code     0  startup_stm32f10x_hd.o(.text)
    TIM3_IRQHandler                          0x08000a87   Thumb Code     0  startup_stm32f10x_hd.o(.text)
    TIM4_IRQHandler                          0x08000a87   Thumb Code     0  startup_stm32f10x_hd.o(.text)
    TIM5_IRQHandler                          0x08000a87   Thumb Code     0  startup_stm32f10x_hd.o(.text)
    TIM6_IRQHandler                          0x08000a87   Thumb Code     0  startup_stm32f10x_hd.o(.text)
    TIM7_IRQHandler                          0x08000a87   Thumb Code     0  startup_stm32f10x_hd.o(.text)
    TIM8_BRK_IRQHandler                      0x08000a87   Thumb Code     0  startup_stm32f10x_hd.o(.text)
    TIM8_CC_IRQHandler                       0x08000a87   Thumb Code     0  startup_stm32f10x_hd.o(.text)
    TIM8_TRG_COM_IRQHandler                  0x08000a87   Thumb Code     0  startup_stm32f10x_hd.o(.text)
    TIM8_UP_IRQHandler                       0x08000a87   Thumb Code     0  startup_stm32f10x_hd.o(.text)
    UART4_IRQHandler                         0x08000a87   Thumb Code     0  startup_stm32f10x_hd.o(.text)
    UART5_IRQHandler                         0x08000a87   Thumb Code     0  startup_stm32f10x_hd.o(.text)
    USART2_IRQHandler                        0x08000a87   Thumb Code     0  startup_stm32f10x_hd.o(.text)
    USBWakeUp_IRQHandler                     0x08000a87   Thumb Code     0  startup_stm32f10x_hd.o(.text)
    USB_HP_CAN1_TX_IRQHandler                0x08000a87   Thumb Code     0  startup_stm32f10x_hd.o(.text)
    USB_LP_CAN1_RX0_IRQHandler               0x08000a87   Thumb Code     0  startup_stm32f10x_hd.o(.text)
    WWDG_IRQHandler                          0x08000a87   Thumb Code     0  startup_stm32f10x_hd.o(.text)
    GPIO_DeInit                              0x08000a91   Thumb Code   172  stm32f10x_gpio.o(.text)
    GPIO_AFIODeInit                          0x08000b3d   Thumb Code    20  stm32f10x_gpio.o(.text)
    GPIO_Init                                0x08000b51   Thumb Code   278  stm32f10x_gpio.o(.text)
    GPIO_StructInit                          0x08000c67   Thumb Code    16  stm32f10x_gpio.o(.text)
    GPIO_ReadInputDataBit                    0x08000c77   Thumb Code    18  stm32f10x_gpio.o(.text)
    GPIO_ReadInputData                       0x08000c89   Thumb Code     8  stm32f10x_gpio.o(.text)
    GPIO_ReadOutputDataBit                   0x08000c91   Thumb Code    18  stm32f10x_gpio.o(.text)
    GPIO_ReadOutputData                      0x08000ca3   Thumb Code     8  stm32f10x_gpio.o(.text)
    GPIO_SetBits                             0x08000cab   Thumb Code     4  stm32f10x_gpio.o(.text)
    GPIO_ResetBits                           0x08000caf   Thumb Code     4  stm32f10x_gpio.o(.text)
    GPIO_WriteBit                            0x08000cb3   Thumb Code    10  stm32f10x_gpio.o(.text)
    GPIO_Write                               0x08000cbd   Thumb Code     4  stm32f10x_gpio.o(.text)
    GPIO_PinLockConfig                       0x08000cc1   Thumb Code    18  stm32f10x_gpio.o(.text)
    GPIO_EventOutputConfig                   0x08000cd3   Thumb Code    26  stm32f10x_gpio.o(.text)
    GPIO_EventOutputCmd                      0x08000ced   Thumb Code     6  stm32f10x_gpio.o(.text)
    GPIO_PinRemapConfig                      0x08000cf3   Thumb Code   138  stm32f10x_gpio.o(.text)
    GPIO_EXTILineConfig                      0x08000d7d   Thumb Code    66  stm32f10x_gpio.o(.text)
    GPIO_ETH_MediaInterfaceConfig            0x08000dbf   Thumb Code     8  stm32f10x_gpio.o(.text)
    RCC_DeInit                               0x08000ded   Thumb Code    64  stm32f10x_rcc.o(.text)
    RCC_HSEConfig                            0x08000e2d   Thumb Code    70  stm32f10x_rcc.o(.text)
    RCC_GetFlagStatus                        0x08000e73   Thumb Code    56  stm32f10x_rcc.o(.text)
    RCC_WaitForHSEStartUp                    0x08000eab   Thumb Code    56  stm32f10x_rcc.o(.text)
    RCC_AdjustHSICalibrationValue            0x08000ee3   Thumb Code    20  stm32f10x_rcc.o(.text)
    RCC_HSICmd                               0x08000ef7   Thumb Code     6  stm32f10x_rcc.o(.text)
    RCC_PLLConfig                            0x08000efd   Thumb Code    24  stm32f10x_rcc.o(.text)
    RCC_PLLCmd                               0x08000f15   Thumb Code     6  stm32f10x_rcc.o(.text)
    RCC_SYSCLKConfig                         0x08000f1b   Thumb Code    18  stm32f10x_rcc.o(.text)
    RCC_GetSYSCLKSource                      0x08000f2d   Thumb Code    10  stm32f10x_rcc.o(.text)
    RCC_HCLKConfig                           0x08000f37   Thumb Code    18  stm32f10x_rcc.o(.text)
    RCC_PCLK1Config                          0x08000f49   Thumb Code    18  stm32f10x_rcc.o(.text)
    RCC_PCLK2Config                          0x08000f5b   Thumb Code    20  stm32f10x_rcc.o(.text)
    RCC_ITConfig                             0x08000f6f   Thumb Code    26  stm32f10x_rcc.o(.text)
    RCC_USBCLKConfig                         0x08000f89   Thumb Code     8  stm32f10x_rcc.o(.text)
    RCC_ADCCLKConfig                         0x08000f91   Thumb Code    18  stm32f10x_rcc.o(.text)
    RCC_LSEConfig                            0x08000fa3   Thumb Code    50  stm32f10x_rcc.o(.text)
    RCC_LSICmd                               0x08000fd5   Thumb Code     6  stm32f10x_rcc.o(.text)
    RCC_RTCCLKConfig                         0x08000fdb   Thumb Code    12  stm32f10x_rcc.o(.text)
    RCC_RTCCLKCmd                            0x08000fe7   Thumb Code     8  stm32f10x_rcc.o(.text)
    RCC_GetClocksFreq                        0x08000fef   Thumb Code   192  stm32f10x_rcc.o(.text)
    RCC_AHBPeriphClockCmd                    0x080010af   Thumb Code    26  stm32f10x_rcc.o(.text)
    RCC_APB2PeriphClockCmd                   0x080010c9   Thumb Code    26  stm32f10x_rcc.o(.text)
    RCC_APB1PeriphClockCmd                   0x080010e3   Thumb Code    26  stm32f10x_rcc.o(.text)
    RCC_APB2PeriphResetCmd                   0x080010fd   Thumb Code    26  stm32f10x_rcc.o(.text)
    RCC_APB1PeriphResetCmd                   0x08001117   Thumb Code    26  stm32f10x_rcc.o(.text)
    RCC_BackupResetCmd                       0x08001131   Thumb Code     8  stm32f10x_rcc.o(.text)
    RCC_ClockSecuritySystemCmd               0x08001139   Thumb Code     6  stm32f10x_rcc.o(.text)
    RCC_MCOConfig                            0x0800113f   Thumb Code     6  stm32f10x_rcc.o(.text)
    RCC_ClearFlag                            0x08001145   Thumb Code    14  stm32f10x_rcc.o(.text)
    RCC_GetITStatus                          0x08001153   Thumb Code    20  stm32f10x_rcc.o(.text)
    RCC_ClearITPendingBit                    0x08001167   Thumb Code     6  stm32f10x_rcc.o(.text)
    USART_DeInit                             0x08001191   Thumb Code   134  stm32f10x_usart.o(.text)
    USART_Init                               0x08001217   Thumb Code   210  stm32f10x_usart.o(.text)
    USART_StructInit                         0x080012e9   Thumb Code    24  stm32f10x_usart.o(.text)
    USART_ClockInit                          0x08001301   Thumb Code    34  stm32f10x_usart.o(.text)
    USART_ClockStructInit                    0x08001323   Thumb Code    12  stm32f10x_usart.o(.text)
    USART_Cmd                                0x0800132f   Thumb Code    24  stm32f10x_usart.o(.text)
    USART_ITConfig                           0x08001347   Thumb Code    74  stm32f10x_usart.o(.text)
    USART_DMACmd                             0x08001391   Thumb Code    18  stm32f10x_usart.o(.text)
    USART_SetAddress                         0x080013a3   Thumb Code    18  stm32f10x_usart.o(.text)
    USART_WakeUpConfig                       0x080013b5   Thumb Code    18  stm32f10x_usart.o(.text)
    USART_ReceiverWakeUpCmd                  0x080013c7   Thumb Code    24  stm32f10x_usart.o(.text)
    USART_LINBreakDetectLengthConfig         0x080013df   Thumb Code    18  stm32f10x_usart.o(.text)
    USART_LINCmd                             0x080013f1   Thumb Code    24  stm32f10x_usart.o(.text)
    USART_SendData                           0x08001409   Thumb Code     8  stm32f10x_usart.o(.text)
    USART_ReceiveData                        0x08001411   Thumb Code    10  stm32f10x_usart.o(.text)
    USART_SendBreak                          0x0800141b   Thumb Code    10  stm32f10x_usart.o(.text)
    USART_SetGuardTime                       0x08001425   Thumb Code    16  stm32f10x_usart.o(.text)
    USART_SetPrescaler                       0x08001435   Thumb Code    16  stm32f10x_usart.o(.text)
    USART_SmartCardCmd                       0x08001445   Thumb Code    24  stm32f10x_usart.o(.text)
    USART_SmartCardNACKCmd                   0x0800145d   Thumb Code    24  stm32f10x_usart.o(.text)
    USART_HalfDuplexCmd                      0x08001475   Thumb Code    24  stm32f10x_usart.o(.text)
    USART_OverSampling8Cmd                   0x0800148d   Thumb Code    22  stm32f10x_usart.o(.text)
    USART_OneBitMethodCmd                    0x080014a3   Thumb Code    24  stm32f10x_usart.o(.text)
    USART_IrDAConfig                         0x080014bb   Thumb Code    18  stm32f10x_usart.o(.text)
    USART_IrDACmd                            0x080014cd   Thumb Code    24  stm32f10x_usart.o(.text)
    USART_GetFlagStatus                      0x080014e5   Thumb Code    26  stm32f10x_usart.o(.text)
    USART_ClearFlag                          0x080014ff   Thumb Code    18  stm32f10x_usart.o(.text)
    USART_GetITStatus                        0x08001511   Thumb Code    84  stm32f10x_usart.o(.text)
    USART_ClearITPendingBit                  0x08001565   Thumb Code    52  stm32f10x_usart.o(.text)
    NVIC_PriorityGroupConfig                 0x08001599   Thumb Code    10  misc.o(.text)
    NVIC_Init                                0x080015a3   Thumb Code   100  misc.o(.text)
    NVIC_SetVectorTable                      0x08001607   Thumb Code    14  misc.o(.text)
    NVIC_SystemLPConfig                      0x08001615   Thumb Code    34  misc.o(.text)
    SysTick_CLKSourceConfig                  0x08001637   Thumb Code    40  misc.o(.text)
    SPI_I2S_DeInit                           0x08001675   Thumb Code    76  stm32f10x_spi.o(.text)
    SPI_Init                                 0x080016c1   Thumb Code    60  stm32f10x_spi.o(.text)
    I2S_Init                                 0x080016fd   Thumb Code   226  stm32f10x_spi.o(.text)
    SPI_StructInit                           0x080017df   Thumb Code    24  stm32f10x_spi.o(.text)
    I2S_StructInit                           0x080017f7   Thumb Code    20  stm32f10x_spi.o(.text)
    SPI_Cmd                                  0x0800180b   Thumb Code    24  stm32f10x_spi.o(.text)
    I2S_Cmd                                  0x08001823   Thumb Code    24  stm32f10x_spi.o(.text)
    SPI_I2S_ITConfig                         0x0800183b   Thumb Code    32  stm32f10x_spi.o(.text)
    SPI_I2S_DMACmd                           0x0800185b   Thumb Code    18  stm32f10x_spi.o(.text)
    SPI_I2S_SendData                         0x0800186d   Thumb Code     4  stm32f10x_spi.o(.text)
    SPI_I2S_ReceiveData                      0x08001871   Thumb Code     6  stm32f10x_spi.o(.text)
    SPI_NSSInternalSoftwareConfig            0x08001877   Thumb Code    30  stm32f10x_spi.o(.text)
    SPI_SSOutputCmd                          0x08001895   Thumb Code    24  stm32f10x_spi.o(.text)
    SPI_DataSizeConfig                       0x080018ad   Thumb Code    18  stm32f10x_spi.o(.text)
    SPI_TransmitCRC                          0x080018bf   Thumb Code    10  stm32f10x_spi.o(.text)
    SPI_CalculateCRC                         0x080018c9   Thumb Code    24  stm32f10x_spi.o(.text)
    SPI_GetCRC                               0x080018e1   Thumb Code    16  stm32f10x_spi.o(.text)
    SPI_GetCRCPolynomial                     0x080018f1   Thumb Code     6  stm32f10x_spi.o(.text)
    SPI_BiDirectionalLineConfig              0x080018f7   Thumb Code    28  stm32f10x_spi.o(.text)
    SPI_I2S_GetFlagStatus                    0x08001913   Thumb Code    18  stm32f10x_spi.o(.text)
    SPI_I2S_ClearFlag                        0x08001925   Thumb Code     6  stm32f10x_spi.o(.text)
    SPI_I2S_GetITStatus                      0x0800192b   Thumb Code    52  stm32f10x_spi.o(.text)
    SPI_I2S_ClearITPendingBit                0x0800195f   Thumb Code    20  stm32f10x_spi.o(.text)
    EXTI_DeInit                              0x08001981   Thumb Code    28  stm32f10x_exti.o(.text)
    EXTI_Init                                0x0800199d   Thumb Code   142  stm32f10x_exti.o(.text)
    EXTI_StructInit                          0x08001a2b   Thumb Code    16  stm32f10x_exti.o(.text)
    EXTI_GenerateSWInterrupt                 0x08001a3b   Thumb Code    16  stm32f10x_exti.o(.text)
    EXTI_GetFlagStatus                       0x08001a4b   Thumb Code    22  stm32f10x_exti.o(.text)
    EXTI_ClearFlag                           0x08001a61   Thumb Code     8  stm32f10x_exti.o(.text)
    EXTI_GetITStatus                         0x08001a69   Thumb Code    34  stm32f10x_exti.o(.text)
    EXTI_ClearITPendingBit                   0x08001a8b   Thumb Code     8  stm32f10x_exti.o(.text)
    json_find                                0x08001ab9   Thumb Code   334  esp8266.o(.text)
    ESP8266_Sendu8                           0x08001c07   Thumb Code    12  esp8266.o(.text)
    ESP8266_senditoa                         0x08001c13   Thumb Code    44  esp8266.o(.text)
    ESP8266_printf                           0x08001c3f   Thumb Code   194  esp8266.o(.text)
    json_add                                 0x08001d01   Thumb Code   188  esp8266.o(.text)
    ESP8266_test                             0x08001dbd   Thumb Code   200  esp8266.o(.text)
    ESP8266_SendNetData                      0x08001e85   Thumb Code    34  esp8266.o(.text)
    ESP8266_ReadNetData                      0x08001ea7   Thumb Code   376  esp8266.o(.text)
    ESP8266_RecvProcess                      0x0800201f   Thumb Code   510  esp8266.o(.text)
    ESP8266_Start                            0x0800221d   Thumb Code    10  esp8266.o(.text)
    GetJsonType                              0x08002227   Thumb Code    34  esp8266.o(.text)
    ESP8266_Init                             0x08002249   Thumb Code    12  esp8266.o(.text)
    ESP8266_RST                              0x08002255   Thumb Code     4  esp8266.o(.text)
    ESP8266_Restore                          0x08002259   Thumb Code    12  esp8266.o(.text)
    seed_from_timestamp_and_pid              0x0800250d   Thumb Code     6  jansson_config.o(.text)
    __aeabi_uidiv                            0x08002513   Thumb Code     0  uidiv.o(.text)
    __aeabi_uidivmod                         0x08002513   Thumb Code    44  uidiv.o(.text)
    qsort                                    0x0800253f   Thumb Code   156  qsort.o(.text)
    ___aeabi_memcpy8$move                    0x080025db   Thumb Code     0  memmovea.o(.text)
    __aeabi_memcpy                           0x080025db   Thumb Code    64  memmovea.o(.text)
    __aeabi_memcpy4                          0x080025db   Thumb Code     0  memmovea.o(.text)
    __aeabi_memmove                          0x080025db   Thumb Code     0  memmovea.o(.text)
    __aeabi_memmove4                         0x080025db   Thumb Code     0  memmovea.o(.text)
    __aeabi_memmove8                         0x080025db   Thumb Code     0  memmovea.o(.text)
    strstr                                   0x0800261b   Thumb Code    36  strstr.o(.text)
    strchr                                   0x0800263f   Thumb Code    20  strchr.o(.text)
    strlen                                   0x08002653   Thumb Code    14  strlen.o(.text)
    strcmp                                   0x08002661   Thumb Code    28  strcmp.o(.text)
    memchr                                   0x0800267d   Thumb Code    20  memchr.o(.text)
    strcpy                                   0x08002691   Thumb Code    18  strcpy.o(.text)
    strtoll                                  0x080026a3   Thumb Code     4  strtoll.o(.text)
    __aeabi_cdcmpeq                          0x080026a9   Thumb Code     0  cdcmple.o(.text)
    __aeabi_cdcmple                          0x080026a9   Thumb Code    48  cdcmple.o(.text)
    __aeabi_uldivmod                         0x080026d9   Thumb Code    98  uldiv.o(.text)
    __strtod_int                             0x08002773   Thumb Code    88  strtod.o(.text)
    __strtoll                                0x080027d9   Thumb Code   144  __strtoll.o(.text)
    __I$use$fp                               0x08002869   Thumb Code     0  iusefp.o(.text)
    _double_round                            0x08002869   Thumb Code    30  depilogue.o(.text)
    _double_epilogue                         0x08002887   Thumb Code   156  depilogue.o(.text)
    __aeabi_dadd                             0x08002923   Thumb Code   322  dadd.o(.text)
    __aeabi_dsub                             0x08002a65   Thumb Code     6  dadd.o(.text)
    __aeabi_drsub                            0x08002a6b   Thumb Code     6  dadd.o(.text)
    __aeabi_dmul                             0x08002a71   Thumb Code   228  dmul.o(.text)
    __aeabi_ddiv                             0x08002b55   Thumb Code   222  ddiv.o(.text)
    __aeabi_d2ulz                            0x08002c33   Thumb Code    48  dfixul.o(.text)
    __aeabi_cdrcmple                         0x08002c65   Thumb Code    48  cdrcmple.o(.text)
    __scatterload                            0x08002c95   Thumb Code    28  init.o(.text)
    __scatterload_rt2                        0x08002c95   Thumb Code     0  init.o(.text)
    __aeabi_llsl                             0x08002cb9   Thumb Code    30  llshl.o(.text)
    _ll_shift_l                              0x08002cb9   Thumb Code     0  llshl.o(.text)
    __aeabi_llsr                             0x08002cd7   Thumb Code    32  llushr.o(.text)
    _ll_ushift_r                             0x08002cd7   Thumb Code     0  llushr.o(.text)
    __aeabi_lasr                             0x08002cf7   Thumb Code    36  llsshr.o(.text)
    _ll_sshift_r                             0x08002cf7   Thumb Code     0  llsshr.o(.text)
    __rt_ctype_table                         0x08002d1d   Thumb Code     4  ctype_o.o(.text)
    isspace                                  0x08002d25   Thumb Code    18  isspace_o.o(.text)
    _scanf_real                              0x08002e39   Thumb Code     0  scanf_fp.o(.text)
    _scanf_really_real                       0x08002e39   Thumb Code   556  scanf_fp.o(.text)
    _sgetc                                   0x08003071   Thumb Code    30  _sgetc.o(.text)
    _sbackspace                              0x0800308f   Thumb Code    34  _sgetc.o(.text)
    _strtoull                                0x080030b1   Thumb Code   194  _strtoull.o(.text)
    _chval                                   0x08003173   Thumb Code    28  _chval.o(.text)
    __aeabi_ul2d                             0x0800318f   Thumb Code    24  dfltul.o(.text)
    __aeabi_d2f                              0x080031a7   Thumb Code    56  d2f.o(.text)
    _float_round                             0x080031df   Thumb Code    18  fepilogue.o(.text)
    _float_epilogue                          0x080031f1   Thumb Code    92  fepilogue.o(.text)
    __0printf                                0x0800324d   Thumb Code    22  printfa.o(i.__0printf)
    __1printf                                0x0800324d   Thumb Code     0  printfa.o(i.__0printf)
    __2printf                                0x0800324d   Thumb Code     0  printfa.o(i.__0printf)
    __c89printf                              0x0800324d   Thumb Code     0  printfa.o(i.__0printf)
    printf                                   0x0800324d   Thumb Code     0  printfa.o(i.__0printf)
    __0snprintf                              0x0800326d   Thumb Code    36  printfa.o(i.__0snprintf)
    __1snprintf                              0x0800326d   Thumb Code     0  printfa.o(i.__0snprintf)
    __2snprintf                              0x0800326d   Thumb Code     0  printfa.o(i.__0snprintf)
    __c89snprintf                            0x0800326d   Thumb Code     0  printfa.o(i.__0snprintf)
    snprintf                                 0x0800326d   Thumb Code     0  printfa.o(i.__0snprintf)
    __0sprintf                               0x08003295   Thumb Code    34  printfa.o(i.__0sprintf)
    __1sprintf                               0x08003295   Thumb Code     0  printfa.o(i.__0sprintf)
    __2sprintf                               0x08003295   Thumb Code     0  printfa.o(i.__0sprintf)
    __c89sprintf                             0x08003295   Thumb Code     0  printfa.o(i.__0sprintf)
    sprintf                                  0x08003295   Thumb Code     0  printfa.o(i.__0sprintf)
    __0vsnprintf                             0x080032bd   Thumb Code    32  printfa.o(i.__0vsnprintf)
    __1vsnprintf                             0x080032bd   Thumb Code     0  printfa.o(i.__0vsnprintf)
    __2vsnprintf                             0x080032bd   Thumb Code     0  printfa.o(i.__0vsnprintf)
    __c89vsnprintf                           0x080032bd   Thumb Code     0  printfa.o(i.__0vsnprintf)
    vsnprintf                                0x080032bd   Thumb Code     0  printfa.o(i.__0vsnprintf)
    __ARM_common_switch8                     0x080032e1   Thumb Code    26  dump.o(i.__ARM_common_switch8)
    __ARM_isinf                              0x080032fb   Thumb Code    22  value.o(i.__ARM_isinf)
    __ARM_isnan                              0x08003311   Thumb Code    20  value.o(i.__ARM_isnan)
    __aeabi_errno_addr                       0x08003329   Thumb Code     4  errno.o(i.__aeabi_errno_addr)
    __rt_errno_addr                          0x08003329   Thumb Code     0  errno.o(i.__aeabi_errno_addr)
    __scatterload_copy                       0x08003331   Thumb Code    14  handlers.o(i.__scatterload_copy)
    __scatterload_null                       0x0800333f   Thumb Code     2  handlers.o(i.__scatterload_null)
    __scatterload_zeroinit                   0x08003341   Thumb Code    14  handlers.o(i.__scatterload_zeroinit)
    _is_digit                                0x080034b5   Thumb Code    14  scanf_fp.o(i._is_digit)
    free                                     0x0800429d   Thumb Code    76  malloc.o(i.free)
    hashtable_close                          0x08004431   Thumb Code    16  hashtable.o(i.hashtable_close)
    hashtable_get                            0x08004515   Thumb Code    58  hashtable.o(i.hashtable_get)
    hashtable_init                           0x08004555   Thumb Code    72  hashtable.o(i.hashtable_init)
    hashtable_iter                           0x0800459d   Thumb Code    12  hashtable.o(i.hashtable_iter)
    hashtable_iter_key                       0x080045a9   Thumb Code     4  hashtable.o(i.hashtable_iter_key)
    hashtable_iter_next                      0x080045ad   Thumb Code    14  hashtable.o(i.hashtable_iter_next)
    hashtable_iter_serial                    0x080045bb   Thumb Code     4  hashtable.o(i.hashtable_iter_serial)
    hashtable_iter_value                     0x080045bf   Thumb Code     4  hashtable.o(i.hashtable_iter_value)
    hashtable_set                            0x080045c5   Thumb Code   168  hashtable.o(i.hashtable_set)
    json_array                               0x0800469b   Thumb Code    54  value.o(i.json_array)
    json_array_append_new                    0x080046d1   Thumb Code    68  value.o(i.json_array_append_new)
    json_array_get                           0x08004719   Thumb Code    28  value.o(i.json_array_get)
    json_array_size                          0x08004781   Thumb Code    18  value.o(i.json_array_size)
    json_delete                              0x080047db   Thumb Code    84  value.o(i.json_delete)
    json_dump_callback                       0x0800482f   Thumb Code    42  dump.o(i.json_dump_callback)
    json_dumps                               0x08004859   Thumb Code    62  dump.o(i.json_dumps)
    json_false                               0x0800489d   Thumb Code     4  value.o(i.json_false)
    json_integer                             0x080048b5   Thumb Code    28  value.o(i.json_integer)
    json_integer_value                       0x080048d1   Thumb Code    24  value.o(i.json_integer_value)
    json_loads                               0x080048e9   Thumb Code    82  load.o(i.json_loads)
    json_null                                0x0800495d   Thumb Code     4  value.o(i.json_null)
    json_object                              0x08004965   Thumb Code    70  value.o(i.json_object)
    json_object_get                          0x080049b1   Thumb Code    28  value.o(i.json_object_get)
    json_object_iter                         0x080049cd   Thumb Code    24  value.o(i.json_object_iter)
    json_object_iter_key                     0x080049e5   Thumb Code    12  value.o(i.json_object_iter_key)
    json_object_iter_next                    0x080049f1   Thumb Code    28  value.o(i.json_object_iter_next)
    json_object_iter_value                   0x08004a0d   Thumb Code    12  value.o(i.json_object_iter_value)
    json_object_key_to_iter                  0x08004a19   Thumb Code     8  value.o(i.json_object_key_to_iter)
    json_object_seed                         0x08004a21   Thumb Code    34  hashtable_seed.o(i.json_object_seed)
    json_object_set_new                      0x08004a49   Thumb Code    52  value.o(i.json_object_set_new)
    json_object_set_new_nocheck              0x08004a7d   Thumb Code    58  value.o(i.json_object_set_new_nocheck)
    json_object_size                         0x08004abd   Thumb Code    18  value.o(i.json_object_size)
    json_real                                0x08004acf   Thumb Code    52  value.o(i.json_real)
    json_real_value                          0x08004b03   Thumb Code    24  value.o(i.json_real_value)
    json_string                              0x08004b1b   Thumb Code    24  value.o(i.json_string)
    json_string_length                       0x08004b33   Thumb Code    18  value.o(i.json_string_length)
    json_string_value                        0x08004b45   Thumb Code    18  value.o(i.json_string_value)
    json_stringn                             0x08004b57   Thumb Code    32  value.o(i.json_stringn)
    json_true                                0x08004b79   Thumb Code     4  value.o(i.json_true)
    jsonp_dtostr                             0x08004b81   Thumb Code   150  strconv.o(i.jsonp_dtostr)
    jsonp_error_init                         0x08004c21   Thumb Code    34  error.o(i.jsonp_error_init)
    jsonp_error_set                          0x08004c43   Thumb Code    16  error.o(i.jsonp_error_set)
    jsonp_error_set_source                   0x08004c55   Thumb Code    56  error.o(i.jsonp_error_set_source)
    jsonp_error_vset                         0x08004c91   Thumb Code    44  error.o(i.jsonp_error_vset)
    jsonp_free                               0x08004cbd   Thumb Code    12  memory.o(i.jsonp_free)
    jsonp_malloc                             0x08004ccd   Thumb Code    12  memory.o(i.jsonp_malloc)
    jsonp_strdup                             0x08004cdd   Thumb Code    18  memory.o(i.jsonp_strdup)
    jsonp_stringn_nocheck_own                0x08004cef   Thumb Code    10  value.o(i.jsonp_stringn_nocheck_own)
    jsonp_strndup                            0x08004cf9   Thumb Code    36  memory.o(i.jsonp_strndup)
    jsonp_strtod                             0x08004d1d   Thumb Code    90  strconv.o(i.jsonp_strtod)
    malloc                                   0x08005391   Thumb Code    92  malloc.o(i.malloc)
    strbuffer_append_byte                    0x0800580d   Thumb Code    12  strbuffer.o(i.strbuffer_append_byte)
    strbuffer_append_bytes                   0x08005819   Thumb Code   108  strbuffer.o(i.strbuffer_append_bytes)
    strbuffer_clear                          0x08005889   Thumb Code    10  strbuffer.o(i.strbuffer_clear)
    strbuffer_close                          0x08005893   Thumb Code    24  strbuffer.o(i.strbuffer_close)
    strbuffer_init                           0x080058ab   Thumb Code    34  strbuffer.o(i.strbuffer_init)
    strbuffer_pop                            0x080058cd   Thumb Code    24  strbuffer.o(i.strbuffer_pop)
    strbuffer_value                          0x080058e5   Thumb Code     4  strbuffer.o(i.strbuffer_value)
    strtod                                   0x08005a6d   Thumb Code    28  strtod.o(i.strtod)
    utf8_check_first                         0x08005a89   Thumb Code    60  utf.o(i.utf8_check_first)
    utf8_check_full                          0x08005ac5   Thumb Code   126  utf.o(i.utf8_check_full)
    utf8_check_string                        0x08005b4d   Thumb Code    62  utf.o(i.utf8_check_string)
    utf8_encode                              0x08005b8d   Thumb Code   120  utf.o(i.utf8_encode)
    utf8_iterate                             0x08005c09   Thumb Code    64  utf.o(i.utf8_iterate)
    __ctype_table                            0x08005c69   Data         129  ctype_o.o(.constdata)
    Region$$Table$$Base                      0x08005d04   Number         0  anon$$obj.o(Region$$Table)
    Region$$Table$$Limit                     0x08005d24   Number         0  anon$$obj.o(Region$$Table)
    SystemCoreClock                          0x20000000   Data           4  system_stm32f10x.o(.data)
    AHBPrescTable                            0x20000004   Data          16  system_stm32f10x.o(.data)
    RX_count                                 0x20000018   Data           2  usart.o(.data)
    Spi1SendBuff                             0x2000001c   Data           4  myspi.o(.data)
    Spi1ReadCnt                              0x20000020   Data           2  myspi.o(.data)
    Spi1SendCnt                              0x20000022   Data           2  myspi.o(.data)
    hashtable_seed                           0x20000058   Data           4  hashtable_seed.o(.data)
    __stdout                                 0x20000060   Data           4  stdout.o(.data)
    __microlib_freelist                      0x20000064   Data           4  mvars.o(.data)
    __microlib_freelist_initialised          0x20000068   Data           4  mvars.o(.data)
    rdQueue                                  0x2000006c   Data        3080  usart.o(.bss)
    Spi1ReadBuff                             0x20000c74   Data        1024  myspi.o(.bss)
    __heap_base                              0x20001078   Data           0  startup_stm32f10x_hd.o(HEAP)
    __heap_limit                             0x20006078   Data           0  startup_stm32f10x_hd.o(HEAP)
    __initial_sp                             0x20006478   Data           0  startup_stm32f10x_hd.o(STACK)



==============================================================================

Memory Map of the image

  Image Entry point : 0x08000131

  Load Region LR_IROM1 (Base: 0x08000000, Size: 0x00005d90, Max: 0x00040000, ABSOLUTE)

    Execution Region ER_IROM1 (Base: 0x08000000, Size: 0x00005d24, Max: 0x00040000, ABSOLUTE)

    Base Addr    Size         Type   Attr      Idx    E Section Name        Object

    0x08000000   0x00000130   Data   RO          298    RESET               startup_stm32f10x_hd.o
    0x08000130   0x00000000   Code   RO         1489  * .ARM.Collect$$$$00000000  mc_w.l(entry.o)
    0x08000130   0x00000004   Code   RO         1846    .ARM.Collect$$$$00000001  mc_w.l(entry2.o)
    0x08000134   0x00000004   Code   RO         1849    .ARM.Collect$$$$00000004  mc_w.l(entry5.o)
    0x08000138   0x00000000   Code   RO         1851    .ARM.Collect$$$$00000008  mc_w.l(entry7b.o)
    0x08000138   0x00000000   Code   RO         1853    .ARM.Collect$$$$0000000A  mc_w.l(entry8b.o)
    0x08000138   0x00000008   Code   RO         1854    .ARM.Collect$$$$0000000B  mc_w.l(entry9a.o)
    0x08000140   0x00000000   Code   RO         1856    .ARM.Collect$$$$0000000D  mc_w.l(entry10a.o)
    0x08000140   0x00000000   Code   RO         1858    .ARM.Collect$$$$0000000F  mc_w.l(entry11a.o)
    0x08000140   0x00000004   Code   RO         1847    .ARM.Collect$$$$00002712  mc_w.l(entry2.o)
    0x08000144   0x00000044   Code   RO            1    .text               main.o
    0x08000188   0x0000001a   Code   RO          139    .text               stm32f10x_it.o
    0x080001a2   0x00000002   PAD
    0x080001a4   0x000001e0   Code   RO          180    .text               system_stm32f10x.o
    0x08000384   0x00000050   Code   RO          198    .text               led.o
    0x080003d4   0x00000200   Code   RO          210    .text               exti.o
    0x080005d4   0x000000d4   Code   RO          222    .text               delay.o
    0x080006a8   0x000002d4   Code   RO          242    .text               usart.o
    0x0800097c   0x000000f0   Code   RO          265    .text               myspi.o
    0x08000a6c   0x00000024   Code   RO          299    .text               startup_stm32f10x_hd.o
    0x08000a90   0x0000035c   Code   RO          303    .text               stm32f10x_gpio.o
    0x08000dec   0x000003a4   Code   RO          315    .text               stm32f10x_rcc.o
    0x08001190   0x00000408   Code   RO          329    .text               stm32f10x_usart.o
    0x08001598   0x000000dc   Code   RO          341    .text               misc.o
    0x08001674   0x0000030c   Code   RO          365    .text               stm32f10x_spi.o
    0x08001980   0x0000011c   Code   RO          377    .text               stm32f10x_exti.o
    0x08001a9c   0x00000a70   Code   RO          389    .text               esp8266.o
    0x0800250c   0x00000006   Code   RO          404    .text               jansson_config.o
    0x08002512   0x0000002c   Code   RO         1512    .text               mc_w.l(uidiv.o)
    0x0800253e   0x0000009c   Code   RO         1514    .text               mc_w.l(qsort.o)
    0x080025da   0x00000040   Code   RO         1520    .text               mc_w.l(memmovea.o)
    0x0800261a   0x00000024   Code   RO         1524    .text               mc_w.l(strstr.o)
    0x0800263e   0x00000014   Code   RO         1526    .text               mc_w.l(strchr.o)
    0x08002652   0x0000000e   Code   RO         1528    .text               mc_w.l(strlen.o)
    0x08002660   0x0000001c   Code   RO         1530    .text               mc_w.l(strcmp.o)
    0x0800267c   0x00000014   Code   RO         1532    .text               mc_w.l(memchr.o)
    0x08002690   0x00000012   Code   RO         1536    .text               mc_w.l(strcpy.o)
    0x080026a2   0x00000004   Code   RO         1840    .text               mc_w.l(strtoll.o)
    0x080026a6   0x00000002   PAD
    0x080026a8   0x00000030   Code   RO         1844    .text               mf_w.l(cdcmple.o)
    0x080026d8   0x00000062   Code   RO         1862    .text               mc_w.l(uldiv.o)
    0x0800273a   0x00000002   PAD
    0x0800273c   0x0000009c   Code   RO         1866    .text               mc_w.l(strtod.o)
    0x080027d8   0x00000090   Code   RO         1868    .text               mc_w.l(__strtoll.o)
    0x08002868   0x00000000   Code   RO         1870    .text               mc_w.l(iusefp.o)
    0x08002868   0x000000ba   Code   RO         1872    .text               mf_w.l(depilogue.o)
    0x08002922   0x0000014e   Code   RO         1874    .text               mf_w.l(dadd.o)
    0x08002a70   0x000000e4   Code   RO         1876    .text               mf_w.l(dmul.o)
    0x08002b54   0x000000de   Code   RO         1878    .text               mf_w.l(ddiv.o)
    0x08002c32   0x00000030   Code   RO         1880    .text               mf_w.l(dfixul.o)
    0x08002c62   0x00000002   PAD
    0x08002c64   0x00000030   Code   RO         1882    .text               mf_w.l(cdrcmple.o)
    0x08002c94   0x00000024   Code   RO         1884    .text               mc_w.l(init.o)
    0x08002cb8   0x0000001e   Code   RO         1886    .text               mc_w.l(llshl.o)
    0x08002cd6   0x00000020   Code   RO         1888    .text               mc_w.l(llushr.o)
    0x08002cf6   0x00000024   Code   RO         1890    .text               mc_w.l(llsshr.o)
    0x08002d1a   0x00000002   PAD
    0x08002d1c   0x00000008   Code   RO         1894    .text               mc_w.l(ctype_o.o)
    0x08002d24   0x00000012   Code   RO         1916    .text               mc_w.l(isspace_o.o)
    0x08002d36   0x00000002   PAD
    0x08002d38   0x00000338   Code   RO         1922    .text               mc_w.l(scanf_fp.o)
    0x08003070   0x00000040   Code   RO         1926    .text               mc_w.l(_sgetc.o)
    0x080030b0   0x000000c2   Code   RO         1928    .text               mc_w.l(_strtoull.o)
    0x08003172   0x0000001c   Code   RO         1933    .text               mc_w.l(_chval.o)
    0x0800318e   0x00000018   Code   RO         1935    .text               mf_w.l(dfltul.o)
    0x080031a6   0x00000038   Code   RO         1937    .text               mf_w.l(d2f.o)
    0x080031de   0x0000006e   Code   RO         1939    .text               mf_w.l(fepilogue.o)
    0x0800324c   0x00000020   Code   RO         1777    i.__0printf         mc_w.l(printfa.o)
    0x0800326c   0x00000028   Code   RO         1778    i.__0snprintf       mc_w.l(printfa.o)
    0x08003294   0x00000028   Code   RO         1779    i.__0sprintf        mc_w.l(printfa.o)
    0x080032bc   0x00000024   Code   RO         1782    i.__0vsnprintf      mc_w.l(printfa.o)
    0x080032e0   0x0000001a   Code   RO          478    i.__ARM_common_switch8  jansson_CM3LE.lib(dump.o)
    0x080032fa   0x00000016   Code   RO         1036    i.__ARM_isinf       jansson_CM3LE.lib(value.o)
    0x08003310   0x00000018   Code   RO         1041    i.__ARM_isnan       jansson_CM3LE.lib(value.o)
    0x08003328   0x00000008   Code   RO         1833    i.__aeabi_errno_addr  mc_w.l(errno.o)
    0x08003330   0x0000000e   Code   RO         1943    i.__scatterload_copy  mc_w.l(handlers.o)
    0x0800333e   0x00000002   Code   RO         1944    i.__scatterload_null  mc_w.l(handlers.o)
    0x08003340   0x0000000e   Code   RO         1945    i.__scatterload_zeroinit  mc_w.l(handlers.o)
    0x0800334e   0x00000002   PAD
    0x08003350   0x00000164   Code   RO         1784    i._fp_digits        mc_w.l(printfa.o)
    0x080034b4   0x0000000e   Code   RO         1924    i._is_digit         mc_w.l(scanf_fp.o)
    0x080034c2   0x00000002   PAD
    0x080034c4   0x000006dc   Code   RO         1785    i._printf_core      mc_w.l(printfa.o)
    0x08003ba0   0x00000024   Code   RO         1786    i._printf_post_padding  mc_w.l(printfa.o)
    0x08003bc4   0x0000002e   Code   RO         1787    i._printf_pre_padding  mc_w.l(printfa.o)
    0x08003bf2   0x00000016   Code   RO         1788    i._snputc           mc_w.l(printfa.o)
    0x08003c08   0x0000000a   Code   RO         1789    i._sputc            mc_w.l(printfa.o)
    0x08003c12   0x00000018   Code   RO          690    i.array_copy        jansson_CM3LE.lib(value.o)
    0x08003c2a   0x00000016   Code   RO         1140    i.bucket_is_empty   jansson_CM3LE.lib(hashtable.o)
    0x08003c40   0x0000004c   Code   RO          526    i.decode_unicode_escape  jansson_CM3LE.lib(load.o)
    0x08003c8c   0x00000394   Code   RO          416    i.do_dump           jansson_CM3LE.lib(dump.o)
    0x08004020   0x00000060   Code   RO          417    i.dump_indent       jansson_CM3LE.lib(dump.o)
    0x08004080   0x0000014c   Code   RO          418    i.dump_string       jansson_CM3LE.lib(dump.o)
    0x080041cc   0x00000010   Code   RO          420    i.dump_to_strbuffer  jansson_CM3LE.lib(dump.o)
    0x080041dc   0x000000c0   Code   RO          527    i.error_set         jansson_CM3LE.lib(load.o)
    0x0800429c   0x00000050   Code   RO         1805    i.free              mc_w.l(malloc.o)
    0x080042ec   0x00000144   Code   RO         1141    i.hashlittle        jansson_CM3LE.lib(hashtable.o)
    0x08004430   0x00000010   Code   RO         1143    i.hashtable_close   jansson_CM3LE.lib(hashtable.o)
    0x08004440   0x00000022   Code   RO         1145    i.hashtable_do_clear  jansson_CM3LE.lib(hashtable.o)
    0x08004462   0x00000076   Code   RO         1147    i.hashtable_do_rehash  jansson_CM3LE.lib(hashtable.o)
    0x080044d8   0x0000003c   Code   RO         1148    i.hashtable_find_pair  jansson_CM3LE.lib(hashtable.o)
    0x08004514   0x00000040   Code   RO         1149    i.hashtable_get     jansson_CM3LE.lib(hashtable.o)
    0x08004554   0x00000048   Code   RO         1150    i.hashtable_init    jansson_CM3LE.lib(hashtable.o)
    0x0800459c   0x0000000c   Code   RO         1151    i.hashtable_iter    jansson_CM3LE.lib(hashtable.o)
    0x080045a8   0x00000004   Code   RO         1153    i.hashtable_iter_key  jansson_CM3LE.lib(hashtable.o)
    0x080045ac   0x0000000e   Code   RO         1154    i.hashtable_iter_next  jansson_CM3LE.lib(hashtable.o)
    0x080045ba   0x00000004   Code   RO         1155    i.hashtable_iter_serial  jansson_CM3LE.lib(hashtable.o)
    0x080045be   0x00000004   Code   RO         1157    i.hashtable_iter_value  jansson_CM3LE.lib(hashtable.o)
    0x080045c2   0x00000002   PAD
    0x080045c4   0x000000ac   Code   RO         1158    i.hashtable_set     jansson_CM3LE.lib(hashtable.o)
    0x08004670   0x0000002a   Code   RO         1159    i.insert_to_bucket  jansson_CM3LE.lib(hashtable.o)
    0x0800469a   0x00000036   Code   RO          692    i.json_array        jansson_CM3LE.lib(value.o)
    0x080046d0   0x00000048   Code   RO          693    i.json_array_append_new  jansson_CM3LE.lib(value.o)
    0x08004718   0x0000001c   Code   RO          696    i.json_array_get    jansson_CM3LE.lib(value.o)
    0x08004734   0x0000004c   Code   RO          697    i.json_array_grow   jansson_CM3LE.lib(value.o)
    0x08004780   0x00000012   Code   RO          701    i.json_array_size   jansson_CM3LE.lib(value.o)
    0x08004792   0x00000018   Code   RO          528    i.json_decref       jansson_CM3LE.lib(load.o)
    0x080047aa   0x00000018   Code   RO          703    i.json_decref       jansson_CM3LE.lib(value.o)
    0x080047c2   0x00000018   Code   RO         1160    i.json_decref       jansson_CM3LE.lib(hashtable.o)
    0x080047da   0x00000054   Code   RO          705    i.json_delete       jansson_CM3LE.lib(value.o)
    0x0800482e   0x0000002a   Code   RO          421    i.json_dump_callback  jansson_CM3LE.lib(dump.o)
    0x08004858   0x00000044   Code   RO          424    i.json_dumps        jansson_CM3LE.lib(dump.o)
    0x0800489c   0x00000008   Code   RO          707    i.json_false        jansson_CM3LE.lib(value.o)
    0x080048a4   0x00000010   Code   RO          529    i.json_incref       jansson_CM3LE.lib(load.o)
    0x080048b4   0x0000001c   Code   RO          709    i.json_integer      jansson_CM3LE.lib(value.o)
    0x080048d0   0x00000018   Code   RO          711    i.json_integer_value  jansson_CM3LE.lib(value.o)
    0x080048e8   0x00000074   Code   RO          534    i.json_loads        jansson_CM3LE.lib(load.o)
    0x0800495c   0x00000008   Code   RO          712    i.json_null         jansson_CM3LE.lib(value.o)
    0x08004964   0x0000004c   Code   RO          714    i.json_object       jansson_CM3LE.lib(value.o)
    0x080049b0   0x0000001c   Code   RO          719    i.json_object_get   jansson_CM3LE.lib(value.o)
    0x080049cc   0x00000018   Code   RO          720    i.json_object_iter  jansson_CM3LE.lib(value.o)
    0x080049e4   0x0000000c   Code   RO          722    i.json_object_iter_key  jansson_CM3LE.lib(value.o)
    0x080049f0   0x0000001c   Code   RO          723    i.json_object_iter_next  jansson_CM3LE.lib(value.o)
    0x08004a0c   0x0000000c   Code   RO          725    i.json_object_iter_value  jansson_CM3LE.lib(value.o)
    0x08004a18   0x00000008   Code   RO          726    i.json_object_key_to_iter  jansson_CM3LE.lib(value.o)
    0x08004a20   0x00000028   Code   RO         1467    i.json_object_seed  jansson_CM3LE.lib(hashtable_seed.o)
    0x08004a48   0x00000034   Code   RO          727    i.json_object_set_new  jansson_CM3LE.lib(value.o)
    0x08004a7c   0x00000040   Code   RO          728    i.json_object_set_new_nocheck  jansson_CM3LE.lib(value.o)
    0x08004abc   0x00000012   Code   RO          730    i.json_object_size  jansson_CM3LE.lib(value.o)
    0x08004ace   0x00000034   Code   RO          734    i.json_real         jansson_CM3LE.lib(value.o)
    0x08004b02   0x00000018   Code   RO          736    i.json_real_value   jansson_CM3LE.lib(value.o)
    0x08004b1a   0x00000018   Code   RO          737    i.json_string       jansson_CM3LE.lib(value.o)
    0x08004b32   0x00000012   Code   RO          739    i.json_string_length  jansson_CM3LE.lib(value.o)
    0x08004b44   0x00000012   Code   RO          745    i.json_string_value  jansson_CM3LE.lib(value.o)
    0x08004b56   0x00000020   Code   RO          746    i.json_stringn      jansson_CM3LE.lib(value.o)
    0x08004b76   0x00000002   PAD
    0x08004b78   0x00000008   Code   RO          748    i.json_true         jansson_CM3LE.lib(value.o)
    0x08004b80   0x000000a0   Code   RO         1403    i.jsonp_dtostr      jansson_CM3LE.lib(strconv.o)
    0x08004c20   0x00000022   Code   RO         1085    i.jsonp_error_init  jansson_CM3LE.lib(error.o)
    0x08004c42   0x00000010   Code   RO         1086    i.jsonp_error_set   jansson_CM3LE.lib(error.o)
    0x08004c52   0x00000002   PAD
    0x08004c54   0x0000003c   Code   RO         1087    i.jsonp_error_set_source  jansson_CM3LE.lib(error.o)
    0x08004c90   0x0000002c   Code   RO         1088    i.jsonp_error_vset  jansson_CM3LE.lib(error.o)
    0x08004cbc   0x00000010   Code   RO         1298    i.jsonp_free        jansson_CM3LE.lib(memory.o)
    0x08004ccc   0x00000010   Code   RO         1299    i.jsonp_malloc      jansson_CM3LE.lib(memory.o)
    0x08004cdc   0x00000012   Code   RO         1300    i.jsonp_strdup      jansson_CM3LE.lib(memory.o)
    0x08004cee   0x0000000a   Code   RO          749    i.jsonp_stringn_nocheck_own  jansson_CM3LE.lib(value.o)
    0x08004cf8   0x00000024   Code   RO         1301    i.jsonp_strndup     jansson_CM3LE.lib(memory.o)
    0x08004d1c   0x00000064   Code   RO         1404    i.jsonp_strtod      jansson_CM3LE.lib(strconv.o)
    0x08004d80   0x0000001c   Code   RO          535    i.lex_close         jansson_CM3LE.lib(load.o)
    0x08004d9c   0x00000012   Code   RO          536    i.lex_free_string   jansson_CM3LE.lib(load.o)
    0x08004dae   0x00000008   Code   RO          537    i.lex_get           jansson_CM3LE.lib(load.o)
    0x08004db6   0x0000001e   Code   RO          538    i.lex_get_save      jansson_CM3LE.lib(load.o)
    0x08004dd4   0x00000030   Code   RO          539    i.lex_init          jansson_CM3LE.lib(load.o)
    0x08004e04   0x0000000c   Code   RO          540    i.lex_save          jansson_CM3LE.lib(load.o)
    0x08004e10   0x00000138   Code   RO          541    i.lex_scan          jansson_CM3LE.lib(load.o)
    0x08004f48   0x0000018c   Code   RO          542    i.lex_scan_number   jansson_CM3LE.lib(load.o)
    0x080050d4   0x00000288   Code   RO          543    i.lex_scan_string   jansson_CM3LE.lib(load.o)
    0x0800535c   0x00000026   Code   RO          544    i.lex_unget_unsave  jansson_CM3LE.lib(load.o)
    0x08005382   0x0000000e   Code   RO         1161    i.list_insert       jansson_CM3LE.lib(hashtable.o)
    0x08005390   0x0000006c   Code   RO         1806    i.malloc            mc_w.l(malloc.o)
    0x080053fc   0x0000000c   Code   RO          425    i.object_key_compare_keys  jansson_CM3LE.lib(dump.o)
    0x08005408   0x0000001a   Code   RO          426    i.object_key_compare_serials  jansson_CM3LE.lib(dump.o)
    0x08005422   0x00000002   PAD
    0x08005424   0x00000094   Code   RO          545    i.parse_array       jansson_CM3LE.lib(load.o)
    0x080054b8   0x00000094   Code   RO          546    i.parse_json        jansson_CM3LE.lib(load.o)
    0x0800554c   0x00000180   Code   RO          547    i.parse_object      jansson_CM3LE.lib(load.o)
    0x080056cc   0x00000140   Code   RO          548    i.parse_value       jansson_CM3LE.lib(load.o)
    0x0800580c   0x0000000c   Code   RO         1344    i.strbuffer_append_byte  jansson_CM3LE.lib(strbuffer.o)
    0x08005818   0x00000070   Code   RO         1345    i.strbuffer_append_bytes  jansson_CM3LE.lib(strbuffer.o)
    0x08005888   0x0000000a   Code   RO         1346    i.strbuffer_clear   jansson_CM3LE.lib(strbuffer.o)
    0x08005892   0x00000018   Code   RO         1347    i.strbuffer_close   jansson_CM3LE.lib(strbuffer.o)
    0x080058aa   0x00000022   Code   RO         1348    i.strbuffer_init    jansson_CM3LE.lib(strbuffer.o)
    0x080058cc   0x00000018   Code   RO         1349    i.strbuffer_pop     jansson_CM3LE.lib(strbuffer.o)
    0x080058e4   0x00000004   Code   RO         1351    i.strbuffer_value   jansson_CM3LE.lib(strbuffer.o)
    0x080058e8   0x000000e4   Code   RO          549    i.stream_get        jansson_CM3LE.lib(load.o)
    0x080059cc   0x0000004a   Code   RO          550    i.stream_unget      jansson_CM3LE.lib(load.o)
    0x08005a16   0x0000003e   Code   RO          750    i.string_create     jansson_CM3LE.lib(value.o)
    0x08005a54   0x00000018   Code   RO          551    i.string_get        jansson_CM3LE.lib(load.o)
    0x08005a6c   0x0000001c   Code   RO         1486    i.strtod            m_ws.l(strtod.o)
    0x08005a88   0x0000003c   Code   RO         1431    i.utf8_check_first  jansson_CM3LE.lib(utf.o)
    0x08005ac4   0x00000088   Code   RO         1432    i.utf8_check_full   jansson_CM3LE.lib(utf.o)
    0x08005b4c   0x0000003e   Code   RO         1433    i.utf8_check_string  jansson_CM3LE.lib(utf.o)
    0x08005b8a   0x00000002   PAD
    0x08005b8c   0x0000007c   Code   RO         1434    i.utf8_encode       jansson_CM3LE.lib(utf.o)
    0x08005c08   0x00000040   Code   RO         1435    i.utf8_iterate      jansson_CM3LE.lib(utf.o)
    0x08005c48   0x00000021   Data   RO          427    .constdata          jansson_CM3LE.lib(dump.o)
    0x08005c69   0x00000081   Data   RO         1895    .constdata          mc_w.l(ctype_o.o)
    0x08005cea   0x00000002   PAD
    0x08005cec   0x00000004   Data   RO         1896    .constdata          mc_w.l(ctype_o.o)
    0x08005cf0   0x00000012   Data   RO          267    .conststring        myspi.o
    0x08005d02   0x00000002   PAD
    0x08005d04   0x00000020   Data   RO         1941    Region$$Table       anon$$obj.o


    Execution Region RW_IRAM1 (Base: 0x20000000, Size: 0x00006478, Max: 0x0000c000, ABSOLUTE)

    Base Addr    Size         Type   Attr      Idx    E Section Name        Object

    0x20000000   0x00000014   Data   RW          181    .data               system_stm32f10x.o
    0x20000014   0x00000004   Data   RW          223    .data               delay.o
    0x20000018   0x00000002   Data   RW          244    .data               usart.o
    0x2000001a   0x00000002   PAD
    0x2000001c   0x00000008   Data   RW          268    .data               myspi.o
    0x20000024   0x00000014   Data   RW          316    .data               stm32f10x_rcc.o
    0x20000038   0x00000018   Data   RW          751    .data               jansson_CM3LE.lib(value.o)
    0x20000050   0x00000008   Data   RW         1302    .data               jansson_CM3LE.lib(memory.o)
    0x20000058   0x00000004   Data   RW         1468    .data               jansson_CM3LE.lib(hashtable_seed.o)
    0x2000005c   0x00000004   Data   RW         1836    .data               mc_w.l(errno.o)
    0x20000060   0x00000004   Data   RW         1861    .data               mc_w.l(stdout.o)
    0x20000064   0x00000004   Data   RW         1864    .data               mc_w.l(mvars.o)
    0x20000068   0x00000004   Data   RW         1865    .data               mc_w.l(mvars.o)
    0x2000006c   0x00000c08   Zero   RW          243    .bss                usart.o
    0x20000c74   0x00000400   Zero   RW          266    .bss                myspi.o
    0x20001074   0x00000004   PAD
    0x20001078   0x00005000   Zero   RW          297    HEAP                startup_stm32f10x_hd.o
    0x20006078   0x00000400   Zero   RW          296    STACK               startup_stm32f10x_hd.o


==============================================================================

Image component sizes


      Code (inc. data)   RO Data    RW Data    ZI Data      Debug   Object Name

         0          0          0          0          0         32   core_cm3.o
       212         18          0          4          0       1015   delay.o
      2672        892          0          0          0       8636   esp8266.o
       512         58          0          0          0       1267   exti.o
         6          0          0          0          0        870   jansson_config.o
        80          8          0          0          0        483   led.o
        68         10          0          0          0     243663   main.o
       220         22          0          0          0       1785   misc.o
       240         36         18          8       1024       1646   myspi.o
        36          8        304          0      21504        784   startup_stm32f10x_hd.o
       284         10          0          0          0       2239   stm32f10x_exti.o
       860         38          0          0          0       5717   stm32f10x_gpio.o
        26          0          0          0          0       1170   stm32f10x_it.o
       932         36          0         20          0       8884   stm32f10x_rcc.o
       780         14          0          0          0       6598   stm32f10x_spi.o
      1032         22          0          0          0       8440   stm32f10x_usart.o
       480         38          0         20          0       1715   system_stm32f10x.o
       724         24          0          2       3080       4235   usart.o

    ----------------------------------------------------------------------
      9166       1234        356         56      25612     299179   Object Totals
         0          0         32          0          0          0   (incl. Generated)
         2          0          2          2          4          0   (incl. Padding)

    ----------------------------------------------------------------------

      Code (inc. data)   RO Data    RW Data    ZI Data      Debug   Library Member Name

      1534        162         33          0          0      17721   dump.o
       154          4          0          0          0       6477   error.o
      1000         32          0          0          0      17697   hashtable.o
        40          6          0          4          0       1280   hashtable_seed.o
      3288        680          0          0          0      19565   load.o
        86          8          0          8          0       6121   memory.o
       220          4          0          0          0       4432   strbuffer.o
       260         20          0          0          0       1934   strconv.o
       446         14          0          0          0       3830   utf.o
      1064         32          0         24          0      26843   value.o
        28          0          0          0          0         80   strtod.o
       144          0          0          0          0         88   __strtoll.o
        28          0          0          0          0         68   _chval.o
        64          0          0          0          0         84   _sgetc.o
       194          0          0          0          0         96   _strtoull.o
         8          4        133          0          0         68   ctype_o.o
         0          0          0          0          0          0   entry.o
         0          0          0          0          0          0   entry10a.o
         0          0          0          0          0          0   entry11a.o
         8          4          0          0          0          0   entry2.o
         4          0          0          0          0          0   entry5.o
         0          0          0          0          0          0   entry7b.o
         0          0          0          0          0          0   entry8b.o
         8          4          0          0          0          0   entry9a.o
         8          4          0          4          0         68   errno.o
        30          0          0          0          0          0   handlers.o
        36          8          0          0          0         68   init.o
        18          0          0          0          0         76   isspace_o.o
         0          0          0          0          0          0   iusefp.o
        30          0          0          0          0         68   llshl.o
        36          0          0          0          0         68   llsshr.o
        32          0          0          0          0         68   llushr.o
       188         20          0          0          0        160   malloc.o
        20          0          0          0          0         68   memchr.o
        64          0          0          0          0         76   memmovea.o
         0          0          0          8          0          0   mvars.o
      2374        104          0          0          0        828   printfa.o
       156          0          0          0          0         88   qsort.o
       838         12          0          0          0        216   scanf_fp.o
         0          0          0          4          0          0   stdout.o
        20          0          0          0          0         68   strchr.o
        28          0          0          0          0         76   strcmp.o
        18          0          0          0          0         68   strcpy.o
        14          0          0          0          0         68   strlen.o
        36          0          0          0          0         80   strstr.o
       156         14          0          0          0        120   strtod.o
         4          0          0          0          0         68   strtoll.o
        44          0          0          0          0         80   uidiv.o
        98          0          0          0          0         92   uldiv.o
        48          0          0          0          0         68   cdcmple.o
        48          0          0          0          0         68   cdrcmple.o
        56          0          0          0          0         88   d2f.o
       334          0          0          0          0        148   dadd.o
       222          0          0          0          0        100   ddiv.o
       186          0          0          0          0        176   depilogue.o
        48          0          0          0          0         68   dfixul.o
        24          0          0          0          0         76   dfltul.o
       228          0          0          0          0         96   dmul.o
       110          0          0          0          0        168   fepilogue.o

    ----------------------------------------------------------------------
     14154       1136        168         52          0     110012   Library Totals
        24          0          2          0          0          0   (incl. Padding)

    ----------------------------------------------------------------------

      Code (inc. data)   RO Data    RW Data    ZI Data      Debug   Library Name

      8092        962         33         36          0     105900   jansson_CM3LE.lib
        28          0          0          0          0         80   m_ws.l
      4706        174        133         16          0       2976   mc_w.l
      1304          0          0          0          0       1056   mf_w.l

    ----------------------------------------------------------------------
     14154       1136        168         52          0     110012   Library Totals

    ----------------------------------------------------------------------

==============================================================================


      Code (inc. data)   RO Data    RW Data    ZI Data      Debug   

     23320       2370        524        108      25612     401339   Grand Totals
     23320       2370        524        108      25612     401339   ELF Image Totals
     23320       2370        524        108          0          0   ROM Totals

==============================================================================

    Total RO  Size (Code + RO Data)                23844 (  23.29kB)
    Total RW  Size (RW Data + ZI Data)             25720 (  25.12kB)
    Total ROM Size (Code + RO Data + RW Data)      23952 (  23.39kB)

==============================================================================

