Component: ARM Compiler 5.06 update 1 (build 61) Tool: armlink [4d35a8]

==============================================================================

Section Cross References

    main.o(.text) refers to misc.o(.text) for NVIC_PriorityGroupConfig
    main.o(.text) refers to delay.o(.text) for delay_init
    main.o(.text) refers to led.o(.text) for LED_Init
    main.o(.text) refers to esp8266.o(.text) for ESP8266_Init
    main.o(.text) refers to usart.o(.text) for USART3_Init
    main.o(.text) refers to printfa.o(i.__0printf) for __2printf
    system_stm32f10x.o(.text) refers to system_stm32f10x.o(.data) for SystemCoreClock
    led.o(.text) refers to stm32f10x_rcc.o(.text) for RCC_APB2PeriphClockCmd
    led.o(.text) refers to stm32f10x_gpio.o(.text) for GPIO_Init
    exti.o(.text) refers to stm32f10x_rcc.o(.text) for RCC_APB2PeriphClockCmd
    exti.o(.text) refers to stm32f10x_gpio.o(.text) for GPIO_PinRemapConfig
    exti.o(.text) refers to stm32f10x_exti.o(.text) for EXTI_Init
    exti.o(.text) refers to misc.o(.text) for NVIC_Init
    exti.o(.text) refers to delay.o(.text) for delay_ms
    exti.o(.text) refers to printfa.o(i.__0printf) for __2printf
    delay.o(.text) refers to misc.o(.text) for SysTick_CLKSourceConfig
    delay.o(.text) refers to system_stm32f10x.o(.data) for SystemCoreClock
    delay.o(.text) refers to delay.o(.data) for fac_us
    usart.o(.text) refers to stm32f10x_rcc.o(.text) for RCC_APB2PeriphClockCmd
    usart.o(.text) refers to stm32f10x_gpio.o(.text) for GPIO_Init
    usart.o(.text) refers to misc.o(.text) for NVIC_Init
    usart.o(.text) refers to stm32f10x_usart.o(.text) for USART_Init
    usart.o(.text) refers to usart.o(.data) for RX_count
    usart.o(.text) refers to usart.o(.bss) for rdQueue
    startup_stm32f10x_hd.o(RESET) refers to startup_stm32f10x_hd.o(STACK) for __initial_sp
    startup_stm32f10x_hd.o(RESET) refers to startup_stm32f10x_hd.o(.text) for Reset_Handler
    startup_stm32f10x_hd.o(RESET) refers to stm32f10x_it.o(.text) for NMI_Handler
    startup_stm32f10x_hd.o(RESET) refers to exti.o(.text) for EXTI0_IRQHandler
    startup_stm32f10x_hd.o(RESET) refers to usart.o(.text) for USART1_IRQHandler
    startup_stm32f10x_hd.o(.text) refers to system_stm32f10x.o(.text) for SystemInit
    startup_stm32f10x_hd.o(.text) refers to entry.o(.ARM.Collect$$$$00000000) for __main
    stm32f10x_gpio.o(.text) refers to stm32f10x_rcc.o(.text) for RCC_APB2PeriphResetCmd
    stm32f10x_rcc.o(.text) refers to stm32f10x_rcc.o(.data) for APBAHBPrescTable
    stm32f10x_usart.o(.text) refers to stm32f10x_rcc.o(.text) for RCC_APB2PeriphResetCmd
    stm32f10x_tim.o(.text) refers to stm32f10x_rcc.o(.text) for RCC_APB2PeriphResetCmd
    stm32f10x_spi.o(.text) refers to stm32f10x_rcc.o(.text) for RCC_APB2PeriphResetCmd
    esp8266.o(.text) refers to value.o(i.json_delete) for json_delete
    esp8266.o(.text) refers to value.o(i.json_array_size) for json_array_size
    esp8266.o(.text) refers to value.o(i.json_object_size) for json_object_size
    esp8266.o(.text) refers to strstr.o(.text) for strstr
    esp8266.o(.text) refers to strcpy.o(.text) for strcpy
    esp8266.o(.text) refers to value.o(i.json_object_iter) for json_object_iter
    esp8266.o(.text) refers to value.o(i.json_object_iter_key) for json_object_iter_key
    esp8266.o(.text) refers to strlen.o(.text) for strlen
    esp8266.o(.text) refers to value.o(i.json_string_value) for json_string_value
    esp8266.o(.text) refers to value.o(i.json_object_get) for json_object_get
    esp8266.o(.text) refers to value.o(i.json_object_key_to_iter) for json_object_key_to_iter
    esp8266.o(.text) refers to value.o(i.json_object_iter_next) for json_object_iter_next
    esp8266.o(.text) refers to value.o(i.json_object_iter_value) for json_object_iter_value
    esp8266.o(.text) refers to value.o(i.json_array_get) for json_array_get
    esp8266.o(.text) refers to usart.o(.text) for USART1_Putc
    esp8266.o(.text) refers to value.o(i.json_object) for json_object
    esp8266.o(.text) refers to value.o(i.json_string) for json_string
    esp8266.o(.text) refers to value.o(i.json_object_set_new) for json_object_set_new
    esp8266.o(.text) refers to dump.o(i.json_dumps) for json_dumps
    esp8266.o(.text) refers to delay.o(.text) for delay_ms
    esp8266.o(.text) refers to printfa.o(i.__0printf) for __2printf
    esp8266.o(.text) refers to malloc.o(i.free) for free
    esp8266.o(.text) refers to usart.o(.bss) for rdQueue
    esp8266.o(.text) refers to load.o(i.json_loads) for json_loads
    esp8266.o(.text) refers to stm32f10x_usart.o(.text) for USART_ITConfig
    dump.o(i.do_dump) refers to dump.o(i.__ARM_common_switch8) for __ARM_common_switch8
    dump.o(i.do_dump) refers to value.o(i.json_integer_value) for json_integer_value
    dump.o(i.do_dump) refers to printfa.o(i.__0snprintf) for __2snprintf
    dump.o(i.do_dump) refers to value.o(i.json_real_value) for json_real_value
[...]
    .text                                    0x080001b0   Section        0  system_stm32f10x.o(.text)
    SetSysClockTo72                          0x080001b1   Thumb Code   214  system_stm32f10x.o(.text)
    SetSysClock                              0x08000287   Thumb Code     8  system_stm32f10x.o(.text)
    .text                                    0x08000390   Section        0  led.o(.text)
    .text                                    0x080003e0   Section        0  exti.o(.text)
    .text                                    0x080005d4   Section        0  delay.o(.text)
    .text                                    0x080006a8   Section        0  usart.o(.text)
    .text                                    0x0800097c   Section       36  startup_stm32f10x_hd.o(.text)
    .text                                    0x080009a0   Section        0  stm32f10x_gpio.o(.text)
    .text                                    0x08000cfc   Section        0  stm32f10x_rcc.o(.text)
    .text                                    0x080010a0   Section        0  stm32f10x_usart.o(.text)
    .text                                    0x080014a8   Section        0  misc.o(.text)
    .text                                    0x08001584   Section        0  stm32f10x_exti.o(.text)
    .text                                    0x080016a0   Section        0  esp8266.o(.text)
    json_decref                              0x080016a1   Thumb Code    28  esp8266.o(.text)
    .text                                    0x08002130   Section        0  jansson_config.o(.text)
    .text                                    0x08002136   Section        0  uidiv.o(.text)
    .text                                    0x08002162   Section        0  qsort.o(.text)
    .text                                    0x080021fe   Section        0  memmovea.o(.text)
    .text                                    0x0800223e   Section        0  strstr.o(.text)
    .text                                    0x08002262   Section        0  strchr.o(.text)
    .text                                    0x08002276   Section        0  strlen.o(.text)
    .text                                    0x08002284   Section        0  strcmp.o(.text)
    .text                                    0x080022a0   Section        0  memchr.o(.text)
    .text                                    0x080022b4   Section        0  strcpy.o(.text)
    .text                                    0x080022c6   Section        0  strtoll.o(.text)
    .text                                    0x080022cc   Section       48  cdcmple.o(.text)
    .text                                    0x080022fc   Section        0  uldiv.o(.text)
    .text                                    0x08002360   Section        0  strtod.o(.text)
    _local_sscanf                            0x08002361   Thumb Code    54  strtod.o(.text)
    .text                                    0x080023fc   Section        0  __strtoll.o(.text)
    .text                                    0x0800248c   Section        0  depilogue.o(.text)
    .text                                    0x0800248c   Section        0  iusefp.o(.text)
    .text                                    0x08002546   Section        0  dadd.o(.text)
    .text                                    0x08002694   Section        0  dmul.o(.text)
    .text                                    0x08002778   Section        0  ddiv.o(.text)
    .text                                    0x08002856   Section        0  dfixul.o(.text)
    .text                                    0x08002888   Section       48  cdrcmple.o(.text)
    .text                                    0x080028b8   Section       36  init.o(.text)
    .text                                    0x080028dc   Section        0  llshl.o(.text)
    .text                                    0x080028fa   Section        0  llushr.o(.text)
    .text                                    0x0800291a   Section        0  llsshr.o(.text)
    .text                                    0x08002940   Section        0  ctype_o.o(.text)
    .text                                    0x08002948   Section        0  isspace_o.o(.text)
    .text                                    0x0800295c   Section        0  scanf_fp.o(.text)
    _fp_value                                0x0800295d   Thumb Code   256  scanf_fp.o(.text)
    .text                                    0x08002c94   Section        0  _sgetc.o(.text)
    .text                                    0x08002cd4   Section        0  _strtoull.o(.text)
    .text                                    0x08002d96   Section        0  _chval.o(.text)
    .text                                    0x08002db2   Section        0  dfltul.o(.text)
    .text                                    0x08002dca   Section        0  d2f.o(.text)
    .text                                    0x08002e02   Section        0  fepilogue.o(.text)
    i.__0printf                              0x08002e70   Section        0  printfa.o(i.__0printf)
    i.__0snprintf                            0x08002e90   Section        0  printfa.o(i.__0snprintf)
    i.__0sprintf                             0x08002eb8   Section        0  printfa.o(i.__0sprintf)
    i.__0vsnprintf                           0x08002ee0   Section        0  printfa.o(i.__0vsnprintf)
    i.__ARM_common_switch8                   0x08002f04   Section        0  dump.o(i.__ARM_common_switch8)
    i.__ARM_isinf                            0x08002f1e   Section        0  value.o(i.__ARM_isinf)
    i.__ARM_isnan                            0x08002f34   Section        0  value.o(i.__ARM_isnan)
    i.__aeabi_errno_addr                     0x08002f4c   Section        0  errno.o(i.__aeabi_errno_addr)
    i.__scatterload_copy                     0x08002f54   Section       14  handlers.o(i.__scatterload_copy)
    i.__scatterload_null                     0x08002f62   Section        2  handlers.o(i.__scatterload_null)
    i.__scatterload_zeroinit                 0x08002f64   Section       14  handlers.o(i.__scatterload_zeroinit)
    i._fp_digits                             0x08002f74   Section        0  printfa.o(i._fp_digits)
    _fp_digits                               0x08002f75   Thumb Code   334  printfa.o(i._fp_digits)
    i._is_digit                              0x080030d8   Section        0  scanf_fp.o(i._is_digit)
    i._printf_core                           0x080030e8   Section        0  printfa.o(i._printf_core)
    _printf_core                             0x080030e9   Thumb Code  1744  printfa.o(i._printf_core)
    i._printf_post_padding                   0x080037c4   Section        0  printfa.o(i._printf_post_padding)
    _printf_post_padding                     0x080037c5   Thumb Code    36  printfa.o(i._printf_post_padding)
    i._printf_pre_padding                    0x080037e8   Section        0  printfa.o(i._printf_pre_padding)
    _printf_pre_padding                      0x080037e9   Thumb Code    46  printfa.o(i._printf_pre_padding)
    i._snputc                                0x08003816   Section        0  printfa.o(i._snputc)
    _snputc                                  0x08003817   Thumb Code    22  printfa.o(i._snputc)
    i._sputc                                 0x0800382c   Section        0  printfa.o(i._sputc)
    _sputc                                   0x0800382d   Thumb Code    10  printfa.o(i._sputc)
    i.array_copy                             0x08003836   Section        0  value.o(i.array_copy)
    array_copy                               0x08003837   Thumb Code    24  value.o(i.array_copy)
    i.bucket_is_empty                        0x0800384e   Section        0  hashtable.o(i.bucket_is_empty)
    bucket_is_empty                          0x0800384f   Thumb Code    22  hashtable.o(i.bucket_is_empty)
    i.decode_unicode_escape                  0x08003864   Section        0  load.o(i.decode_unicode_escape)
    decode_unicode_escape                    0x08003865   Thumb Code    76  load.o(i.decode_unicode_escape)
    i.do_dump                                0x080038b0   Section        0  dump.o(i.do_dump)
    do_dump                                  0x080038b1   Thumb Code   846  dump.o(i.do_dump)
    i.dump_indent                            0x08003c44   Section        0  dump.o(i.dump_indent)
    dump_indent                              0x08003c45   Thumb Code    82  dump.o(i.dump_indent)
    i.dump_string                            0x08003ca4   Section        0  dump.o(i.dump_string)
    dump_string                              0x08003ca5   Thumb Code   270  dump.o(i.dump_string)
    i.dump_to_strbuffer                      0x08003df0   Section        0  dump.o(i.dump_to_strbuffer)
    dump_to_strbuffer                        0x08003df1   Thumb Code    16  dump.o(i.dump_to_strbuffer)
    i.error_set                              0x08003e00   Section        0  load.o(i.error_set)
    error_set                                0x08003e01   Thumb Code   150  load.o(i.error_set)
    i.free                                   0x08003ec0   Section        0  malloc.o(i.free)
    i.hashlittle                             0x08003f10   Section        0  hashtable.o(i.hashlittle)
    hashlittle                               0x08003f11   Thumb Code   318  hashtable.o(i.hashlittle)
    i.hashtable_close                        0x08004054   Section        0  hashtable.o(i.hashtable_close)
    i.hashtable_do_clear                     0x08004064   Section        0  hashtable.o(i.hashtable_do_clear)
    hashtable_do_clear                       0x08004065   Thumb Code    34  hashtable.o(i.hashtable_do_clear)
    i.hashtable_do_rehash                    0x08004086   Section        0  hashtable.o(i.hashtable_do_rehash)
    hashtable_do_rehash                      0x08004087   Thumb Code   118  hashtable.o(i.hashtable_do_rehash)
    i.hashtable_find_pair                    0x080040fc   Section        0  hashtable.o(i.hashtable_find_pair)
    hashtable_find_pair                      0x080040fd   Thumb Code    60  hashtable.o(i.hashtable_find_pair)
    i.hashtable_get                          0x08004138   Section        0  hashtable.o(i.hashtable_get)
    i.hashtable_init                         0x08004178   Section        0  hashtable.o(i.hashtable_init)
    i.hashtable_iter                         0x080041c0   Section        0  hashtable.o(i.hashtable_iter)
    i.hashtable_iter_key                     0x080041cc   Section        0  hashtable.o(i.hashtable_iter_key)
    i.hashtable_iter_next                    0x080041d0   Section        0  hashtable.o(i.hashtable_iter_next)
    i.hashtable_iter_serial                  0x080041de   Section        0  hashtable.o(i.hashtable_iter_serial)
    i.hashtable_iter_value                   0x080041e2   Section        0  hashtable.o(i.hashtable_iter_value)
    i.hashtable_set                          0x080041e8   Section        0  hashtable.o(i.hashtable_set)
    i.insert_to_bucket                       0x08004294   Section        0  hashtable.o(i.insert_to_bucket)
    insert_to_bucket                         0x08004295   Thumb Code    42  hashtable.o(i.insert_to_bucket)
    i.json_array                             0x080042be   Section        0  value.o(i.json_array)
    i.json_array_append_new                  0x080042f4   Section        0  value.o(i.json_array_append_new)
    i.json_array_get                         0x0800433c   Section        0  value.o(i.json_array_get)
    i.json_array_grow                        0x08004358   Section        0  value.o(i.json_array_grow)
    json_array_grow                          0x08004359   Thumb Code    76  value.o(i.json_array_grow)
    i.json_array_size                        0x080043a4   Section        0  value.o(i.json_array_size)
    i.json_decref                            0x080043b6   Section        0  load.o(i.json_decref)
    json_decref                              0x080043b7   Thumb Code    24  load.o(i.json_decref)
    i.json_decref                            0x080043ce   Section        0  value.o(i.json_decref)
    json_decref                              0x080043cf   Thumb Code    24  value.o(i.json_decref)
    i.json_decref                            0x080043e6   Section        0  hashtable.o(i.json_decref)
    json_decref                              0x080043e7   Thumb Code    24  hashtable.o(i.json_decref)
    i.json_delete                            0x080043fe   Section        0  value.o(i.json_delete)
    i.json_dump_callback                     0x08004452   Section        0  dump.o(i.json_dump_callback)
    i.json_dumps                             0x0800447c   Section        0  dump.o(i.json_dumps)
    i.json_false                             0x080044c0   Section        0  value.o(i.json_false)
    i.json_incref                            0x080044c8   Section        0  load.o(i.json_incref)
    json_incref                              0x080044c9   Thumb Code    16  load.o(i.json_incref)
    i.json_integer                           0x080044d8   Section        0  value.o(i.json_integer)
    i.json_integer_value                     0x080044f4   Section        0  value.o(i.json_integer_value)
    i.json_loads                             0x0800450c   Section        0  load.o(i.json_loads)
    i.json_null                              0x08004580   Section        0  value.o(i.json_null)
    i.json_object                            0x08004588   Section        0  value.o(i.json_object)
    i.json_object_get                        0x080045d4   Section        0  value.o(i.json_object_get)
    i.json_object_iter                       0x080045f0   Section        0  value.o(i.json_object_iter)
    i.json_object_iter_key                   0x08004608   Section        0  value.o(i.json_object_iter_key)
    i.json_object_iter_next                  0x08004614   Section        0  value.o(i.json_object_iter_next)
    i.json_object_iter_value                 0x08004630   Section        0  value.o(i.json_object_iter_value)
    i.json_object_key_to_iter                0x0800463c   Section        0  value.o(i.json_object_key_to_iter)
    i.json_object_seed                       0x08004644   Section        0  hashtable_seed.o(i.json_object_seed)
    i.json_object_set_new                    0x0800466c   Section        0  value.o(i.json_object_set_new)
    i.json_object_set_new_nocheck            0x080046a0   Section        0  value.o(i.json_object_set_new_nocheck)
    i.json_object_size                       0x080046e0   Section        0  value.o(i.json_object_size)
    i.json_real                              0x080046f2   Section        0  value.o(i.json_real)
    i.json_real_value                        0x08004726   Section        0  value.o(i.json_real_value)
    i.json_string                            0x0800473e   Section        0  value.o(i.json_string)
    i.json_string_length                     0x08004756   Section        0  value.o(i.json_string_length)
    i.json_string_value                      0x08004768   Section        0  value.o(i.json_string_value)
    i.json_stringn                           0x0800477a   Section        0  value.o(i.json_stringn)
    i.json_true                              0x0800479c   Section        0  value.o(i.json_true)
    i.jsonp_dtostr                           0x080047a4   Section        0  strconv.o(i.jsonp_dtostr)
    i.jsonp_error_init                       0x08004844   Section        0  error.o(i.jsonp_error_init)
    i.jsonp_error_set                        0x08004866   Section        0  error.o(i.jsonp_error_set)
    i.jsonp_error_set_source                 0x08004878   Section        0  error.o(i.jsonp_error_set_source)
    i.jsonp_error_vset                       0x080048b4   Section        0  error.o(i.jsonp_error_vset)
    i.jsonp_free                             0x080048e0   Section        0  memory.o(i.jsonp_free)
    i.jsonp_malloc                           0x080048f0   Section        0  memory.o(i.jsonp_malloc)
    i.jsonp_strdup                           0x08004900   Section        0  memory.o(i.jsonp_strdup)
    i.jsonp_stringn_nocheck_own              0x08004912   Section        0  value.o(i.jsonp_stringn_nocheck_own)
    i.jsonp_strndup                          0x0800491c   Section        0  memory.o(i.jsonp_strndup)
    i.jsonp_strtod                           0x08004940   Section        0  strconv.o(i.jsonp_strtod)
    i.lex_close                              0x080049a4   Section        0  load.o(i.lex_close)
    lex_close                                0x080049a5   Thumb Code    28  load.o(i.lex_close)
    i.lex_free_string                        0x080049c0   Section        0  load.o(i.lex_free_string)
    lex_free_string                          0x080049c1   Thumb Code    18  load.o(i.lex_free_string)
    i.lex_get                                0x080049d2   Section        0  load.o(i.lex_get)
    lex_get                                  0x080049d3   Thumb Code     8  load.o(i.lex_get)
    i.lex_get_save                           0x080049da   Section        0  load.o(i.lex_get_save)
    lex_get_save                             0x080049db   Thumb Code    30  load.o(i.lex_get_save)
    i.lex_init                               0x080049f8   Section        0  load.o(i.lex_init)
    lex_init                                 0x080049f9   Thumb Code    44  load.o(i.lex_init)
    i.lex_save                               0x08004a28   Section        0  load.o(i.lex_save)
    lex_save                                 0x08004a29   Thumb Code    12  load.o(i.lex_save)
    i.lex_scan                               0x08004a34   Section        0  load.o(i.lex_scan)
    lex_scan                                 0x08004a35   Thumb Code   284  load.o(i.lex_scan)
    i.lex_scan_number                        0x08004b6c   Section        0  load.o(i.lex_scan_number)
    lex_scan_number                          0x08004b6d   Thumb Code   328  load.o(i.lex_scan_number)
    i.lex_scan_string                        0x08004cf8   Section        0  load.o(i.lex_scan_string)
    lex_scan_string                          0x08004cf9   Thumb Code   464  load.o(i.lex_scan_string)
    i.lex_unget_unsave                       0x08004f80   Section        0  load.o(i.lex_unget_unsave)
    lex_unget_unsave                         0x08004f81   Thumb Code    38  load.o(i.lex_unget_unsave)
    i.list_insert                            0x08004fa6   Section        0  hashtable.o(i.list_insert)
    list_insert                              0x08004fa7   Thumb Code    14  hashtable.o(i.list_insert)
    i.malloc                                 0x08004fb4   Section        0  malloc.o(i.malloc)
    i.object_key_compare_keys                0x08005020   Section        0  dump.o(i.object_key_compare_keys)
    object_key_compare_keys                  0x08005021   Thumb Code    12  dump.o(i.object_key_compare_keys)
    i.object_key_compare_serials             0x0800502c   Section        0  dump.o(i.object_key_compare_serials)
    object_key_compare_serials               0x0800502d   Thumb Code    26  dump.o(i.object_key_compare_serials)
    i.parse_array                            0x08005048   Section        0  load.o(i.parse_array)
    parse_array                              0x08005049   Thumb Code   130  load.o(i.parse_array)
    i.parse_json                             0x080050dc   Section        0  load.o(i.parse_json)
    parse_json                               0x080050dd   Thumb Code   104  load.o(i.parse_json)
    i.parse_object                           0x08005170   Section        0  load.o(i.parse_object)
    parse_object                             0x08005171   Thumb Code   264  load.o(i.parse_object)
    i.parse_value                            0x080052f0   Section        0  load.o(i.parse_value)
    parse_value                              0x080052f1   Thumb Code   210  load.o(i.parse_value)
    i.strbuffer_append_byte                  0x08005430   Section        0  strbuffer.o(i.strbuffer_append_byte)
    i.strbuffer_append_bytes                 0x0800543c   Section        0  strbuffer.o(i.strbuffer_append_bytes)
    i.strbuffer_clear                        0x080054ac   Section        0  strbuffer.o(i.strbuffer_clear)
    i.strbuffer_close                        0x080054b6   Section        0  strbuffer.o(i.strbuffer_close)
    i.strbuffer_init                         0x080054ce   Section        0  strbuffer.o(i.strbuffer_init)
    i.strbuffer_pop                          0x080054f0   Section        0  strbuffer.o(i.strbuffer_pop)
    i.strbuffer_value                        0x08005508   Section        0  strbuffer.o(i.strbuffer_value)
    i.stream_get                             0x0800550c   Section        0  load.o(i.stream_get)
    stream_get                               0x0800550d   Thumb Code   200  load.o(i.stream_get)
    i.stream_unget                           0x080055f0   Section        0  load.o(i.stream_unget)
    stream_unget                             0x080055f1   Thumb Code    74  load.o(i.stream_unget)
    i.string_create                          0x0800563a   Section        0  value.o(i.string_create)
    string_create                            0x0800563b   Thumb Code    62  value.o(i.string_create)
    i.string_get                             0x08005678   Section        0  load.o(i.string_get)
    string_get                               0x08005679   Thumb Code    24  load.o(i.string_get)
    i.strtod                                 0x08005690   Section        0  strtod.o(i.strtod)
    i.utf8_check_first                       0x080056ac   Section        0  utf.o(i.utf8_check_first)
    i.utf8_check_full                        0x080056e8   Section        0  utf.o(i.utf8_check_full)
    i.utf8_check_string                      0x08005770   Section        0  utf.o(i.utf8_check_string)
    i.utf8_encode                            0x080057b0   Section        0  utf.o(i.utf8_encode)
    i.utf8_iterate                           0x0800582c   Section        0  utf.o(i.utf8_iterate)
    .constdata                               0x0800586c   Section       33  dump.o(.constdata)
    whitespace                               0x0800586c   Data          33  dump.o(.constdata)
    .constdata                               0x0800588d   Section      129  ctype_o.o(.constdata)
    .constdata                               0x08005910   Section        4  ctype_o.o(.constdata)
    table                                    0x08005910   Data           4  ctype_o.o(.constdata)
    .data                                    0x20000000   Section       20  system_stm32f10x.o(.data)
    .data                                    0x20000014   Section        4  delay.o(.data)
    fac_us                                   0x20000014   Data           1  delay.o(.data)
    fac_ms                                   0x20000016   Data           2  delay.o(.data)
    .data                                    0x20000018   Section        2  usart.o(.data)
    .data                                    0x2000001a   Section       20  stm32f10x_rcc.o(.data)
    APBAHBPrescTable                         0x2000001a   Data          16  stm32f10x_rcc.o(.data)
    ADCPrescTable                            0x2000002a   Data           4  stm32f10x_rcc.o(.data)
    .data                                    0x20000030   Section       24  value.o(.data)
    the_true                                 0x20000030   Data           8  value.o(.data)
    the_false                                0x20000038   Data           8  value.o(.data)
    the_null                                 0x20000040   Data           8  value.o(.data)
    .data                                    0x20000048   Section        8  memory.o(.data)
    do_malloc                                0x20000048   Data           4  memory.o(.data)
    do_free                                  0x2000004c   Data           4  memory.o(.data)
    .data                                    0x20000050   Section        4  hashtable_seed.o(.data)
    .data                                    0x20000054   Section        4  errno.o(.data)
    _errno                                   0x20000054   Data           4  errno.o(.data)
    .data                                    0x20000058   Section        4  stdout.o(.data)
    .data                                    0x2000005c   Section        4  mvars.o(.data)
    .data                                    0x20000060   Section        4  mvars.o(.data)
    .bss                                     0x20000064   Section     3080  usart.o(.bss)
    HEAP                                     0x20000c70   Section    20480  startup_stm32f10x_hd.o(HEAP)
    STACK                                    0x20005c70   Section     1024  startup_stm32f10x_hd.o(STACK)

    Global Symbols

    Symbol Name                              Value     Ov Type        Size  Object(Section)

    BuildAttributes$$THM_ISAv4$P$D$K$B$S$PE$A:L22UL41UL21$X:L11$S22US41US21$IEEE1$IW$USESV6$~STKCKD$USESV7$~SHL$OTIME$ROPI$IEEEJ$EBA8$MICROLIB$REQ8$PRES8$EABIv2 0x00000000   Number         0  anon$$obj.o ABSOLUTE
    __ARM_use_no_argv                        0x00000000   Number         0  main.o ABSOLUTE
    _printf_a                                0x00000000   Number         0  stubs.o ABSOLUTE
    _printf_c                                0x00000000   Number         0  stubs.o ABSOLUTE
    _printf_charcount                        0x00000000   Number         0  stubs.o ABSOLUTE
    _printf_d                                0x00000000   Number         0  stubs.o ABSOLUTE
    _printf_e                                0x00000000   Number         0  stubs.o ABSOLUTE
    _printf_f                                0x00000000   Number         0  stubs.o ABSOLUTE
    _printf_flags                            0x00000000   Number         0  stubs.o ABSOLUTE
    _printf_fp_dec                           0x00000000   Number         0  stubs.o ABSOLUTE
    _printf_fp_hex                           0x00000000   Number         0  stubs.o ABSOLUTE
    _printf_g                                0x00000000   Number         0  stubs.o ABSOLUTE
    _printf_i                                0x00000000   Number         0  stubs.o ABSOLUTE
    _printf_int_dec                          0x00000000   Number         0  stubs.o ABSOLUTE
    _printf_l                                0x00000000   Number         0  stubs.o ABSOLUTE
    _printf_lc                               0x00000000   Number         0  stubs.o ABSOLUTE
    _printf_ll                               0x00000000   Number         0  stubs.o ABSOLUTE
    _printf_lld                              0x00000000   Number         0  stubs.o ABSOLUTE
    _printf_lli                              0x00000000   Number         0  stubs.o ABSOLUTE
    _printf_llo                              0x00000000   Number         0  stubs.o ABSOLUTE
    _printf_llu                              0x00000000   Number         0  stubs.o ABSOLUTE
    _printf_llx                              0x00000000   Number         0  stubs.o ABSOLUTE
    _printf_longlong_dec                     0x00000000   Number         0  stubs.o ABSOLUTE
    _printf_longlong_hex                     0x00000000   Number         0  stubs.o ABSOLUTE
    _printf_longlong_oct                     0x00000000   Number         0  stubs.o ABSOLUTE
    _printf_ls                               0x00000000   Number         0  stubs.o ABSOLUTE
    _printf_mbtowc                           0x00000000   Number         0  stubs.o ABSOLUTE
    _printf_n                                0x00000000   Number         0  stubs.o ABSOLUTE
    _printf_o                                0x00000000   Number         0  stubs.o ABSOLUTE
    _printf_p                                0x00000000   Number         0  stubs.o ABSOLUTE
    _printf_percent                          0x00000000   Number         0  stubs.o ABSOLUTE
    _printf_pre_padding                      0x00000000   Number         0  stubs.o ABSOLUTE
    _printf_return_value                     0x00000000   Number         0  stubs.o ABSOLUTE
    _printf_s                                0x00000000   Number         0  stubs.o ABSOLUTE
    _printf_sizespec                         0x00000000   Number         0  stubs.o ABSOLUTE
    _printf_str                              0x00000000   Number         0  stubs.o ABSOLUTE
    _printf_truncate_signed                  0x00000000   Number         0  stubs.o ABSOLUTE
    _printf_truncate_unsigned                0x00000000   Number         0  stubs.o ABSOLUTE
    _printf_u                                0x00000000   Number         0  stubs.o ABSOLUTE
    _printf_wc                               0x00000000   Number         0  stubs.o ABSOLUTE
    _printf_wctomb                           0x00000000   Number         0  stubs.o ABSOLUTE
    _printf_widthprec                        0x00000000   Number         0  stubs.o ABSOLUTE
    _printf_x                                0x00000000   Number         0  stubs.o ABSOLUTE
    __cpp_initialize__aeabi_                  - Undefined Weak Reference
    __cxa_finalize                            - Undefined Weak Reference
    __decompress                              - Undefined Weak Reference
    _clock_init                               - Undefined Weak Reference
    _microlib_exit                            - Undefined Weak Reference
    __Vectors_Size                           0x00000130   Number         0  startup_stm32f10x_hd.o ABSOLUTE
    __Vectors                                0x08000000   Data           4  startup_stm32f10x_hd.o(RESET)
    __Vectors_End                            0x08000130   Data           0  startup_stm32f10x_hd.o(RESET)
    __main                                   0x08000131   Thumb Code     0  entry.o(.ARM.Collect$$$$00000000)
    _main_stk                                0x08000131   Thumb Code     0  entry2.o(.ARM.Collect$$$$00000001)
    _main_scatterload                        0x08000135   Thumb Code     0  entry5.o(.ARM.Collect$$$$00000004)
    __main_after_scatterload                 0x08000139   Thumb Code     0  entry5.o(.ARM.Collect$$$$00000004)
    _main_clock                              0x08000139   Thumb Code     0  entry7b.o(.ARM.Collect$$$$00000008)
    _main_cpp_init                           0x08000139   Thumb Code     0  entry8b.o(.ARM.Collect$$$$0000000A)
    _main_init                               0x08000139   Thumb Code     0  entry9a.o(.ARM.Collect$$$$0000000B)
    __rt_final_cpp                           0x08000141   Thumb Code     0  entry10a.o(.ARM.Collect$$$$0000000D)
    __rt_final_exit                          0x08000141   Thumb Code     0  entry11a.o(.ARM.Collect$$$$0000000F)
    main                                     0x08000145   Thumb Code    60  main.o(.text)
    NMI_Handler                              0x08000195   Thumb Code     2  stm32f10x_it.o(.text)
    HardFault_Handler                        0x08000197   Thumb Code     4  stm32f10x_it.o(.text)
    MemManage_Handler                        0x0800019b   Thumb Code     4  stm32f10x_it.o(.text)
    BusFault_Handler                         0x0800019f   Thumb Code     4  stm32f10x_it.o(.text)
    UsageFault_Handler                       0x080001a3   Thumb Code     4  stm32f10x_it.o(.text)
    SVC_Handler                              0x080001a7   Thumb Code     2  stm32f10x_it.o(.text)
    DebugMon_Handler                         0x080001a9   Thumb Code     2  stm32f10x_it.o(.text)
    PendSV_Handler                           0x080001ab   Thumb Code     2  stm32f10x_it.o(.text)
    SysTick_Handler                          0x080001ad   Thumb Code     2  stm32f10x_it.o(.text)
    SystemInit                               0x0800028f   Thumb Code    78  system_stm32f10x.o(.text)
    SystemCoreClockUpdate                    0x080002dd   Thumb Code   142  system_stm32f10x.o(.text)
    LED_Init                                 0x08000391   Thumb Code    72  led.o(.text)
    KEY_Init                                 0x080003e1   Thumb Code    82  exti.o(.text)
    EXTIX_Init                               0x08000433   Thumb Code   212  exti.o(.text)
    EXTI0_IRQHandler                         0x08000507   Thumb Code    62  exti.o(.text)
    EXTI9_5_IRQHandler                       0x08000545   Thumb Code    48  exti.o(.text)
    EXTI15_10_IRQHandler                     0x08000575   Thumb Code    46  exti.o(.text)
    delay_init                               0x080005d5   Thumb Code    50  delay.o(.text)
    delay_us                                 0x08000607   Thumb Code    72  delay.o(.text)
    delay_ms                                 0x0800064f   Thumb Code    72  delay.o(.text)
    fputc                                    0x080006a9   Thumb Code    24  usart.o(.text)
    USART1_Init                              0x080006c1   Thumb Code   154  usart.o(.text)
    USART3_Init                              0x0800075b   Thumb Code   158  usart.o(.text)
    USART3_Putc                              0x080007f9   Thumb Code    22  usart.o(.text)
    USART3_Send                              0x0800080f   Thumb Code    22  usart.o(.text)
    USART3_IRQHandler                        0x08000825   Thumb Code    14  usart.o(.text)
    USART1_Putc                              0x08000833   Thumb Code    22  usart.o(.text)
    USART1_Send                              0x08000849   Thumb Code    22  usart.o(.text)
    USART1_IRQHandler                        0x0800085f   Thumb Code   262  usart.o(.text)
    Reset_Handler                            0x0800097d   Thumb Code     8  startup_stm32f10x_hd.o(.text)
    ADC1_2_IRQHandler                        0x08000997   Thumb Code     0  startup_stm32f10x_hd.o(.text)
    ADC3_IRQHandler                          0x08000997   Thumb Code     0  startup_stm32f10x_hd.o(.text)
    CAN1_RX1_IRQHandler                      0x08000997   Thumb Code     0  startup_stm32f10x_hd.o(.text)
    CAN1_SCE_IRQHandler                      0x08000997   Thumb Code     0  startup_stm32f10x_hd.o(.text)
    DMA1_Channel1_IRQHandler                 0x08000997   Thumb Code     0  startup_stm32f10x_hd.o(.text)
    DMA1_Channel2_IRQHandler                 0x08000997   Thumb Code     0  startup_stm32f10x_hd.o(.text)
    DMA1_Channel3_IRQHandler                 0x08000997   Thumb Code     0  startup_stm32f10x_hd.o(.text)
    DMA1_Channel4_IRQHandler                 0x08000997   Thumb Code     0  startup_stm32f10x_hd.o(.text)
    DMA1_Channel5_IRQHandler                 0x08000997   Thumb Code     0  startup_stm32f10x_hd.o(.text)
    DMA1_Channel6_IRQHandler                 0x08000997   Thumb Code     0  startup_stm32f10x_hd.o(.text)
    DMA1_Channel7_IRQHandler                 0x08000997   Thumb Code     0  startup_stm32f10x_hd.o(.text)
    DMA2_Channel1_IRQHandler                 0x08000997   Thumb Code     0  startup_stm32f10x_hd.o(.text)
    DMA2_Channel2_IRQHandler                 0x08000997   Thumb Code     0  startup_stm32f10x_hd.o(.text)
    DMA2_Channel3_IRQHandler                 0x08000997   Thumb Code     0  startup_stm32f10x_hd.o(.text)
    DMA2_Channel4_5_IRQHandler               0x08000997   Thumb Code     0  startup_stm32f10x_hd.o(.text)
    EXTI1_IRQHandler                         0x08000997   Thumb Code     0  startup_stm32f10x_hd.o(.text)
    EXTI2_IRQHandler                         0x08000997   Thumb Code     0  startup_stm32f10x_hd.o(.text)
    EXTI3_IRQHandler                         0x08000997   Thumb Code     0  startup_stm32f10x_hd.o(.text)
    EXTI4_IRQHandler                         0x08000997   Thumb Code     0  startup_stm32f10x_hd.o(.text)
    FLASH_IRQHandler                         0x08000997   Thumb Code     0  startup_stm32f10x_hd.o(.text)
    FSMC_IRQHandler                          0x08000997   Thumb Code     0  startup_stm32f10x_hd.o(.text)
    I2C1_ER_IRQHandler                       0x08000997   Thumb Code     0  startup_stm32f10x_hd.o(.text)
    I2C1_EV_IRQHandler                       0x08000997   Thumb Code     0  startup_stm32f10x_hd.o(.text)
    I2C2_ER_IRQHandler                       0x08000997   Thumb Code     0  startup_stm32f10x_hd.o(.text)
    I2C2_EV_IRQHandler                       0x08000997   Thumb Code     0  startup_stm32f10x_hd.o(.text)
    PVD_IRQHandler                           0x08000997   Thumb Code     0  startup_stm32f10x_hd.o(.text)
    RCC_IRQHandler                           0x08000997   Thumb Code     0  startup_stm32f10x_hd.o(.text)
    RTCAlarm_IRQHandler                      0x08000997   Thumb Code     0  startup_stm32f10x_hd.o(.text)
    RTC_IRQHandler                           0x08000997   Thumb Code     0  startup_stm32f10x_hd.o(.text)
    SDIO_IRQHandler                          0x08000997   Thumb Code     0  startup_stm32f10x_hd.o(.text)
    SPI1_IRQHandler                          0x08000997   Thumb Code     0  startup_stm32f10x_hd.o(.text)
    SPI2_IRQHandler                          0x08000997   Thumb Code     0  startup_stm32f10x_hd.o(.text)
    SPI3_IRQHandler                          0x08000997   Thumb Code     0  startup_stm32f10x_hd.o(.text)
    TAMPER_IRQHandler                        0x08000997   Thumb Code     0  startup_stm32f10x_hd.o(.text)
    TIM1_BRK_IRQHandler                      0x08000997   Thumb Code     0  startup_stm32f10x_hd.o(.text)
    TIM1_CC_IRQHandler                       0x08000997   Thumb Code     0  startup_stm32f10x_hd.o(.text)
    TIM1_TRG_COM_IRQHandler                  0x08000997   Thumb Code     0  startup_stm32f10x_hd.o(.text)
    TIM1_UP_IRQHandler                       0x08000997   Thumb Code     0  startup_stm32f10x_hd.o(.text)
    TIM2_IRQHandler                          0x08000997   Thumb Code     0  startup_stm32f10x_hd.o(.text)
    TIM3_IRQHandler                          0x08000997   Thumb Code     0  startup_stm32f10x_hd.o(.text)
    TIM4_IRQHandler                          0x08000997   Thumb Code     0  startup_stm32f10x_hd.o(.text)
    TIM5_IRQHandler                          0x08000997   Thumb Code     0  startup_stm32f10x_hd.o(.text)
    TIM6_IRQHandler                          0x08000997   Thumb Code     0  startup_stm32f10x_hd.o(.text)
    TIM7_IRQHandler                          0x08000997   Thumb Code     0  startup_stm32f10x_hd.o(.text)
    TIM8_BRK_IRQHandler                      0x08000997   Thumb Code     0  startup_stm32f10x_hd.o(.text)
    TIM8_CC_IRQHandler                       0x08000997   Thumb Code     0  startup_stm32f10x_hd.o(.text)
    TIM8_TRG_COM_IRQHandler                  0x08000997   Thumb Code     0  startup_stm32f10x_hd.o(.text)
    TIM8_UP_IRQHandler                       0x08000997   Thumb Code     0  startup_stm32f10x_hd.o(.text)
    UART4_IRQHandler                         0x08000997   Thumb Code     0  startup_stm32f10x_hd.o(.text)
    UART5_IRQHandler                         0x08000997   Thumb Code     0  startup_stm32f10x_hd.o(.text)
    USART2_IRQHandler                        0x08000997   Thumb Code     0  startup_stm32f10x_hd.o(.text)
    USBWakeUp_IRQHandler                     0x08000997   Thumb Code     0  startup_stm32f10x_hd.o(.text)
    USB_HP_CAN1_TX_IRQHandler                0x08000997   Thumb Code     0  startup_stm32f10x_hd.o(.text)
    USB_LP_CAN1_RX0_IRQHandler               0x08000997   Thumb Code     0  startup_stm32f10x_hd.o(.text)
    WWDG_IRQHandler                          0x08000997   Thumb Code     0  startup_stm32f10x_hd.o(.text)
    GPIO_DeInit                              0x080009a1   Thumb Code   172  stm32f10x_gpio.o(.text)
    GPIO_AFIODeInit                          0x08000a4d   Thumb Code    20  stm32f10x_gpio.o(.text)
    GPIO_Init                                0x08000a61   Thumb Code   278  stm32f10x_gpio.o(.text)
    GPIO_StructInit                          0x08000b77   Thumb Code    16  stm32f10x_gpio.o(.text)
    GPIO_ReadInputDataBit                    0x08000b87   Thumb Code    18  stm32f10x_gpio.o(.text)
    GPIO_ReadInputData                       0x08000b99   Thumb Code     8  stm32f10x_gpio.o(.text)
    GPIO_ReadOutputDataBit                   0x08000ba1   Thumb Code    18  stm32f10x_gpio.o(.text)
    GPIO_ReadOutputData                      0x08000bb3   Thumb Code     8  stm32f10x_gpio.o(.text)
    GPIO_SetBits                             0x08000bbb   Thumb Code     4  stm32f10x_gpio.o(.text)
    GPIO_ResetBits                           0x08000bbf   Thumb Code     4  stm32f10x_gpio.o(.text)
    GPIO_WriteBit                            0x08000bc3   Thumb Code    10  stm32f10x_gpio.o(.text)
    GPIO_Write                               0x08000bcd   Thumb Code     4  stm32f10x_gpio.o(.text)
    GPIO_PinLockConfig                       0x08000bd1   Thumb Code    18  stm32f10x_gpio.o(.text)
    GPIO_EventOutputConfig                   0x08000be3   Thumb Code    26  stm32f10x_gpio.o(.text)
    GPIO_EventOutputCmd                      0x08000bfd   Thumb Code     6  stm32f10x_gpio.o(.text)
    GPIO_PinRemapConfig                      0x08000c03   Thumb Code   138  stm32f10x_gpio.o(.text)
    GPIO_EXTILineConfig                      0x08000c8d   Thumb Code    66  stm32f10x_gpio.o(.text)
    GPIO_ETH_MediaInterfaceConfig            0x08000ccf   Thumb Code     8  stm32f10x_gpio.o(.text)
    RCC_DeInit                               0x08000cfd   Thumb Code    64  stm32f10x_rcc.o(.text)
    RCC_HSEConfig                            0x08000d3d   Thumb Code    70  stm32f10x_rcc.o(.text)
    RCC_GetFlagStatus                        0x08000d83   Thumb Code    56  stm32f10x_rcc.o(.text)
    RCC_WaitForHSEStartUp                    0x08000dbb   Thumb Code    56  stm32f10x_rcc.o(.text)
    RCC_AdjustHSICalibrationValue            0x08000df3   Thumb Code    20  stm32f10x_rcc.o(.text)
    RCC_HSICmd                               0x08000e07   Thumb Code     6  stm32f10x_rcc.o(.text)
    RCC_PLLConfig                            0x08000e0d   Thumb Code    24  stm32f10x_rcc.o(.text)
    RCC_PLLCmd                               0x08000e25   Thumb Code     6  stm32f10x_rcc.o(.text)
    RCC_SYSCLKConfig                         0x08000e2b   Thumb Code    18  stm32f10x_rcc.o(.text)
    RCC_GetSYSCLKSource                      0x08000e3d   Thumb Code    10  stm32f10x_rcc.o(.text)
    RCC_HCLKConfig                           0x08000e47   Thumb Code    18  stm32f10x_rcc.o(.text)
    RCC_PCLK1Config                          0x08000e59   Thumb Code    18  stm32f10x_rcc.o(.text)
    RCC_PCLK2Config                          0x08000e6b   Thumb Code    20  stm32f10x_rcc.o(.text)
    RCC_ITConfig                             0x08000e7f   Thumb Code    26  stm32f10x_rcc.o(.text)
    RCC_USBCLKConfig                         0x08000e99   Thumb Code     8  stm32f10x_rcc.o(.text)
    RCC_ADCCLKConfig                         0x08000ea1   Thumb Code    18  stm32f10x_rcc.o(.text)
    RCC_LSEConfig                            0x08000eb3   Thumb Code    50  stm32f10x_rcc.o(.text)
    RCC_LSICmd                               0x08000ee5   Thumb Code     6  stm32f10x_rcc.o(.text)
    RCC_RTCCLKConfig                         0x08000eeb   Thumb Code    12  stm32f10x_rcc.o(.text)
    RCC_RTCCLKCmd                            0x08000ef7   Thumb Code     8  stm32f10x_rcc.o(.text)
    RCC_GetClocksFreq                        0x08000eff   Thumb Code   192  stm32f10x_rcc.o(.text)
    RCC_AHBPeriphClockCmd                    0x08000fbf   Thumb Code    26  stm32f10x_rcc.o(.text)
    RCC_APB2PeriphClockCmd                   0x08000fd9   Thumb Code    26  stm32f10x_rcc.o(.text)
    RCC_APB1PeriphClockCmd                   0x08000ff3   Thumb Code    26  stm32f10x_rcc.o(.text)
    RCC_APB2PeriphResetCmd                   0x0800100d   Thumb Code    26  stm32f10x_rcc.o(.text)
    RCC_APB1PeriphResetCmd                   0x08001027   Thumb Code    26  stm32f10x_rcc.o(.text)
    RCC_BackupResetCmd                       0x08001041   Thumb Code     8  stm32f10x_rcc.o(.text)
    RCC_ClockSecuritySystemCmd               0x08001049   Thumb Code     6  stm32f10x_rcc.o(.text)
    RCC_MCOConfig                            0x0800104f   Thumb Code     6  stm32f10x_rcc.o(.text)
    RCC_ClearFlag                            0x08001055   Thumb Code    14  stm32f10x_rcc.o(.text)
    RCC_GetITStatus                          0x08001063   Thumb Code    20  stm32f10x_rcc.o(.text)
    RCC_ClearITPendingBit                    0x08001077   Thumb Code     6  stm32f10x_rcc.o(.text)
    USART_DeInit                             0x080010a1   Thumb Code   134  stm32f10x_usart.o(.text)
    USART_Init                               0x08001127   Thumb Code   210  stm32f10x_usart.o(.text)
    USART_StructInit                         0x080011f9   Thumb Code    24  stm32f10x_usart.o(.text)
    USART_ClockInit                          0x08001211   Thumb Code    34  stm32f10x_usart.o(.text)
    USART_ClockStructInit                    0x08001233   Thumb Code    12  stm32f10x_usart.o(.text)
    USART_Cmd                                0x0800123f   Thumb Code    24  stm32f10x_usart.o(.text)
    USART_ITConfig                           0x08001257   Thumb Code    74  stm32f10x_usart.o(.text)
    USART_DMACmd                             0x080012a1   Thumb Code    18  stm32f10x_usart.o(.text)
    USART_SetAddress                         0x080012b3   Thumb Code    18  stm32f10x_usart.o(.text)
    USART_WakeUpConfig                       0x080012c5   Thumb Code    18  stm32f10x_usart.o(.text)
    USART_ReceiverWakeUpCmd                  0x080012d7   Thumb Code    24  stm32f10x_usart.o(.text)
    USART_LINBreakDetectLengthConfig         0x080012ef   Thumb Code    18  stm32f10x_usart.o(.text)
    USART_LINCmd                             0x08001301   Thumb Code    24  stm32f10x_usart.o(.text)
    USART_SendData                           0x08001319   Thumb Code     8  stm32f10x_usart.o(.text)
    USART_ReceiveData                        0x08001321   Thumb Code    10  stm32f10x_usart.o(.text)
    USART_SendBreak                          0x0800132b   Thumb Code    10  stm32f10x_usart.o(.text)
    USART_SetGuardTime                       0x08001335   Thumb Code    16  stm32f10x_usart.o(.text)
    USART_SetPrescaler                       0x08001345   Thumb Code    16  stm32f10x_usart.o(.text)
    USART_SmartCardCmd                       0x08001355   Thumb Code    24  stm32f10x_usart.o(.text)
    USART_SmartCardNACKCmd                   0x0800136d   Thumb Code    24  stm32f10x_usart.o(.text)
    USART_HalfDuplexCmd                      0x08001385   Thumb Code    24  stm32f10x_usart.o(.text)
    USART_OverSampling8Cmd                   0x0800139d   Thumb Code    22  stm32f10x_usart.o(.text)
    USART_OneBitMethodCmd                    0x080013b3   Thumb Code    24  stm32f10x_usart.o(.text)
    USART_IrDAConfig                         0x080013cb   Thumb Code    18  stm32f10x_usart.o(.text)
    USART_IrDACmd                            0x080013dd   Thumb Code    24  stm32f10x_usart.o(.text)
    USART_GetFlagStatus                      0x080013f5   Thumb Code    26  stm32f10x_usart.o(.text)
    USART_ClearFlag                          0x0800140f   Thumb Code    18  stm32f10x_usart.o(.text)
    USART_GetITStatus                        0x08001421   Thumb Code    84  stm32f10x_usart.o(.text)
    USART_ClearITPendingBit                  0x08001475   Thumb Code    52  stm32f10x_usart.o(.text)
    NVIC_PriorityGroupConfig                 0x080014a9   Thumb Code    10  misc.o(.text)
    NVIC_Init                                0x080014b3   Thumb Code   100  misc.o(.text)
    NVIC_SetVectorTable                      0x08001517   Thumb Code    14  misc.o(.text)
    NVIC_SystemLPConfig                      0x08001525   Thumb Code    34  misc.o(.text)
    SysTick_CLKSourceConfig                  0x08001547   Thumb Code    40  misc.o(.text)
    EXTI_DeInit                              0x08001585   Thumb Code    28  stm32f10x_exti.o(.text)
    EXTI_Init                                0x080015a1   Thumb Code   142  stm32f10x_exti.o(.text)
    EXTI_StructInit                          0x0800162f   Thumb Code    16  stm32f10x_exti.o(.text)
    EXTI_GenerateSWInterrupt                 0x0800163f   Thumb Code    16  stm32f10x_exti.o(.text)
    EXTI_GetFlagStatus                       0x0800164f   Thumb Code    22  stm32f10x_exti.o(.text)
    EXTI_ClearFlag                           0x08001665   Thumb Code     8  stm32f10x_exti.o(.text)
    EXTI_GetITStatus                         0x0800166d   Thumb Code    34  stm32f10x_exti.o(.text)
    EXTI_ClearITPendingBit                   0x0800168f   Thumb Code     8  stm32f10x_exti.o(.text)
    json_find                                0x080016bd   Thumb Code   334  esp8266.o(.text)
    ESP8266_Sendu8                           0x0800180b   Thumb Code    12  esp8266.o(.text)
    ESP8266_senditoa                         0x08001817   Thumb Code    44  esp8266.o(.text)
    ESP8266_printf                           0x08001843   Thumb Code   194  esp8266.o(.text)
    json_add                                 0x08001905   Thumb Code   188  esp8266.o(.text)
    ESP8266_test                             0x080019c1   Thumb Code   200  esp8266.o(.text)
    ESP8266_SendNetData                      0x08001a89   Thumb Code    34  esp8266.o(.text)
    ESP8266_ReadNetData                      0x08001aab   Thumb Code   368  esp8266.o(.text)
    ESP8266_RecvProcess                      0x08001c1b   Thumb Code   510  esp8266.o(.text)
    ESP8266_Start                            0x08001e19   Thumb Code    10  esp8266.o(.text)
    GetJsonType                              0x08001e23   Thumb Code    34  esp8266.o(.text)
    ESP8266_Init                             0x08001e45   Thumb Code    12  esp8266.o(.text)
    ESP8266_RST                              0x08001e51   Thumb Code     4  esp8266.o(.text)
    ESP8266_RestoreAPConfig                  0x08001e55   Thumb Code    48  esp8266.o(.text)
    seed_from_timestamp_and_pid              0x08002131   Thumb Code     6  jansson_config.o(.text)
    __aeabi_uidiv                            0x08002137   Thumb Code     0  uidiv.o(.text)
    __aeabi_uidivmod                         0x08002137   Thumb Code    44  uidiv.o(.text)
    qsort                                    0x08002163   Thumb Code   156  qsort.o(.text)
    ___aeabi_memcpy8$move                    0x080021ff   Thumb Code     0  memmovea.o(.text)
    __aeabi_memcpy                           0x080021ff   Thumb Code    64  memmovea.o(.text)
    __aeabi_memcpy4                          0x080021ff   Thumb Code     0  memmovea.o(.text)
    __aeabi_memmove                          0x080021ff   Thumb Code     0  memmovea.o(.text)
    __aeabi_memmove4                         0x080021ff   Thumb Code     0  memmovea.o(.text)
    __aeabi_memmove8                         0x080021ff   Thumb Code     0  memmovea.o(.text)
    strstr                                   0x0800223f   Thumb Code    36  strstr.o(.text)
    strchr                                   0x08002263   Thumb Code    20  strchr.o(.text)
    strlen                                   0x08002277   Thumb Code    14  strlen.o(.text)
    strcmp                                   0x08002285   Thumb Code    28  strcmp.o(.text)
    memchr                                   0x080022a1   Thumb Code    20  memchr.o(.text)
    strcpy                                   0x080022b5   Thumb Code    18  strcpy.o(.text)
    strtoll                                  0x080022c7   Thumb Code     4  strtoll.o(.text)
    __aeabi_cdcmpeq                          0x080022cd   Thumb Code     0  cdcmple.o(.text)
    __aeabi_cdcmple                          0x080022cd   Thumb Code    48  cdcmple.o(.text)
    __aeabi_uldivmod                         0x080022fd   Thumb Code    98  uldiv.o(.text)
    __strtod_int                             0x08002397   Thumb Code    88  strtod.o(.text)
    __strtoll                                0x080023fd   Thumb Code   144  __strtoll.o(.text)
    __I$use$fp                               0x0800248d   Thumb Code     0  iusefp.o(.text)
    _double_round                            0x0800248d   Thumb Code    30  depilogue.o(.text)
    _double_epilogue                         0x080024ab   Thumb Code   156  depilogue.o(.text)
    __aeabi_dadd                             0x08002547   Thumb Code   322  dadd.o(.text)
    __aeabi_dsub                             0x08002689   Thumb Code     6  dadd.o(.text)
    __aeabi_drsub                            0x0800268f   Thumb Code     6  dadd.o(.text)
    __aeabi_dmul                             0x08002695   Thumb Code   228  dmul.o(.text)
    __aeabi_ddiv                             0x08002779   Thumb Code   222  ddiv.o(.text)
    __aeabi_d2ulz                            0x08002857   Thumb Code    48  dfixul.o(.text)
    __aeabi_cdrcmple                         0x08002889   Thumb Code    48  cdrcmple.o(.text)
    __scatterload                            0x080028b9   Thumb Code    28  init.o(.text)
    __scatterload_rt2                        0x080028b9   Thumb Code     0  init.o(.text)
    __aeabi_llsl                             0x080028dd   Thumb Code    30  llshl.o(.text)
    _ll_shift_l                              0x080028dd   Thumb Code     0  llshl.o(.text)
    __aeabi_llsr                             0x080028fb   Thumb Code    32  llushr.o(.text)
    _ll_ushift_r                             0x080028fb   Thumb Code     0  llushr.o(.text)
    __aeabi_lasr                             0x0800291b   Thumb Code    36  llsshr.o(.text)
    _ll_sshift_r                             0x0800291b   Thumb Code     0  llsshr.o(.text)
    __rt_ctype_table                         0x08002941   Thumb Code     4  ctype_o.o(.text)
    isspace                                  0x08002949   Thumb Code    18  isspace_o.o(.text)
    _scanf_real                              0x08002a5d   Thumb Code     0  scanf_fp.o(.text)
    _scanf_really_real                       0x08002a5d   Thumb Code   556  scanf_fp.o(.text)
    _sgetc                                   0x08002c95   Thumb Code    30  _sgetc.o(.text)
    _sbackspace                              0x08002cb3   Thumb Code    34  _sgetc.o(.text)
    _strtoull                                0x08002cd5   Thumb Code   194  _strtoull.o(.text)
    _chval                                   0x08002d97   Thumb Code    28  _chval.o(.text)
    __aeabi_ul2d                             0x08002db3   Thumb Code    24  dfltul.o(.text)
    __aeabi_d2f                              0x08002dcb   Thumb Code    56  d2f.o(.text)
    _float_round                             0x08002e03   Thumb Code    18  fepilogue.o(.text)
    _float_epilogue                          0x08002e15   Thumb Code    92  fepilogue.o(.text)
    __0printf                                0x08002e71   Thumb Code    22  printfa.o(i.__0printf)
    __1printf                                0x08002e71   Thumb Code     0  printfa.o(i.__0printf)
    __2printf                                0x08002e71   Thumb Code     0  printfa.o(i.__0printf)
    __c89printf                              0x08002e71   Thumb Code     0  printfa.o(i.__0printf)
    printf                                   0x08002e71   Thumb Code     0  printfa.o(i.__0printf)
    __0snprintf                              0x08002e91   Thumb Code    36  printfa.o(i.__0snprintf)
    __1snprintf                              0x08002e91   Thumb Code     0  printfa.o(i.__0snprintf)
    __2snprintf                              0x08002e91   Thumb Code     0  printfa.o(i.__0snprintf)
    __c89snprintf                            0x08002e91   Thumb Code     0  printfa.o(i.__0snprintf)
    snprintf                                 0x08002e91   Thumb Code     0  printfa.o(i.__0snprintf)
    __0sprintf                               0x08002eb9   Thumb Code    34  printfa.o(i.__0sprintf)
    __1sprintf                               0x08002eb9   Thumb Code     0  printfa.o(i.__0sprintf)
    __2sprintf                               0x08002eb9   Thumb Code     0  printfa.o(i.__0sprintf)
    __c89sprintf                             0x08002eb9   Thumb Code     0  printfa.o(i.__0sprintf)
    sprintf                                  0x08002eb9   Thumb Code     0  printfa.o(i.__0sprintf)
    __0vsnprintf                             0x08002ee1   Thumb Code    32  printfa.o(i.__0vsnprintf)
    __1vsnprintf                             0x08002ee1   Thumb Code     0  printfa.o(i.__0vsnprintf)
    __2vsnprintf                             0x08002ee1   Thumb Code     0  printfa.o(i.__0vsnprintf)
    __c89vsnprintf                           0x08002ee1   Thumb Code     0  printfa.o(i.__0vsnprintf)
    vsnprintf                                0x08002ee1   Thumb Code     0  printfa.o(i.__0vsnprintf)
    __ARM_common_switch8                     0x08002f05   Thumb Code    26  dump.o(i.__ARM_common_switch8)
    __ARM_isinf                              0x08002f1f   Thumb Code    22  value.o(i.__ARM_isinf)
    __ARM_isnan                              0x08002f35   Thumb Code    20  value.o(i.__ARM_isnan)
    __aeabi_errno_addr                       0x08002f4d   Thumb Code     4  errno.o(i.__aeabi_errno_addr)
    __rt_errno_addr                          0x08002f4d   Thumb Code     0  errno.o(i.__aeabi_errno_addr)
    __scatterload_copy                       0x08002f55   Thumb Code    14  handlers.o(i.__scatterload_copy)
    __scatterload_null                       0x08002f63   Thumb Code     2  handlers.o(i.__scatterload_null)
    __scatterload_zeroinit                   0x08002f65   Thumb Code    14  handlers.o(i.__scatterload_zeroinit)
    _is_digit                                0x080030d9   Thumb Code    14  scanf_fp.o(i._is_digit)
    free                                     0x08003ec1   Thumb Code    76  malloc.o(i.free)
    hashtable_close                          0x08004055   Thumb Code    16  hashtable.o(i.hashtable_close)
    hashtable_get                            0x08004139   Thumb Code    58  hashtable.o(i.hashtable_get)
    hashtable_init                           0x08004179   Thumb Code    72  hashtable.o(i.hashtable_init)
    hashtable_iter                           0x080041c1   Thumb Code    12  hashtable.o(i.hashtable_iter)
    hashtable_iter_key                       0x080041cd   Thumb Code     4  hashtable.o(i.hashtable_iter_key)
    hashtable_iter_next                      0x080041d1   Thumb Code    14  hashtable.o(i.hashtable_iter_next)
    hashtable_iter_serial                    0x080041df   Thumb Code     4  hashtable.o(i.hashtable_iter_serial)
    hashtable_iter_value                     0x080041e3   Thumb Code     4  hashtable.o(i.hashtable_iter_value)
    hashtable_set                            0x080041e9   Thumb Code   168  hashtable.o(i.hashtable_set)
    json_array                               0x080042bf   Thumb Code    54  value.o(i.json_array)
    json_array_append_new                    0x080042f5   Thumb Code    68  value.o(i.json_array_append_new)
    json_array_get                           0x0800433d   Thumb Code    28  value.o(i.json_array_get)
    json_array_size                          0x080043a5   Thumb Code    18  value.o(i.json_array_size)
    json_delete                              0x080043ff   Thumb Code    84  value.o(i.json_delete)
    json_dump_callback                       0x08004453   Thumb Code    42  dump.o(i.json_dump_callback)
    json_dumps                               0x0800447d   Thumb Code    62  dump.o(i.json_dumps)
    json_false                               0x080044c1   Thumb Code     4  value.o(i.json_false)
    json_integer                             0x080044d9   Thumb Code    28  value.o(i.json_integer)
    json_integer_value                       0x080044f5   Thumb Code    24  value.o(i.json_integer_value)
    json_loads                               0x0800450d   Thumb Code    82  load.o(i.json_loads)
    json_null                                0x08004581   Thumb Code     4  value.o(i.json_null)
    json_object                              0x08004589   Thumb Code    70  value.o(i.json_object)
    json_object_get                          0x080045d5   Thumb Code    28  value.o(i.json_object_get)
    json_object_iter                         0x080045f1   Thumb Code    24  value.o(i.json_object_iter)
    json_object_iter_key                     0x08004609   Thumb Code    12  value.o(i.json_object_iter_key)
    json_object_iter_next                    0x08004615   Thumb Code    28  value.o(i.json_object_iter_next)
    json_object_iter_value                   0x08004631   Thumb Code    12  value.o(i.json_object_iter_value)
    json_object_key_to_iter                  0x0800463d   Thumb Code     8  value.o(i.json_object_key_to_iter)
    json_object_seed                         0x08004645   Thumb Code    34  hashtable_seed.o(i.json_object_seed)
    json_object_set_new                      0x0800466d   Thumb Code    52  value.o(i.json_object_set_new)
    json_object_set_new_nocheck              0x080046a1   Thumb Code    58  value.o(i.json_object_set_new_nocheck)
    json_object_size                         0x080046e1   Thumb Code    18  value.o(i.json_object_size)
    json_real                                0x080046f3   Thumb Code    52  value.o(i.json_real)
    json_real_value                          0x08004727   Thumb Code    24  value.o(i.json_real_value)
    json_string                              0x0800473f   Thumb Code    24  value.o(i.json_string)
    json_string_length                       0x08004757   Thumb Code    18  value.o(i.json_string_length)
    json_string_value                        0x08004769   Thumb Code    18  value.o(i.json_string_value)
    json_stringn                             0x0800477b   Thumb Code    32  value.o(i.json_stringn)
    json_true                                0x0800479d   Thumb Code     4  value.o(i.json_true)
    jsonp_dtostr                             0x080047a5   Thumb Code   150  strconv.o(i.jsonp_dtostr)
    jsonp_error_init                         0x08004845   Thumb Code    34  error.o(i.jsonp_error_init)
    jsonp_error_set                          0x08004867   Thumb Code    16  error.o(i.jsonp_error_set)
    jsonp_error_set_source                   0x08004879   Thumb Code    56  error.o(i.jsonp_error_set_source)
    jsonp_error_vset                         0x080048b5   Thumb Code    44  error.o(i.jsonp_error_vset)
    jsonp_free                               0x080048e1   Thumb Code    12  memory.o(i.jsonp_free)
    jsonp_malloc                             0x080048f1   Thumb Code    12  memory.o(i.jsonp_malloc)
    jsonp_strdup                             0x08004901   Thumb Code    18  memory.o(i.jsonp_strdup)
    jsonp_stringn_nocheck_own                0x08004913   Thumb Code    10  value.o(i.jsonp_stringn_nocheck_own)
    jsonp_strndup                            0x0800491d   Thumb Code    36  memory.o(i.jsonp_strndup)
    jsonp_strtod                             0x08004941   Thumb Code    90  strconv.o(i.jsonp_strtod)
    malloc                                   0x08004fb5   Thumb Code    92  malloc.o(i.malloc)
    strbuffer_append_byte                    0x08005431   Thumb Code    12  strbuffer.o(i.strbuffer_append_byte)
    strbuffer_append_bytes                   0x0800543d   Thumb Code   108  strbuffer.o(i.strbuffer_append_bytes)
    strbuffer_clear                          0x080054ad   Thumb Code    10  strbuffer.o(i.strbuffer_clear)
    strbuffer_close                          0x080054b7   Thumb Code    24  strbuffer.o(i.strbuffer_close)
    strbuffer_init                           0x080054cf   Thumb Code    34  strbuffer.o(i.strbuffer_init)
    strbuffer_pop                            0x080054f1   Thumb Code    24  strbuffer.o(i.strbuffer_pop)
    strbuffer_value                          0x08005509   Thumb Code     4  strbuffer.o(i.strbuffer_value)
    strtod                                   0x08005691   Thumb Code    28  strtod.o(i.strtod)
    utf8_check_first                         0x080056ad   Thumb Code    60  utf.o(i.utf8_check_first)
    utf8_check_full                          0x080056e9   Thumb Code   126  utf.o(i.utf8_check_full)
    utf8_check_string                        0x08005771   Thumb Code    62  utf.o(i.utf8_check_string)
    utf8_encode                              0x080057b1   Thumb Code   120  utf.o(i.utf8_encode)
    utf8_iterate                             0x0800582d   Thumb Code    64  utf.o(i.utf8_iterate)
    __ctype_table                            0x0800588d   Data         129  ctype_o.o(.constdata)
    Region$$Table$$Base                      0x08005914   Number         0  anon$$obj.o(Region$$Table)
    Region$$Table$$Limit                     0x08005934   Number         0  anon$$obj.o(Region$$Table)
    SystemCoreClock                          0x20000000   Data           4  system_stm32f10x.o(.data)
    AHBPrescTable                            0x20000004   Data          16  system_stm32f10x.o(.data)
    RX_count                                 0x20000018   Data           2  usart.o(.data)
    hashtable_seed                           0x20000050   Data           4  hashtable_seed.o(.data)
    __stdout                                 0x20000058   Data           4  stdout.o(.data)
    __microlib_freelist                      0x2000005c   Data           4  mvars.o(.data)
    __microlib_freelist_initialised          0x20000060   Data           4  mvars.o(.data)
    rdQueue                                  0x20000064   Data        3080  usart.o(.bss)
    __heap_base                              0x20000c70   Data           0  startup_stm32f10x_hd.o(HEAP)
    __heap_limit                             0x20005c70   Data           0  startup_stm32f10x_hd.o(HEAP)
    __initial_sp                             0x20006070   Data           0  startup_stm32f10x_hd.o(STACK)



==============================================================================

Memory Map of the image

  Image Entry point : 0x08000131

  Load Region LR_IROM1 (Base: 0x08000000, Size: 0x00005998, Max: 0x00040000, ABSOLUTE)

    Execution Region ER_IROM1 (Base: 0x08000000, Size: 0x00005934, Max: 0x00040000, ABSOLUTE)

    Base Addr    Size         Type   Attr      Idx    E Section Name        Object

    0x08000000   0x00000130   Data   RO          278    RESET               startup_stm32f10x_hd.o
    0x08000130   0x00000000   Code   RO         1469  * .ARM.Collect$$$$00000000  mc_w.l(entry.o)
    0x08000130   0x00000004   Code   RO         1826    .ARM.Collect$$$$00000001  mc_w.l(entry2.o)
    0x08000134   0x00000004   Code   RO         1829    .ARM.Collect$$$$00000004  mc_w.l(entry5.o)
    0x08000138   0x00000000   Code   RO         1831    .ARM.Collect$$$$00000008  mc_w.l(entry7b.o)
    0x08000138   0x00000000   Code   RO         1833    .ARM.Collect$$$$0000000A  mc_w.l(entry8b.o)
    0x08000138   0x00000008   Code   RO         1834    .ARM.Collect$$$$0000000B  mc_w.l(entry9a.o)
    0x08000140   0x00000000   Code   RO         1836    .ARM.Collect$$$$0000000D  mc_w.l(entry10a.o)
    0x08000140   0x00000000   Code   RO         1838    .ARM.Collect$$$$0000000F  mc_w.l(entry11a.o)
    0x08000140   0x00000004   Code   RO         1827    .ARM.Collect$$$$00002712  mc_w.l(entry2.o)
    0x08000144   0x00000050   Code   RO            1    .text               main.o
    0x08000194   0x0000001a   Code   RO          139    .text               stm32f10x_it.o
    0x080001ae   0x00000002   PAD
    0x080001b0   0x000001e0   Code   RO          180    .text               system_stm32f10x.o
    0x08000390   0x00000050   Code   RO          198    .text               led.o
    0x080003e0   0x000001f4   Code   RO          210    .text               exti.o
    0x080005d4   0x000000d4   Code   RO          222    .text               delay.o
    0x080006a8   0x000002d4   Code   RO          242    .text               usart.o
    0x0800097c   0x00000024   Code   RO          279    .text               startup_stm32f10x_hd.o
    0x080009a0   0x0000035c   Code   RO          283    .text               stm32f10x_gpio.o
    0x08000cfc   0x000003a4   Code   RO          295    .text               stm32f10x_rcc.o
    0x080010a0   0x00000408   Code   RO          309    .text               stm32f10x_usart.o
    0x080014a8   0x000000dc   Code   RO          321    .text               misc.o
    0x08001584   0x0000011c   Code   RO          357    .text               stm32f10x_exti.o
    0x080016a0   0x00000a90   Code   RO          369    .text               esp8266.o
    0x08002130   0x00000006   Code   RO          384    .text               jansson_config.o
    0x08002136   0x0000002c   Code   RO         1492    .text               mc_w.l(uidiv.o)
    0x08002162   0x0000009c   Code   RO         1494    .text               mc_w.l(qsort.o)
    0x080021fe   0x00000040   Code   RO         1500    .text               mc_w.l(memmovea.o)
    0x0800223e   0x00000024   Code   RO         1504    .text               mc_w.l(strstr.o)
    0x08002262   0x00000014   Code   RO         1506    .text               mc_w.l(strchr.o)
    0x08002276   0x0000000e   Code   RO         1508    .text               mc_w.l(strlen.o)
    0x08002284   0x0000001c   Code   RO         1510    .text               mc_w.l(strcmp.o)
    0x080022a0   0x00000014   Code   RO         1512    .text               mc_w.l(memchr.o)
    0x080022b4   0x00000012   Code   RO         1516    .text               mc_w.l(strcpy.o)
    0x080022c6   0x00000004   Code   RO         1820    .text               mc_w.l(strtoll.o)
    0x080022ca   0x00000002   PAD
    0x080022cc   0x00000030   Code   RO         1824    .text               mf_w.l(cdcmple.o)
    0x080022fc   0x00000062   Code   RO         1842    .text               mc_w.l(uldiv.o)
    0x0800235e   0x00000002   PAD
    0x08002360   0x0000009c   Code   RO         1846    .text               mc_w.l(strtod.o)
    0x080023fc   0x00000090   Code   RO         1848    .text               mc_w.l(__strtoll.o)
    0x0800248c   0x00000000   Code   RO         1850    .text               mc_w.l(iusefp.o)
    0x0800248c   0x000000ba   Code   RO         1852    .text               mf_w.l(depilogue.o)
    0x08002546   0x0000014e   Code   RO         1854    .text               mf_w.l(dadd.o)
    0x08002694   0x000000e4   Code   RO         1856    .text               mf_w.l(dmul.o)
    0x08002778   0x000000de   Code   RO         1858    .text               mf_w.l(ddiv.o)
    0x08002856   0x00000030   Code   RO         1860    .text               mf_w.l(dfixul.o)
    0x08002886   0x00000002   PAD
    0x08002888   0x00000030   Code   RO         1862    .text               mf_w.l(cdrcmple.o)
    0x080028b8   0x00000024   Code   RO         1864    .text               mc_w.l(init.o)
    0x080028dc   0x0000001e   Code   RO         1866    .text               mc_w.l(llshl.o)
    0x080028fa   0x00000020   Code   RO         1868    .text               mc_w.l(llushr.o)
    0x0800291a   0x00000024   Code   RO         1870    .text               mc_w.l(llsshr.o)
    0x0800293e   0x00000002   PAD
    0x08002940   0x00000008   Code   RO         1874    .text               mc_w.l(ctype_o.o)
    0x08002948   0x00000012   Code   RO         1896    .text               mc_w.l(isspace_o.o)
    0x0800295a   0x00000002   PAD
    0x0800295c   0x00000338   Code   RO         1902    .text               mc_w.l(scanf_fp.o)
    0x08002c94   0x00000040   Code   RO         1906    .text               mc_w.l(_sgetc.o)
    0x08002cd4   0x000000c2   Code   RO         1908    .text               mc_w.l(_strtoull.o)
    0x08002d96   0x0000001c   Code   RO         1913    .text               mc_w.l(_chval.o)
    0x08002db2   0x00000018   Code   RO         1915    .text               mf_w.l(dfltul.o)
    0x08002dca   0x00000038   Code   RO         1917    .text               mf_w.l(d2f.o)
    0x08002e02   0x0000006e   Code   RO         1919    .text               mf_w.l(fepilogue.o)
    0x08002e70   0x00000020   Code   RO         1757    i.__0printf         mc_w.l(printfa.o)
    0x08002e90   0x00000028   Code   RO         1758    i.__0snprintf       mc_w.l(printfa.o)
    0x08002eb8   0x00000028   Code   RO         1759    i.__0sprintf        mc_w.l(printfa.o)
    0x08002ee0   0x00000024   Code   RO         1762    i.__0vsnprintf      mc_w.l(printfa.o)
    0x08002f04   0x0000001a   Code   RO          458    i.__ARM_common_switch8  jansson_CM3LE.lib(dump.o)
    0x08002f1e   0x00000016   Code   RO         1016    i.__ARM_isinf       jansson_CM3LE.lib(value.o)
    0x08002f34   0x00000018   Code   RO         1021    i.__ARM_isnan       jansson_CM3LE.lib(value.o)
    0x08002f4c   0x00000008   Code   RO         1813    i.__aeabi_errno_addr  mc_w.l(errno.o)
    0x08002f54   0x0000000e   Code   RO         1923    i.__scatterload_copy  mc_w.l(handlers.o)
    0x08002f62   0x00000002   Code   RO         1924    i.__scatterload_null  mc_w.l(handlers.o)
    0x08002f64   0x0000000e   Code   RO         1925    i.__scatterload_zeroinit  mc_w.l(handlers.o)
    0x08002f72   0x00000002   PAD
    0x08002f74   0x00000164   Code   RO         1764    i._fp_digits        mc_w.l(printfa.o)
    0x080030d8   0x0000000e   Code   RO         1904    i._is_digit         mc_w.l(scanf_fp.o)
    0x080030e6   0x00000002   PAD
    0x080030e8   0x000006dc   Code   RO         1765    i._printf_core      mc_w.l(printfa.o)
    0x080037c4   0x00000024   Code   RO         1766    i._printf_post_padding  mc_w.l(printfa.o)
    0x080037e8   0x0000002e   Code   RO         1767    i._printf_pre_padding  mc_w.l(printfa.o)
    0x08003816   0x00000016   Code   RO         1768    i._snputc           mc_w.l(printfa.o)
    0x0800382c   0x0000000a   Code   RO         1769    i._sputc            mc_w.l(printfa.o)
    0x08003836   0x00000018   Code   RO          670    i.array_copy        jansson_CM3LE.lib(value.o)
    0x0800384e   0x00000016   Code   RO         1120    i.bucket_is_empty   jansson_CM3LE.lib(hashtable.o)
    0x08003864   0x0000004c   Code   RO          506    i.decode_unicode_escape  jansson_CM3LE.lib(load.o)
    0x080038b0   0x00000394   Code   RO          396    i.do_dump           jansson_CM3LE.lib(dump.o)
    0x08003c44   0x00000060   Code   RO          397    i.dump_indent       jansson_CM3LE.lib(dump.o)
    0x08003ca4   0x0000014c   Code   RO          398    i.dump_string       jansson_CM3LE.lib(dump.o)
    0x08003df0   0x00000010   Code   RO          400    i.dump_to_strbuffer  jansson_CM3LE.lib(dump.o)
    0x08003e00   0x000000c0   Code   RO          507    i.error_set         jansson_CM3LE.lib(load.o)
    0x08003ec0   0x00000050   Code   RO         1785    i.free              mc_w.l(malloc.o)
    0x08003f10   0x00000144   Code   RO         1121    i.hashlittle        jansson_CM3LE.lib(hashtable.o)
    0x08004054   0x00000010   Code   RO         1123    i.hashtable_close   jansson_CM3LE.lib(hashtable.o)
    0x08004064   0x00000022   Code   RO         1125    i.hashtable_do_clear  jansson_CM3LE.lib(hashtable.o)
    0x08004086   0x00000076   Code   RO         1127    i.hashtable_do_rehash  jansson_CM3LE.lib(hashtable.o)
    0x080040fc   0x0000003c   Code   RO         1128    i.hashtable_find_pair  jansson_CM3LE.lib(hashtable.o)
    0x08004138   0x00000040   Code   RO         1129    i.hashtable_get     jansson_CM3LE.lib(hashtable.o)
    0x08004178   0x00000048   Code   RO         1130    i.hashtable_init    jansson_CM3LE.lib(hashtable.o)
    0x080041c0   0x0000000c   Code   RO         1131    i.hashtable_iter    jansson_CM3LE.lib(hashtable.o)
    0x080041cc   0x00000004   Code   RO         1133    i.hashtable_iter_key  jansson_CM3LE.lib(hashtable.o)
    0x080041d0   0x0000000e   Code   RO         1134    i.hashtable_iter_next  jansson_CM3LE.lib(hashtable.o)
    0x080041de   0x00000004   Code   RO         1135    i.hashtable_iter_serial  jansson_CM3LE.lib(hashtable.o)
    0x080041e2   0x00000004   Code   RO         1137    i.hashtable_iter_value  jansson_CM3LE.lib(hashtable.o)
    0x080041e6   0x00000002   PAD
    0x080041e8   0x000000ac   Code   RO         1138    i.hashtable_set     jansson_CM3LE.lib(hashtable.o)
    0x08004294   0x0000002a   Code   RO         1139    i.insert_to_bucket  jansson_CM3LE.lib(hashtable.o)
    0x080042be   0x00000036   Code   RO          672    i.json_array        jansson_CM3LE.lib(value.o)
    0x080042f4   0x00000048   Code   RO          673    i.json_array_append_new  jansson_CM3LE.lib(value.o)
    0x0800433c   0x0000001c   Code   RO          676    i.json_array_get    jansson_CM3LE.lib(value.o)
    0x08004358   0x0000004c   Code   RO          677    i.json_array_grow   jansson_CM3LE.lib(value.o)
    0x080043a4   0x00000012   Code   RO          681    i.json_array_size   jansson_CM3LE.lib(value.o)
    0x080043b6   0x00000018   Code   RO          508    i.json_decref       jansson_CM3LE.lib(load.o)
    0x080043ce   0x00000018   Code   RO          683    i.json_decref       jansson_CM3LE.lib(value.o)
    0x080043e6   0x00000018   Code   RO         1140    i.json_decref       jansson_CM3LE.lib(hashtable.o)
    0x080043fe   0x00000054   Code   RO          685    i.json_delete       jansson_CM3LE.lib(value.o)
    0x08004452   0x0000002a   Code   RO          401    i.json_dump_callback  jansson_CM3LE.lib(dump.o)
    0x0800447c   0x00000044   Code   RO          404    i.json_dumps        jansson_CM3LE.lib(dump.o)
    0x080044c0   0x00000008   Code   RO          687    i.json_false        jansson_CM3LE.lib(value.o)
    0x080044c8   0x00000010   Code   RO          509    i.json_incref       jansson_CM3LE.lib(load.o)
    0x080044d8   0x0000001c   Code   RO          689    i.json_integer      jansson_CM3LE.lib(value.o)
    0x080044f4   0x00000018   Code   RO          691    i.json_integer_value  jansson_CM3LE.lib(value.o)
    0x0800450c   0x00000074   Code   RO          514    i.json_loads        jansson_CM3LE.lib(load.o)
    0x08004580   0x00000008   Code   RO          692    i.json_null         jansson_CM3LE.lib(value.o)
    0x08004588   0x0000004c   Code   RO          694    i.json_object       jansson_CM3LE.lib(value.o)
    0x080045d4   0x0000001c   Code   RO          699    i.json_object_get   jansson_CM3LE.lib(value.o)
    0x080045f0   0x00000018   Code   RO          700    i.json_object_iter  jansson_CM3LE.lib(value.o)
    0x08004608   0x0000000c   Code   RO          702    i.json_object_iter_key  jansson_CM3LE.lib(value.o)
    0x08004614   0x0000001c   Code   RO          703    i.json_object_iter_next  jansson_CM3LE.lib(value.o)
    0x08004630   0x0000000c   Code   RO          705    i.json_object_iter_value  jansson_CM3LE.lib(value.o)
    0x0800463c   0x00000008   Code   RO          706    i.json_object_key_to_iter  jansson_CM3LE.lib(value.o)
    0x08004644   0x00000028   Code   RO         1447    i.json_object_seed  jansson_CM3LE.lib(hashtable_seed.o)
    0x0800466c   0x00000034   Code   RO          707    i.json_object_set_new  jansson_CM3LE.lib(value.o)
    0x080046a0   0x00000040   Code   RO          708    i.json_object_set_new_nocheck  jansson_CM3LE.lib(value.o)
    0x080046e0   0x00000012   Code   RO          710    i.json_object_size  jansson_CM3LE.lib(value.o)
    0x080046f2   0x00000034   Code   RO          714    i.json_real         jansson_CM3LE.lib(value.o)
    0x08004726   0x00000018   Code   RO          716    i.json_real_value   jansson_CM3LE.lib(value.o)
    0x0800473e   0x00000018   Code   RO          717    i.json_string       jansson_CM3LE.lib(value.o)
    0x08004756   0x00000012   Code   RO          719    i.json_string_length  jansson_CM3LE.lib(value.o)
    0x08004768   0x00000012   Code   RO          725    i.json_string_value  jansson_CM3LE.lib(value.o)
    0x0800477a   0x00000020   Code   RO          726    i.json_stringn      jansson_CM3LE.lib(value.o)
    0x0800479a   0x00000002   PAD
    0x0800479c   0x00000008   Code   RO          728    i.json_true         jansson_CM3LE.lib(value.o)
    0x080047a4   0x000000a0   Code   RO         1383    i.jsonp_dtostr      jansson_CM3LE.lib(strconv.o)
    0x08004844   0x00000022   Code   RO         1065    i.jsonp_error_init  jansson_CM3LE.lib(error.o)
    0x08004866   0x00000010   Code   RO         1066    i.jsonp_error_set   jansson_CM3LE.lib(error.o)
    0x08004876   0x00000002   PAD
    0x08004878   0x0000003c   Code   RO         1067    i.jsonp_error_set_source  jansson_CM3LE.lib(error.o)
    0x080048b4   0x0000002c   Code   RO         1068    i.jsonp_error_vset  jansson_CM3LE.lib(error.o)
    0x080048e0   0x00000010   Code   RO         1278    i.jsonp_free        jansson_CM3LE.lib(memory.o)
    0x080048f0   0x00000010   Code   RO         1279    i.jsonp_malloc      jansson_CM3LE.lib(memory.o)
    0x08004900   0x00000012   Code   RO         1280    i.jsonp_strdup      jansson_CM3LE.lib(memory.o)
    0x08004912   0x0000000a   Code   RO          729    i.jsonp_stringn_nocheck_own  jansson_CM3LE.lib(value.o)
    0x0800491c   0x00000024   Code   RO         1281    i.jsonp_strndup     jansson_CM3LE.lib(memory.o)
    0x08004940   0x00000064   Code   RO         1384    i.jsonp_strtod      jansson_CM3LE.lib(strconv.o)
    0x080049a4   0x0000001c   Code   RO          515    i.lex_close         jansson_CM3LE.lib(load.o)
    0x080049c0   0x00000012   Code   RO          516    i.lex_free_string   jansson_CM3LE.lib(load.o)
    0x080049d2   0x00000008   Code   RO          517    i.lex_get           jansson_CM3LE.lib(load.o)
    0x080049da   0x0000001e   Code   RO          518    i.lex_get_save      jansson_CM3LE.lib(load.o)
    0x080049f8   0x00000030   Code   RO          519    i.lex_init          jansson_CM3LE.lib(load.o)
    0x08004a28   0x0000000c   Code   RO          520    i.lex_save          jansson_CM3LE.lib(load.o)
    0x08004a34   0x00000138   Code   RO          521    i.lex_scan          jansson_CM3LE.lib(load.o)
    0x08004b6c   0x0000018c   Code   RO          522    i.lex_scan_number   jansson_CM3LE.lib(load.o)
    0x08004cf8   0x00000288   Code   RO          523    i.lex_scan_string   jansson_CM3LE.lib(load.o)
    0x08004f80   0x00000026   Code   RO          524    i.lex_unget_unsave  jansson_CM3LE.lib(load.o)
    0x08004fa6   0x0000000e   Code   RO         1141    i.list_insert       jansson_CM3LE.lib(hashtable.o)
    0x08004fb4   0x0000006c   Code   RO         1786    i.malloc            mc_w.l(malloc.o)
    0x08005020   0x0000000c   Code   RO          405    i.object_key_compare_keys  jansson_CM3LE.lib(dump.o)
    0x0800502c   0x0000001a   Code   RO          406    i.object_key_compare_serials  jansson_CM3LE.lib(dump.o)
    0x08005046   0x00000002   PAD
    0x08005048   0x00000094   Code   RO          525    i.parse_array       jansson_CM3LE.lib(load.o)
    0x080050dc   0x00000094   Code   RO          526    i.parse_json        jansson_CM3LE.lib(load.o)
    0x08005170   0x00000180   Code   RO          527    i.parse_object      jansson_CM3LE.lib(load.o)
    0x080052f0   0x00000140   Code   RO          528    i.parse_value       jansson_CM3LE.lib(load.o)
    0x08005430   0x0000000c   Code   RO         1324    i.strbuffer_append_byte  jansson_CM3LE.lib(strbuffer.o)
    0x0800543c   0x00000070   Code   RO         1325    i.strbuffer_append_bytes  jansson_CM3LE.lib(strbuffer.o)
    0x080054ac   0x0000000a   Code   RO         1326    i.strbuffer_clear   jansson_CM3LE.lib(strbuffer.o)
    0x080054b6   0x00000018   Code   RO         1327    i.strbuffer_close   jansson_CM3LE.lib(strbuffer.o)
    0x080054ce   0x00000022   Code   RO         1328    i.strbuffer_init    jansson_CM3LE.lib(strbuffer.o)
    0x080054f0   0x00000018   Code   RO         1329    i.strbuffer_pop     jansson_CM3LE.lib(strbuffer.o)
    0x08005508   0x00000004   Code   RO         1331    i.strbuffer_value   jansson_CM3LE.lib(strbuffer.o)
    0x0800550c   0x000000e4   Code   RO          529    i.stream_get        jansson_CM3LE.lib(load.o)
    0x080055f0   0x0000004a   Code   RO          530    i.stream_unget      jansson_CM3LE.lib(load.o)
    0x0800563a   0x0000003e   Code   RO          730    i.string_create     jansson_CM3LE.lib(value.o)
    0x08005678   0x00000018   Code   RO          531    i.string_get        jansson_CM3LE.lib(load.o)
    0x08005690   0x0000001c   Code   RO         1466    i.strtod            m_ws.l(strtod.o)
    0x080056ac   0x0000003c   Code   RO         1411    i.utf8_check_first  jansson_CM3LE.lib(utf.o)
    0x080056e8   0x00000088   Code   RO         1412    i.utf8_check_full   jansson_CM3LE.lib(utf.o)
    0x08005770   0x0000003e   Code   RO         1413    i.utf8_check_string  jansson_CM3LE.lib(utf.o)
    0x080057ae   0x00000002   PAD
    0x080057b0   0x0000007c   Code   RO         1414    i.utf8_encode       jansson_CM3LE.lib(utf.o)
    0x0800582c   0x00000040   Code   RO         1415    i.utf8_iterate      jansson_CM3LE.lib(utf.o)
    0x0800586c   0x00000021   Data   RO          407    .constdata          jansson_CM3LE.lib(dump.o)
    0x0800588d   0x00000081   Data   RO         1875    .constdata          mc_w.l(ctype_o.o)
    0x0800590e   0x00000002   PAD
    0x08005910   0x00000004   Data   RO         1876    .constdata          mc_w.l(ctype_o.o)
    0x08005914   0x00000020   Data   RO         1921    Region$$Table       anon$$obj.o


    Execution Region RW_IRAM1 (Base: 0x20000000, Size: 0x00006070, Max: 0x0000c000, ABSOLUTE)

    Base Addr    Size         Type   Attr      Idx    E Section Name        Object

    0x20000000   0x00000014   Data   RW          181    .data               system_stm32f10x.o
    0x20000014   0x00000004   Data   RW          223    .data               delay.o
    0x20000018   0x00000002   Data   RW          244    .data               usart.o
    0x2000001a   0x00000014   Data   RW          296    .data               stm32f10x_rcc.o
    0x2000002e   0x00000002   PAD
    0x20000030   0x00000018   Data   RW          731    .data               jansson_CM3LE.lib(value.o)
    0x20000048   0x00000008   Data   RW         1282    .data               jansson_CM3LE.lib(memory.o)
    0x20000050   0x00000004   Data   RW         1448    .data               jansson_CM3LE.lib(hashtable_seed.o)
    0x20000054   0x00000004   Data   RW         1816    .data               mc_w.l(errno.o)
    0x20000058   0x00000004   Data   RW         1841    .data               mc_w.l(stdout.o)
    0x2000005c   0x00000004   Data   RW         1844    .data               mc_w.l(mvars.o)
    0x20000060   0x00000004   Data   RW         1845    .data               mc_w.l(mvars.o)
    0x20000064   0x00000c08   Zero   RW          243    .bss                usart.o
    0x20000c6c   0x00000004   PAD
    0x20000c70   0x00005000   Zero   RW          277    HEAP                startup_stm32f10x_hd.o
    0x20005c70   0x00000400   Zero   RW          276    STACK               startup_stm32f10x_hd.o


==============================================================================

Image component sizes


      Code (inc. data)   RO Data    RW Data    ZI Data      Debug   Object Name

         0          0          0          0          0         32   core_cm3.o
       212         18          0          4          0       1015   delay.o
      2704        888          0          0          0       8668   esp8266.o
       500         50          0          0          0       1263   exti.o
         6          0          0          0          0        870   jansson_config.o
        80          8          0          0          0        483   led.o
        80         20          0          0          0     236755   main.o
       220         22          0          0          0       1785   misc.o
        36          8        304          0      21504        784   startup_stm32f10x_hd.o
       284         10          0          0          0       2239   stm32f10x_exti.o
       860         38          0          0          0       5717   stm32f10x_gpio.o
        26          0          0          0          0       1170   stm32f10x_it.o
       932         36          0         20          0       8884   stm32f10x_rcc.o
      1032         22          0          0          0       8440   stm32f10x_usart.o
       480         38          0         20          0       1715   system_stm32f10x.o
       724         24          0          2       3080       4235   usart.o

    ----------------------------------------------------------------------
      8178       1182        336         48      24588     284055   Object Totals
         0          0         32          0          0          0   (incl. Generated)
         2          0          0          2          4          0   (incl. Padding)

    ----------------------------------------------------------------------

      Code (inc. data)   RO Data    RW Data    ZI Data      Debug   Library Member Name

      1534        162         33          0          0      17721   dump.o
       154          4          0          0          0       6477   error.o
      1000         32          0          0          0      17697   hashtable.o
        40          6          0          4          0       1280   hashtable_seed.o
      3288        680          0          0          0      19565   load.o
        86          8          0          8          0       6121   memory.o
       220          4          0          0          0       4432   strbuffer.o
       260         20          0          0          0       1934   strconv.o
       446         14          0          0          0       3830   utf.o
      1064         32          0         24          0      26843   value.o
        28          0          0          0          0         80   strtod.o
       144          0          0          0          0         88   __strtoll.o
        28          0          0          0          0         68   _chval.o
        64          0          0          0          0         84   _sgetc.o
       194          0          0          0          0         96   _strtoull.o
         8          4        133          0          0         68   ctype_o.o
         0          0          0          0          0          0   entry.o
         0          0          0          0          0          0   entry10a.o
         0          0          0          0          0          0   entry11a.o
         8          4          0          0          0          0   entry2.o
         4          0          0          0          0          0   entry5.o
         0          0          0          0          0          0   entry7b.o
         0          0          0          0          0          0   entry8b.o
         8          4          0          0          0          0   entry9a.o
         8          4          0          4          0         68   errno.o
        30          0          0          0          0          0   handlers.o
        36          8          0          0          0         68   init.o
        18          0          0          0          0         76   isspace_o.o
         0          0          0          0          0          0   iusefp.o
        30          0          0          0          0         68   llshl.o
        36          0          0          0          0         68   llsshr.o
        32          0          0          0          0         68   llushr.o
       188         20          0          0          0        160   malloc.o
        20          0          0          0          0         68   memchr.o
        64          0          0          0          0         76   memmovea.o
         0          0          0          8          0          0   mvars.o
      2374        104          0          0          0        828   printfa.o
       156          0          0          0          0         88   qsort.o
       838         12          0          0          0        216   scanf_fp.o
         0          0          0          4          0          0   stdout.o
        20          0          0          0          0         68   strchr.o
        28          0          0          0          0         76   strcmp.o
        18          0          0          0          0         68   strcpy.o
        14          0          0          0          0         68   strlen.o
        36          0          0          0          0         80   strstr.o
       156         14          0          0          0        120   strtod.o
         4          0          0          0          0         68   strtoll.o
        44          0          0          0          0         80   uidiv.o
        98          0          0          0          0         92   uldiv.o
        48          0          0          0          0         68   cdcmple.o
        48          0          0          0          0         68   cdrcmple.o
        56          0          0          0          0         88   d2f.o
       334          0          0          0          0        148   dadd.o
       222          0          0          0          0        100   ddiv.o
       186          0          0          0          0        176   depilogue.o
        48          0          0          0          0         68   dfixul.o
        24          0          0          0          0         76   dfltul.o
       228          0          0          0          0         96   dmul.o
       110          0          0          0          0        168   fepilogue.o

    ----------------------------------------------------------------------
     14154       1136        168         52          0     110012   Library Totals
        24          0          2          0          0          0   (incl. Padding)

    ----------------------------------------------------------------------

      Code (inc. data)   RO Data    RW Data    ZI Data      Debug   Library Name

      8092        962         33         36          0     105900   jansson_CM3LE.lib
        28          0          0          0          0         80   m_ws.l
      4706        174        133         16          0       2976   mc_w.l
      1304          0          0          0          0       1056   mf_w.l

    ----------------------------------------------------------------------
     14154       1136        168         52          0     110012   Library Totals

    ----------------------------------------------------------------------

==============================================================================


      Code (inc. data)   RO Data    RW Data    ZI Data      Debug   

     22332       2318        504        100      24588     386475   Grand Totals
     22332       2318        504        100      24588     386475   ELF Image Totals
     22332       2318        504        100          0          0   ROM Totals

==============================================================================

    Total RO  Size (Code + RO Data)                22836 (  22.30kB)
    Total RW  Size (RW Data + ZI Data)             24688 (  24.11kB)
    Total ROM Size (Code + RO Data + RW Data)      22936 (  22.40kB)

==============================================================================

